ros2 launch tb3_nav_task trial.launch.py world:=cluttered strategy:=vfh gui:=false trial_id:=A_cluttered_vfh_default_s0 plan:=A variant:=0 start_x:=-2.9 start_y:=-2.0 start_yaw:=0.0 nav_params:={} results_dir:=/home/qms/vm-share/task02/results timeout:=200.0 verbose:=1
[INFO] [launch]: All log files can be found below /home/qms/.ros/log/2026-09-28-05-03-38-359810-qms-36648
[INFO] [launch]: Default logging verbosity is set to INFO
urdf_file_name : turtlebot3_burger.urdf
[INFO] [gazebo-1]: process started with pid [36663]
[INFO] [create-2]: process started with pid [36664]
[INFO] [parameter_bridge-3]: process started with pid [36666]
[INFO] [parameter_bridge-4]: process started with pid [36667]
[INFO] [robot_state_publisher-5]: process started with pid [36668]
[INFO] [trial_monitor-6]: process started with pid [36669]
[robot_state_publisher-5] [INFO] [1790525019.091870713] [robot_state_publisher]: Robot initialized
[create-2] [INFO] [1790525019.119079940] [ros_gz_sim]: Requesting list of world names.
[parameter_bridge-4] [INFO] [1790525019.150445532] [ground_truth_bridge]: Creating GZ->ROS Bridge: [/model/burger/pose (gz.msgs.Pose) -> /model/burger/pose (geometry_msgs/msg/PoseStamped)] (Lazy 0)
[create-2] [INFO] [1790525019.828596393] [ros_gz_sim]: Entity creation successful.
[INFO] [create-2]: process has finished cleanly [pid 36664]
[trial_monitor-6] [INFO] [1790525020.072295377] [trial_monitor]: monitoring trial A_cluttered_vfh_default_s0 in cluttered, timeout 200 s sim
[parameter_bridge-3] [INFO] [1790525020.174909094] [tb3_bridge]: Creating GZ->ROS Bridge: [clock (gz.msgs.Clock) -> clock (rosgraph_msgs/msg/Clock)] (Lazy 0)
[parameter_bridge-3] [INFO] [1790525020.176888837] [tb3_bridge]: Creating GZ->ROS Bridge: [joint_states (gz.msgs.Model) -> joint_states (sensor_msgs/msg/JointState)] (Lazy 0)
[parameter_bridge-3] [INFO] [1790525020.179065125] [tb3_bridge]: Creating GZ->ROS Bridge: [odom (gz.msgs.Odometry) -> odom (nav_msgs/msg/Odometry)] (Lazy 0)
[parameter_bridge-3] [INFO] [1790525020.180625902] [tb3_bridge]: Creating GZ->ROS Bridge: [tf (gz.msgs.Pose_V) -> tf (tf2_msgs/msg/TFMessage)] (Lazy 0)
[parameter_bridge-3] [INFO] [1790525020.182796149] [tb3_bridge]: Creating ROS->GZ Bridge: [cmd_vel (geometry_msgs/msg/TwistStamped) -> cmd_vel (gz.msgs.Twist)] (Lazy 0)
[parameter_bridge-3] [INFO] [1790525020.183724790] [tb3_bridge]: Creating GZ->ROS Bridge: [imu (gz.msgs.IMU) -> imu (sensor_msgs/msg/Imu)] (Lazy 0)
[parameter_bridge-3] [INFO] [1790525020.184317259] [tb3_bridge]: Creating GZ->ROS Bridge: [scan (gz.msgs.LaserScan) -> scan (sensor_msgs/msg/LaserScan)] (Lazy 0)
[gazebo-1] [1;33mWarning [Utils.cc:132][0m [/sdf/model[@name="turtlebot3_burger"]/link[@name="base_scan"]/sensor[@name="hls_lfcd_lds"]/gz_frame_id:/tmp/tb3_nav_task_burger.sdf:L126]: XML Element[gz_frame_id], child of element[sensor], not defined in SDF. Copying[gz_frame_id] as children of [sensor].
[gazebo-1] libEGL warning: Not allowed to force software rendering when API explicitly selects a hardware device.
[INFO] [navigator-7]: process started with pid [36816]
[navigator-7] [INFO] [1790525022.966765555] [navigator]: navigator: strategy=vfh localization=odom_imu shaping=True params={'v_max': 0.18, 'w_max': 1.5, 'safety': 0.12, 'lookahead': 1.0, 'bin_deg': 5.0, 'k_w': 2.0, 'w_goal': 1.0, 'w_turn': 0.25, 'w_prev': 0.25, 'slow_dist': 0.6, 'stop_dist': 0.1, 'goal_tol': 0.2} start=(-2.9, -2.0, 0.0) goal=(2.9, 2.0)
[navigator-7] [INFO] [1790525022.987637463] [navigator]: publishing TwistStamped on /cmd_vel
[parameter_bridge-3] [INFO] [1790525022.988402309] [tb3_bridge]: Passing message from ROS geometry_msgs/msg/TwistStamped to Gazebo gz.msgs.Twist (showing msg only once per type)
[navigator-7] [INFO] [1790525023.112831861] [navigator]: WAITING -> GO_GOAL  pose=(-2.90,-2.00,-0deg) goal_dist=7.05
[trial_monitor-6] [INFO] [1790525023.719447891] [trial_monitor]: trial started (first active control cycle)
[navigator-7] [INFO] [1790525024.938424163] [navigator]: GO_GOAL -> AVOID  pose=(-2.66,-1.90,38deg) goal_dist=6.80
[navigator-7] [INFO] [1790525027.538742265] [navigator]: AVOID -> GO_GOAL  pose=(-2.26,-1.68,27deg) goal_dist=6.34
[navigator-7] [INFO] [1790525027.692627115] [navigator]: GO_GOAL -> AVOID  pose=(-2.23,-1.67,28deg) goal_dist=6.30
[navigator-7] [INFO] [1790525029.142419216] [navigator]: AVOID -> GO_GOAL  pose=(-2.00,-1.54,29deg) goal_dist=6.05
[navigator-7] [INFO] [1790525029.292837626] [navigator]: GO_GOAL -> AVOID  pose=(-1.97,-1.53,30deg) goal_dist=6.02
[navigator-7] [INFO] [1790525029.392677157] [navigator]: AVOID -> GO_GOAL  pose=(-1.96,-1.52,31deg) goal_dist=6.00
[navigator-7] [INFO] [1790525029.992756522] [navigator]: GO_GOAL -> AVOID  pose=(-1.87,-1.46,31deg) goal_dist=5.89
[navigator-7] [INFO] [1790525030.535672552] [navigator]: AVOID -> GO_GOAL  pose=(-1.79,-1.41,31deg) goal_dist=5.80
[navigator-7] [INFO] [1790525030.892441801] [navigator]: GO_GOAL -> AVOID  pose=(-1.73,-1.38,34deg) goal_dist=5.73
[navigator-7] [INFO] [1790525031.092581324] [navigator]: AVOID -> GO_GOAL  pose=(-1.70,-1.36,35deg) goal_dist=5.69
[navigator-7] [INFO] [1790525062.173790894] [navigator]: GO_GOAL -> REACHED  pose=(2.76,1.87,42deg) goal_dist=0.19
[trial_monitor-6] [INFO] [1790525062.329886752] [trial_monitor]: RESULT REACHED: success=True time=38.1s path=6.81m collisions=0 min_clear=0.142m goal_err=0.209m est_err=0.023m odom_err=1.070m rtf=0.989
[INFO] [trial_monitor-6]: process has finished cleanly [pid 36669]
[INFO] [navigator-7]: sending signal 'SIGINT' to process[navigator-7]
[INFO] [robot_state_publisher-5]: sending signal 'SIGINT' to process[robot_state_publisher-5]
[INFO] [parameter_bridge-4]: sending signal 'SIGINT' to process[parameter_bridge-4]
[INFO] [parameter_bridge-3]: sending signal 'SIGINT' to process[parameter_bridge-3]
[INFO] [gazebo-1]: sending signal 'SIGINT' to process[gazebo-1]
[robot_state_publisher-5] [INFO] [1790525062.587874549] [rclcpp]: signal_handler(SIGINT/SIGTERM)
[parameter_bridge-4] [INFO] [1790525062.595909602] [rclcpp]: signal_handler(SIGINT/SIGTERM)
[parameter_bridge-3] [INFO] [1790525062.597316000] [rclcpp]: signal_handler(SIGINT/SIGTERM)
[INFO] [parameter_bridge-4]: process has finished cleanly [pid 36667]
[INFO] [parameter_bridge-3]: process has finished cleanly [pid 36666]
[INFO] [navigator-7]: process has finished cleanly [pid 36816]
[INFO] [robot_state_publisher-5]: process has finished cleanly [pid 36668]
[ERROR] [gazebo-1]: process[gazebo-1] failed to terminate '5' seconds after receiving 'SIGINT', escalating to 'SIGTERM'
[INFO] [gazebo-1]: sending signal 'SIGTERM' to process[gazebo-1]
[ERROR] [gazebo-1]: process has died [pid 36663, exit code -15, cmd 'ruby /opt/ros/jazzy/opt/gz_tools_vendor/bin/gz sim -r -s -v1 /home/qms/ros_ws/install/tb3_nav_task/share/tb3_nav_task/worlds/cluttered.sdf --force-version 8'].
[INFO] [launch]: process[gazebo-1] was required: shutting down launched system
