ros2 launch tb3_nav_task trial.launch.py world:=cluttered strategy:=vfh gui:=false trial_id:=A_cluttered_vfh_default_s2 plan:=A variant:=2 start_x:=-2.882 start_y:=-2.077 start_yaw:=-0.273 nav_params:={} results_dir:=/home/qms/vm-share/task02/results timeout:=200.0 verbose:=1
[INFO] [launch]: All log files can be found below /home/qms/.ros/log/2026-09-28-05-05-23-582796-qms-37137
[INFO] [launch]: Default logging verbosity is set to INFO
urdf_file_name : turtlebot3_burger.urdf
[INFO] [gazebo-1]: process started with pid [37140]
[INFO] [create-2]: process started with pid [37141]
[INFO] [parameter_bridge-3]: process started with pid [37143]
[INFO] [parameter_bridge-4]: process started with pid [37144]
[INFO] [robot_state_publisher-5]: process started with pid [37145]
[INFO] [trial_monitor-6]: process started with pid [37146]
[create-2] [INFO] [1790525124.048426493] [ros_gz_sim]: Requesting list of world names.
[robot_state_publisher-5] [INFO] [1790525124.058228402] [robot_state_publisher]: Robot initialized
[parameter_bridge-4] [INFO] [1790525124.105013119] [ground_truth_bridge]: Creating GZ->ROS Bridge: [/model/burger/pose (gz.msgs.Pose) -> /model/burger/pose (geometry_msgs/msg/PoseStamped)] (Lazy 0)
[create-2] [INFO] [1790525124.607757360] [ros_gz_sim]: Entity creation successful.
[INFO] [create-2]: process has finished cleanly [pid 37141]
[trial_monitor-6] [INFO] [1790525124.842441127] [trial_monitor]: monitoring trial A_cluttered_vfh_default_s2 in cluttered, timeout 200 s sim
[parameter_bridge-3] [INFO] [1790525125.095943489] [tb3_bridge]: Creating GZ->ROS Bridge: [clock (gz.msgs.Clock) -> clock (rosgraph_msgs/msg/Clock)] (Lazy 0)
[parameter_bridge-3] [INFO] [1790525125.098287068] [tb3_bridge]: Creating GZ->ROS Bridge: [joint_states (gz.msgs.Model) -> joint_states (sensor_msgs/msg/JointState)] (Lazy 0)
[parameter_bridge-3] [INFO] [1790525125.101196366] [tb3_bridge]: Creating GZ->ROS Bridge: [odom (gz.msgs.Odometry) -> odom (nav_msgs/msg/Odometry)] (Lazy 0)
[parameter_bridge-3] [INFO] [1790525125.103021395] [tb3_bridge]: Creating GZ->ROS Bridge: [tf (gz.msgs.Pose_V) -> tf (tf2_msgs/msg/TFMessage)] (Lazy 0)
[parameter_bridge-3] [INFO] [1790525125.104776840] [tb3_bridge]: Creating ROS->GZ Bridge: [cmd_vel (geometry_msgs/msg/TwistStamped) -> cmd_vel (gz.msgs.Twist)] (Lazy 0)
[parameter_bridge-3] [INFO] [1790525125.106250781] [tb3_bridge]: Creating GZ->ROS Bridge: [imu (gz.msgs.IMU) -> imu (sensor_msgs/msg/Imu)] (Lazy 0)
[parameter_bridge-3] [INFO] [1790525125.107123795] [tb3_bridge]: Creating GZ->ROS Bridge: [scan (gz.msgs.LaserScan) -> scan (sensor_msgs/msg/LaserScan)] (Lazy 0)
[gazebo-1] [1;33mWarning [Utils.cc:132][0m [/sdf/model[@name="turtlebot3_burger"]/link[@name="base_scan"]/sensor[@name="hls_lfcd_lds"]/gz_frame_id:/tmp/tb3_nav_task_burger.sdf:L126]: XML Element[gz_frame_id], child of element[sensor], not defined in SDF. Copying[gz_frame_id] as children of [sensor].
[gazebo-1] libEGL warning: Not allowed to force software rendering when API explicitly selects a hardware device.
[INFO] [navigator-7]: process started with pid [37325]
[navigator-7] [INFO] [1790525127.805251723] [navigator]: navigator: strategy=vfh localization=odom_imu shaping=True params={'v_max': 0.18, 'w_max': 1.5, 'safety': 0.12, 'lookahead': 1.0, 'bin_deg': 5.0, 'k_w': 2.0, 'w_goal': 1.0, 'w_turn': 0.25, 'w_prev': 0.25, 'slow_dist': 0.6, 'stop_dist': 0.1, 'goal_tol': 0.2} start=(-2.882, -2.077, -0.273) goal=(2.9, 2.0)
[navigator-7] [INFO] [1790525130.815343233] [navigator]: publishing TwistStamped on /cmd_vel
[parameter_bridge-3] [INFO] [1790525131.112576076] [tb3_bridge]: Passing message from ROS geometry_msgs/msg/TwistStamped to Gazebo gz.msgs.Twist (showing msg only once per type)
[navigator-7] [INFO] [1790525131.115480707] [navigator]: WAITING -> GO_GOAL  pose=(-2.88,-2.08,-16deg) goal_dist=7.07
[trial_monitor-6] [INFO] [1790525131.133239035] [trial_monitor]: trial started (first active control cycle)
[navigator-7] [INFO] [1790525133.919298572] [navigator]: GO_GOAL -> AVOID  pose=(-2.54,-1.91,36deg) goal_dist=6.70
[navigator-7] [INFO] [1790525134.273951830] [navigator]: AVOID -> GO_GOAL  pose=(-2.48,-1.88,32deg) goal_dist=6.63
[navigator-7] [INFO] [1790525134.373890773] [navigator]: GO_GOAL -> AVOID  pose=(-2.46,-1.87,31deg) goal_dist=6.61
[navigator-7] [INFO] [1790525135.523455791] [navigator]: AVOID -> GO_GOAL  pose=(-2.29,-1.77,30deg) goal_dist=6.41
[navigator-7] [INFO] [1790525170.122115464] [navigator]: GO_GOAL -> REACHED  pose=(2.76,1.87,41deg) goal_dist=0.19
[trial_monitor-6] [INFO] [1790525170.266682446] [trial_monitor]: RESULT REACHED: success=True time=39.1s path=6.87m collisions=0 min_clear=0.147m goal_err=0.218m est_err=0.039m odom_err=2.735m rtf=1.0
[INFO] [trial_monitor-6]: process has finished cleanly [pid 37146]
[INFO] [navigator-7]: sending signal 'SIGINT' to process[navigator-7]
[INFO] [robot_state_publisher-5]: sending signal 'SIGINT' to process[robot_state_publisher-5]
[INFO] [parameter_bridge-4]: sending signal 'SIGINT' to process[parameter_bridge-4]
[INFO] [parameter_bridge-3]: sending signal 'SIGINT' to process[parameter_bridge-3]
[INFO] [gazebo-1]: sending signal 'SIGINT' to process[gazebo-1]
[robot_state_publisher-5] [INFO] [1790525170.411601725] [rclcpp]: signal_handler(SIGINT/SIGTERM)
[parameter_bridge-4] [INFO] [1790525170.415287741] [rclcpp]: signal_handler(SIGINT/SIGTERM)
[parameter_bridge-3] [INFO] [1790525170.418441958] [rclcpp]: signal_handler(SIGINT/SIGTERM)
[INFO] [parameter_bridge-4]: process has finished cleanly [pid 37144]
[INFO] [robot_state_publisher-5]: process has finished cleanly [pid 37145]
[INFO] [parameter_bridge-3]: process has finished cleanly [pid 37143]
[INFO] [navigator-7]: process has finished cleanly [pid 37325]
[ERROR] [gazebo-1]: process[gazebo-1] failed to terminate '5' seconds after receiving 'SIGINT', escalating to 'SIGTERM'
[INFO] [gazebo-1]: sending signal 'SIGTERM' to process[gazebo-1]
[ERROR] [gazebo-1]: process has died [pid 37140, exit code -15, cmd 'ruby /opt/ros/jazzy/opt/gz_tools_vendor/bin/gz sim -r -s -v1 /home/qms/ros_ws/install/tb3_nav_task/share/tb3_nav_task/worlds/cluttered.sdf --force-version 8'].
[INFO] [launch]: process[gazebo-1] was required: shutting down launched system
