ros2 launch tb3_nav_task trial.launch.py world:=cluttered strategy:=vfh gui:=false trial_id:=A_cluttered_vfh_default_s1 plan:=A variant:=1 start_x:=-2.904 start_y:=-2.054 start_yaw:=0.118 nav_params:={} results_dir:=/home/qms/vm-share/task02/results timeout:=200.0 verbose:=1
[INFO] [launch]: All log files can be found below /home/qms/.ros/log/2026-09-28-05-04-31-304251-qms-36881
[INFO] [launch]: Default logging verbosity is set to INFO
urdf_file_name : turtlebot3_burger.urdf
[INFO] [gazebo-1]: process started with pid [36884]
[INFO] [create-2]: process started with pid [36885]
[INFO] [parameter_bridge-3]: process started with pid [36886]
[INFO] [parameter_bridge-4]: process started with pid [36888]
[INFO] [robot_state_publisher-5]: process started with pid [36889]
[INFO] [trial_monitor-6]: process started with pid [36890]
[robot_state_publisher-5] [INFO] [1790525071.810815100] [robot_state_publisher]: Robot initialized
[create-2] [INFO] [1790525071.823960446] [ros_gz_sim]: Requesting list of world names.
[parameter_bridge-4] [INFO] [1790525071.857546512] [ground_truth_bridge]: Creating GZ->ROS Bridge: [/model/burger/pose (gz.msgs.Pose) -> /model/burger/pose (geometry_msgs/msg/PoseStamped)] (Lazy 0)
[create-2] [INFO] [1790525072.379660811] [ros_gz_sim]: Entity creation successful.
[INFO] [create-2]: process has finished cleanly [pid 36885]
[trial_monitor-6] [INFO] [1790525072.567095760] [trial_monitor]: monitoring trial A_cluttered_vfh_default_s1 in cluttered, timeout 200 s sim
[parameter_bridge-3] [INFO] [1790525072.844913983] [tb3_bridge]: Creating GZ->ROS Bridge: [clock (gz.msgs.Clock) -> clock (rosgraph_msgs/msg/Clock)] (Lazy 0)
[parameter_bridge-3] [INFO] [1790525072.846363674] [tb3_bridge]: Creating GZ->ROS Bridge: [joint_states (gz.msgs.Model) -> joint_states (sensor_msgs/msg/JointState)] (Lazy 0)
[parameter_bridge-3] [INFO] [1790525072.849029011] [tb3_bridge]: Creating GZ->ROS Bridge: [odom (gz.msgs.Odometry) -> odom (nav_msgs/msg/Odometry)] (Lazy 0)
[parameter_bridge-3] [INFO] [1790525072.850831833] [tb3_bridge]: Creating GZ->ROS Bridge: [tf (gz.msgs.Pose_V) -> tf (tf2_msgs/msg/TFMessage)] (Lazy 0)
[parameter_bridge-3] [INFO] [1790525072.852412943] [tb3_bridge]: Creating ROS->GZ Bridge: [cmd_vel (geometry_msgs/msg/TwistStamped) -> cmd_vel (gz.msgs.Twist)] (Lazy 0)
[parameter_bridge-3] [INFO] [1790525072.853376750] [tb3_bridge]: Creating GZ->ROS Bridge: [imu (gz.msgs.IMU) -> imu (sensor_msgs/msg/Imu)] (Lazy 0)
[parameter_bridge-3] [INFO] [1790525072.853964844] [tb3_bridge]: Creating GZ->ROS Bridge: [scan (gz.msgs.LaserScan) -> scan (sensor_msgs/msg/LaserScan)] (Lazy 0)
[gazebo-1] [1;33mWarning [Utils.cc:132][0m [/sdf/model[@name="turtlebot3_burger"]/link[@name="base_scan"]/sensor[@name="hls_lfcd_lds"]/gz_frame_id:/tmp/tb3_nav_task_burger.sdf:L126]: XML Element[gz_frame_id], child of element[sensor], not defined in SDF. Copying[gz_frame_id] as children of [sensor].
[gazebo-1] libEGL warning: Not allowed to force software rendering when API explicitly selects a hardware device.
[INFO] [navigator-7]: process started with pid [37069]
[navigator-7] [INFO] [1790525075.556381191] [navigator]: navigator: strategy=vfh localization=odom_imu shaping=True params={'v_max': 0.18, 'w_max': 1.5, 'safety': 0.12, 'lookahead': 1.0, 'bin_deg': 5.0, 'k_w': 2.0, 'w_goal': 1.0, 'w_turn': 0.25, 'w_prev': 0.25, 'slow_dist': 0.6, 'stop_dist': 0.1, 'goal_tol': 0.2} start=(-2.904, -2.054, 0.118) goal=(2.9, 2.0)
[navigator-7] [INFO] [1790525075.952897648] [navigator]: publishing TwistStamped on /cmd_vel
[parameter_bridge-3] [INFO] [1790525075.953444157] [tb3_bridge]: Passing message from ROS geometry_msgs/msg/TwistStamped to Gazebo gz.msgs.Twist (showing msg only once per type)
[navigator-7] [INFO] [1790525076.013452416] [navigator]: WAITING -> GO_GOAL  pose=(-2.90,-2.05,7deg) goal_dist=7.08
[trial_monitor-6] [INFO] [1790525076.227283049] [trial_monitor]: trial started (first active control cycle)
[navigator-7] [INFO] [1790525078.059699108] [navigator]: GO_GOAL -> AVOID  pose=(-2.63,-1.92,35deg) goal_dist=6.77
[navigator-7] [INFO] [1790525078.411724512] [navigator]: AVOID -> GO_GOAL  pose=(-2.57,-1.88,31deg) goal_dist=6.70
[navigator-7] [INFO] [1790525078.511870442] [navigator]: GO_GOAL -> AVOID  pose=(-2.55,-1.87,30deg) goal_dist=6.68
[navigator-7] [INFO] [1790525080.655605037] [navigator]: AVOID -> GO_GOAL  pose=(-2.22,-1.68,29deg) goal_dist=6.31
[navigator-7] [INFO] [1790525080.811462731] [navigator]: GO_GOAL -> AVOID  pose=(-2.19,-1.66,30deg) goal_dist=6.27
[navigator-7] [INFO] [1790525081.678270157] [navigator]: AVOID -> GO_GOAL  pose=(-2.07,-1.59,31deg) goal_dist=6.13
[navigator-7] [INFO] [1790525114.680514564] [navigator]: GO_GOAL -> REACHED  pose=(2.76,1.86,40deg) goal_dist=0.20
[trial_monitor-6] [INFO] [1790525114.814510337] [trial_monitor]: RESULT REACHED: success=True time=38.5s path=6.87m collisions=0 min_clear=0.143m goal_err=0.212m est_err=0.015m odom_err=0.844m rtf=0.999
[INFO] [trial_monitor-6]: process has finished cleanly [pid 36890]
[INFO] [navigator-7]: sending signal 'SIGINT' to process[navigator-7]
[INFO] [robot_state_publisher-5]: sending signal 'SIGINT' to process[robot_state_publisher-5]
[INFO] [parameter_bridge-4]: sending signal 'SIGINT' to process[parameter_bridge-4]
[INFO] [parameter_bridge-3]: sending signal 'SIGINT' to process[parameter_bridge-3]
[INFO] [gazebo-1]: sending signal 'SIGINT' to process[gazebo-1]
[robot_state_publisher-5] [INFO] [1790525114.961629200] [rclcpp]: signal_handler(SIGINT/SIGTERM)
[parameter_bridge-4] [INFO] [1790525114.965433137] [rclcpp]: signal_handler(SIGINT/SIGTERM)
[parameter_bridge-3] [INFO] [1790525114.967815426] [rclcpp]: signal_handler(SIGINT/SIGTERM)
[INFO] [robot_state_publisher-5]: process has finished cleanly [pid 36889]
[INFO] [parameter_bridge-4]: process has finished cleanly [pid 36888]
[INFO] [parameter_bridge-3]: process has finished cleanly [pid 36886]
[INFO] [navigator-7]: process has finished cleanly [pid 37069]
[ERROR] [gazebo-1]: process[gazebo-1] failed to terminate '5' seconds after receiving 'SIGINT', escalating to 'SIGTERM'
[INFO] [gazebo-1]: sending signal 'SIGTERM' to process[gazebo-1]
[ERROR] [gazebo-1]: process has died [pid 36884, exit code -15, cmd 'ruby /opt/ros/jazzy/opt/gz_tools_vendor/bin/gz sim -r -s -v1 /home/qms/ros_ws/install/tb3_nav_task/share/tb3_nav_task/worlds/cluttered.sdf --force-version 8'].
[INFO] [launch]: process[gazebo-1] was required: shutting down launched system
