ros2 launch tb3_nav_task trial.launch.py world:=open_field strategy:=vfh gui:=false trial_id:=A_open_field_vfh_default_s1 plan:=A variant:=1 start_x:=-2.797 start_y:=-1.748 start_yaw:=0.302 nav_params:={} results_dir:=/home/qms/vm-share/task02/results timeout:=200.0 verbose:=1
[INFO] [launch]: All log files can be found below /home/qms/.ros/log/2026-09-28-04-53-13-077843-qms-34907
[INFO] [launch]: Default logging verbosity is set to INFO
urdf_file_name : turtlebot3_burger.urdf
[INFO] [gazebo-1]: process started with pid [34922]
[INFO] [create-2]: process started with pid [34924]
[INFO] [parameter_bridge-3]: process started with pid [34925]
[INFO] [parameter_bridge-4]: process started with pid [34926]
[INFO] [robot_state_publisher-5]: process started with pid [34927]
[INFO] [trial_monitor-6]: process started with pid [34928]
[robot_state_publisher-5] [INFO] [1790524393.806699891] [robot_state_publisher]: Robot initialized
[parameter_bridge-4] [INFO] [1790524393.812826103] [ground_truth_bridge]: Creating GZ->ROS Bridge: [/model/burger/pose (gz.msgs.Pose) -> /model/burger/pose (geometry_msgs/msg/PoseStamped)] (Lazy 0)
[create-2] [INFO] [1790524393.813602713] [ros_gz_sim]: Requesting list of world names.
[create-2] [INFO] [1790524394.354368372] [ros_gz_sim]: Entity creation successful.
[INFO] [create-2]: process has finished cleanly [pid 34924]
[trial_monitor-6] [INFO] [1790524394.601091544] [trial_monitor]: monitoring trial A_open_field_vfh_default_s1 in open_field, timeout 200 s sim
[parameter_bridge-3] [INFO] [1790524394.834999856] [tb3_bridge]: Creating GZ->ROS Bridge: [clock (gz.msgs.Clock) -> clock (rosgraph_msgs/msg/Clock)] (Lazy 0)
[parameter_bridge-3] [INFO] [1790524394.837338604] [tb3_bridge]: Creating GZ->ROS Bridge: [joint_states (gz.msgs.Model) -> joint_states (sensor_msgs/msg/JointState)] (Lazy 0)
[parameter_bridge-3] [INFO] [1790524394.839412675] [tb3_bridge]: Creating GZ->ROS Bridge: [odom (gz.msgs.Odometry) -> odom (nav_msgs/msg/Odometry)] (Lazy 0)
[parameter_bridge-3] [INFO] [1790524394.841206446] [tb3_bridge]: Creating GZ->ROS Bridge: [tf (gz.msgs.Pose_V) -> tf (tf2_msgs/msg/TFMessage)] (Lazy 0)
[parameter_bridge-3] [INFO] [1790524394.842901421] [tb3_bridge]: Creating ROS->GZ Bridge: [cmd_vel (geometry_msgs/msg/TwistStamped) -> cmd_vel (gz.msgs.Twist)] (Lazy 0)
[parameter_bridge-3] [INFO] [1790524394.843736450] [tb3_bridge]: Creating GZ->ROS Bridge: [imu (gz.msgs.IMU) -> imu (sensor_msgs/msg/Imu)] (Lazy 0)
[parameter_bridge-3] [INFO] [1790524394.844243884] [tb3_bridge]: Creating GZ->ROS Bridge: [scan (gz.msgs.LaserScan) -> scan (sensor_msgs/msg/LaserScan)] (Lazy 0)
[gazebo-1] [1;33mWarning [Utils.cc:132][0m [/sdf/model[@name="turtlebot3_burger"]/link[@name="base_scan"]/sensor[@name="hls_lfcd_lds"]/gz_frame_id:/tmp/tb3_nav_task_burger.sdf:L126]: XML Element[gz_frame_id], child of element[sensor], not defined in SDF. Copying[gz_frame_id] as children of [sensor].
[gazebo-1] libEGL warning: Not allowed to force software rendering when API explicitly selects a hardware device.
[INFO] [navigator-7]: process started with pid [35075]
[navigator-7] [INFO] [1790524397.642666262] [navigator]: navigator: strategy=vfh localization=odom_imu shaping=True params={'v_max': 0.18, 'w_max': 1.5, 'safety': 0.12, 'lookahead': 1.0, 'bin_deg': 5.0, 'k_w': 2.0, 'w_goal': 1.0, 'w_turn': 0.25, 'w_prev': 0.25, 'slow_dist': 0.6, 'stop_dist': 0.1, 'goal_tol': 0.2} start=(-2.797, -1.748, 0.302) goal=(2.8, 1.8)
[navigator-7] [INFO] [1790524400.884992942] [navigator]: publishing TwistStamped on /cmd_vel
[parameter_bridge-3] [INFO] [1790524400.885776219] [tb3_bridge]: Passing message from ROS geometry_msgs/msg/TwistStamped to Gazebo gz.msgs.Twist (showing msg only once per type)
[navigator-7] [INFO] [1790524400.887807455] [navigator]: WAITING -> GO_GOAL  pose=(-2.80,-1.75,17deg) goal_dist=6.63
[trial_monitor-6] [INFO] [1790524400.904473403] [trial_monitor]: trial started (first active control cycle)
[navigator-7] [INFO] [1790524403.152467023] [navigator]: GO_GOAL -> AVOID  pose=(-2.48,-1.58,31deg) goal_dist=6.27
[navigator-7] [INFO] [1790524410.345446622] [navigator]: AVOID -> GO_GOAL  pose=(-1.69,-0.58,45deg) goal_dist=5.08
[navigator-7] [INFO] [1790524413.741584082] [navigator]: GO_GOAL -> AVOID  pose=(-1.17,-0.27,29deg) goal_dist=4.47
[navigator-7] [INFO] [1790524420.944588492] [navigator]: AVOID -> GO_GOAL  pose=(-0.32,0.68,48deg) goal_dist=3.31
[navigator-7] [INFO] [1790524423.554322181] [navigator]: GO_GOAL -> AVOID  pose=(0.09,0.86,20deg) goal_dist=2.87
[navigator-7] [INFO] [1790524430.144867792] [navigator]: AVOID -> GO_GOAL  pose=(1.10,1.48,36deg) goal_dist=1.73
[navigator-7] [INFO] [1790524438.856483248] [navigator]: GO_GOAL -> REACHED  pose=(2.61,1.78,10deg) goal_dist=0.19
[trial_monitor-6] [INFO] [1790524439.108364382] [trial_monitor]: RESULT REACHED: success=True time=38.0s path=6.72m collisions=0 min_clear=0.139m goal_err=0.172m est_err=0.011m odom_err=0.164m rtf=0.998
[INFO] [trial_monitor-6]: process has finished cleanly [pid 34928]
[INFO] [navigator-7]: sending signal 'SIGINT' to process[navigator-7]
[INFO] [robot_state_publisher-5]: sending signal 'SIGINT' to process[robot_state_publisher-5]
[INFO] [parameter_bridge-4]: sending signal 'SIGINT' to process[parameter_bridge-4]
[INFO] [parameter_bridge-3]: sending signal 'SIGINT' to process[parameter_bridge-3]
[INFO] [gazebo-1]: sending signal 'SIGINT' to process[gazebo-1]
[robot_state_publisher-5] [INFO] [1790524439.299965046] [rclcpp]: signal_handler(SIGINT/SIGTERM)
[parameter_bridge-4] [INFO] [1790524439.303658458] [rclcpp]: signal_handler(SIGINT/SIGTERM)
[parameter_bridge-3] [INFO] [1790524439.306370129] [rclcpp]: signal_handler(SIGINT/SIGTERM)
[INFO] [robot_state_publisher-5]: process has finished cleanly [pid 34927]
[INFO] [parameter_bridge-4]: process has finished cleanly [pid 34926]
[INFO] [parameter_bridge-3]: process has finished cleanly [pid 34925]
[INFO] [navigator-7]: process has finished cleanly [pid 35075]
[ERROR] [gazebo-1]: process[gazebo-1] failed to terminate '5' seconds after receiving 'SIGINT', escalating to 'SIGTERM'
[INFO] [gazebo-1]: sending signal 'SIGTERM' to process[gazebo-1]
[ERROR] [gazebo-1]: process has died [pid 34922, exit code -15, cmd 'ruby /opt/ros/jazzy/opt/gz_tools_vendor/bin/gz sim -r -s -v1 /home/qms/ros_ws/install/tb3_nav_task/share/tb3_nav_task/worlds/open_field.sdf --force-version 8'].
[INFO] [launch]: process[gazebo-1] was required: shutting down launched system
