ros2 launch tb3_nav_task trial.launch.py world:=open_field strategy:=vfh gui:=false trial_id:=A_open_field_vfh_default_s0 plan:=A variant:=0 start_x:=-2.8 start_y:=-1.8 start_yaw:=0.0 nav_params:={} results_dir:=/home/qms/vm-share/task02/results timeout:=200.0 verbose:=1
[INFO] [launch]: All log files can be found below /home/qms/.ros/log/2026-09-28-04-52-20-694876-qms-34698
[INFO] [launch]: Default logging verbosity is set to INFO
urdf_file_name : turtlebot3_burger.urdf
[INFO] [gazebo-1]: process started with pid [34701]
[INFO] [create-2]: process started with pid [34702]
[INFO] [parameter_bridge-3]: process started with pid [34704]
[INFO] [parameter_bridge-4]: process started with pid [34705]
[INFO] [robot_state_publisher-5]: process started with pid [34706]
[INFO] [trial_monitor-6]: process started with pid [34707]
[robot_state_publisher-5] [INFO] [1790524341.389010922] [robot_state_publisher]: Robot initialized
[create-2] [INFO] [1790524341.409089420] [ros_gz_sim]: Requesting list of world names.
[parameter_bridge-4] [INFO] [1790524341.446358393] [ground_truth_bridge]: Creating GZ->ROS Bridge: [/model/burger/pose (gz.msgs.Pose) -> /model/burger/pose (geometry_msgs/msg/PoseStamped)] (Lazy 0)
[create-2] [INFO] [1790524342.027665526] [ros_gz_sim]: Entity creation successful.
[INFO] [create-2]: process has finished cleanly [pid 34702]
[trial_monitor-6] [INFO] [1790524342.410512031] [trial_monitor]: monitoring trial A_open_field_vfh_default_s0 in open_field, timeout 200 s sim
[parameter_bridge-3] [INFO] [1790524342.472916480] [tb3_bridge]: Creating GZ->ROS Bridge: [clock (gz.msgs.Clock) -> clock (rosgraph_msgs/msg/Clock)] (Lazy 0)
[parameter_bridge-3] [INFO] [1790524342.474488622] [tb3_bridge]: Creating GZ->ROS Bridge: [joint_states (gz.msgs.Model) -> joint_states (sensor_msgs/msg/JointState)] (Lazy 0)
[parameter_bridge-3] [INFO] [1790524342.476900420] [tb3_bridge]: Creating GZ->ROS Bridge: [odom (gz.msgs.Odometry) -> odom (nav_msgs/msg/Odometry)] (Lazy 0)
[parameter_bridge-3] [INFO] [1790524342.479768652] [tb3_bridge]: Creating GZ->ROS Bridge: [tf (gz.msgs.Pose_V) -> tf (tf2_msgs/msg/TFMessage)] (Lazy 0)
[parameter_bridge-3] [INFO] [1790524342.481005073] [tb3_bridge]: Creating ROS->GZ Bridge: [cmd_vel (geometry_msgs/msg/TwistStamped) -> cmd_vel (gz.msgs.Twist)] (Lazy 0)
[parameter_bridge-3] [INFO] [1790524342.481877522] [tb3_bridge]: Creating GZ->ROS Bridge: [imu (gz.msgs.IMU) -> imu (sensor_msgs/msg/Imu)] (Lazy 0)
[parameter_bridge-3] [INFO] [1790524342.482345748] [tb3_bridge]: Creating GZ->ROS Bridge: [scan (gz.msgs.LaserScan) -> scan (sensor_msgs/msg/LaserScan)] (Lazy 0)
[gazebo-1] [1;33mWarning [Utils.cc:132][0m [/sdf/model[@name="turtlebot3_burger"]/link[@name="base_scan"]/sensor[@name="hls_lfcd_lds"]/gz_frame_id:/tmp/tb3_nav_task_burger.sdf:L126]: XML Element[gz_frame_id], child of element[sensor], not defined in SDF. Copying[gz_frame_id] as children of [sensor].
[gazebo-1] libEGL warning: Not allowed to force software rendering when API explicitly selects a hardware device.
[INFO] [navigator-7]: process started with pid [34884]
[navigator-7] [INFO] [1790524345.273075753] [navigator]: navigator: strategy=vfh localization=odom_imu shaping=True params={'v_max': 0.18, 'w_max': 1.5, 'safety': 0.12, 'lookahead': 1.0, 'bin_deg': 5.0, 'k_w': 2.0, 'w_goal': 1.0, 'w_turn': 0.25, 'w_prev': 0.25, 'slow_dist': 0.6, 'stop_dist': 0.1, 'goal_tol': 0.2} start=(-2.8, -1.8, 0.0) goal=(2.8, 1.8)
[navigator-7] [INFO] [1790524345.292817985] [navigator]: publishing TwistStamped on /cmd_vel
[parameter_bridge-3] [INFO] [1790524345.300996872] [tb3_bridge]: Passing message from ROS geometry_msgs/msg/TwistStamped to Gazebo gz.msgs.Twist (showing msg only once per type)
[navigator-7] [INFO] [1790524345.460420408] [navigator]: WAITING -> GO_GOAL  pose=(-2.80,-1.80,-0deg) goal_dist=6.66
[trial_monitor-6] [INFO] [1790524346.279499347] [trial_monitor]: trial started (first active control cycle)
[navigator-7] [INFO] [1790524348.290835904] [navigator]: GO_GOAL -> AVOID  pose=(-2.40,-1.62,32deg) goal_dist=6.23
[navigator-7] [INFO] [1790524355.291609201] [navigator]: AVOID -> GO_GOAL  pose=(-1.70,-0.61,52deg) goal_dist=5.10
[navigator-7] [INFO] [1790524358.887125414] [navigator]: GO_GOAL -> AVOID  pose=(-1.15,-0.28,29deg) goal_dist=4.47
[navigator-7] [INFO] [1790524366.186054963] [navigator]: AVOID -> GO_GOAL  pose=(-0.27,0.67,44deg) goal_dist=3.27
[navigator-7] [INFO] [1790524368.687665083] [navigator]: GO_GOAL -> AVOID  pose=(0.13,0.85,21deg) goal_dist=2.84
[navigator-7] [INFO] [1790524375.494497275] [navigator]: AVOID -> GO_GOAL  pose=(1.17,1.48,32deg) goal_dist=1.66
[navigator-7] [INFO] [1790524383.802245301] [navigator]: GO_GOAL -> REACHED  pose=(2.61,1.78,8deg) goal_dist=0.19
[trial_monitor-6] [INFO] [1790524384.068048271] [trial_monitor]: RESULT REACHED: success=True time=37.7s path=6.67m collisions=0 min_clear=0.136m goal_err=0.216m est_err=0.037m odom_err=1.982m rtf=1.0
[INFO] [trial_monitor-6]: process has finished cleanly [pid 34707]
[INFO] [navigator-7]: sending signal 'SIGINT' to process[navigator-7]
[INFO] [robot_state_publisher-5]: sending signal 'SIGINT' to process[robot_state_publisher-5]
[INFO] [parameter_bridge-4]: sending signal 'SIGINT' to process[parameter_bridge-4]
[INFO] [parameter_bridge-3]: sending signal 'SIGINT' to process[parameter_bridge-3]
[INFO] [gazebo-1]: sending signal 'SIGINT' to process[gazebo-1]
[robot_state_publisher-5] [INFO] [1790524384.263078746] [rclcpp]: signal_handler(SIGINT/SIGTERM)
[parameter_bridge-4] [INFO] [1790524384.268867032] [rclcpp]: signal_handler(SIGINT/SIGTERM)
[parameter_bridge-3] [INFO] [1790524384.274268347] [rclcpp]: signal_handler(SIGINT/SIGTERM)
[INFO] [parameter_bridge-4]: process has finished cleanly [pid 34705]
[INFO] [parameter_bridge-3]: process has finished cleanly [pid 34704]
[INFO] [robot_state_publisher-5]: process has finished cleanly [pid 34706]
[INFO] [navigator-7]: process has finished cleanly [pid 34884]
[ERROR] [gazebo-1]: process[gazebo-1] failed to terminate '5' seconds after receiving 'SIGINT', escalating to 'SIGTERM'
[INFO] [gazebo-1]: sending signal 'SIGTERM' to process[gazebo-1]
[ERROR] [gazebo-1]: process has died [pid 34701, exit code -15, cmd 'ruby /opt/ros/jazzy/opt/gz_tools_vendor/bin/gz sim -r -s -v1 /home/qms/ros_ws/install/tb3_nav_task/share/tb3_nav_task/worlds/open_field.sdf --force-version 8'].
[INFO] [launch]: process[gazebo-1] was required: shutting down launched system
