ros2 launch tb3_nav_task trial.launch.py world:=open_field strategy:=bug2 gui:=false trial_id:=A_open_field_bug2_default_s0 plan:=A variant:=0 start_x:=-2.8 start_y:=-1.8 start_yaw:=0.0 nav_params:={} results_dir:=/home/qms/vm-share/task02/results timeout:=200.0 verbose:=1
[INFO] [launch]: All log files can be found below /home/qms/.ros/log/2026-09-28-04-55-59-164810-qms-35617
[INFO] [launch]: Default logging verbosity is set to INFO
urdf_file_name : turtlebot3_burger.urdf
[INFO] [gazebo-1]: process started with pid [35632]
[INFO] [create-2]: process started with pid [35633]
[INFO] [parameter_bridge-3]: process started with pid [35635]
[INFO] [parameter_bridge-4]: process started with pid [35636]
[INFO] [robot_state_publisher-5]: process started with pid [35637]
[INFO] [trial_monitor-6]: process started with pid [35638]
[create-2] [INFO] [1790524559.829800141] [ros_gz_sim]: Requesting list of world names.
[robot_state_publisher-5] [INFO] [1790524559.834341685] [robot_state_publisher]: Robot initialized
[parameter_bridge-4] [INFO] [1790524559.849927246] [ground_truth_bridge]: Creating GZ->ROS Bridge: [/model/burger/pose (gz.msgs.Pose) -> /model/burger/pose (geometry_msgs/msg/PoseStamped)] (Lazy 0)
[create-2] [INFO] [1790524560.370312825] [ros_gz_sim]: Entity creation successful.
[INFO] [create-2]: process has finished cleanly [pid 35633]
[trial_monitor-6] [INFO] [1790524560.641870909] [trial_monitor]: monitoring trial A_open_field_bug2_default_s0 in open_field, timeout 200 s sim
[parameter_bridge-3] [INFO] [1790524560.832073387] [tb3_bridge]: Creating GZ->ROS Bridge: [clock (gz.msgs.Clock) -> clock (rosgraph_msgs/msg/Clock)] (Lazy 0)
[parameter_bridge-3] [INFO] [1790524560.833662140] [tb3_bridge]: Creating GZ->ROS Bridge: [joint_states (gz.msgs.Model) -> joint_states (sensor_msgs/msg/JointState)] (Lazy 0)
[parameter_bridge-3] [INFO] [1790524560.835970704] [tb3_bridge]: Creating GZ->ROS Bridge: [odom (gz.msgs.Odometry) -> odom (nav_msgs/msg/Odometry)] (Lazy 0)
[parameter_bridge-3] [INFO] [1790524560.837369494] [tb3_bridge]: Creating GZ->ROS Bridge: [tf (gz.msgs.Pose_V) -> tf (tf2_msgs/msg/TFMessage)] (Lazy 0)
[parameter_bridge-3] [INFO] [1790524560.838528943] [tb3_bridge]: Creating ROS->GZ Bridge: [cmd_vel (geometry_msgs/msg/TwistStamped) -> cmd_vel (gz.msgs.Twist)] (Lazy 0)
[parameter_bridge-3] [INFO] [1790524560.839321840] [tb3_bridge]: Creating GZ->ROS Bridge: [imu (gz.msgs.IMU) -> imu (sensor_msgs/msg/Imu)] (Lazy 0)
[parameter_bridge-3] [INFO] [1790524560.839679766] [tb3_bridge]: Creating GZ->ROS Bridge: [scan (gz.msgs.LaserScan) -> scan (sensor_msgs/msg/LaserScan)] (Lazy 0)
[gazebo-1] [1;33mWarning [Utils.cc:132][0m [/sdf/model[@name="turtlebot3_burger"]/link[@name="base_scan"]/sensor[@name="hls_lfcd_lds"]/gz_frame_id:/tmp/tb3_nav_task_burger.sdf:L126]: XML Element[gz_frame_id], child of element[sensor], not defined in SDF. Copying[gz_frame_id] as children of [sensor].
[gazebo-1] libEGL warning: Not allowed to force software rendering when API explicitly selects a hardware device.
[INFO] [navigator-7]: process started with pid [35785]
[navigator-7] [INFO] [1790524563.618454411] [navigator]: navigator: strategy=bug2 localization=odom_imu shaping=True params={'v_max': 0.18, 'w_max': 1.5, 'hit_dist': 0.3, 'd_follow': 0.3, 'k_head': 2.0, 'k_wall': 3.0, 'mline_tol': 0.1, 'leave_progress': 0.15, 'min_follow': 0.5, 'goal_tol': 0.2} start=(-2.8, -1.8, 0.0) goal=(2.8, 1.8)
[navigator-7] [INFO] [1790524566.560534906] [navigator]: publishing TwistStamped on /cmd_vel
[parameter_bridge-3] [INFO] [1790524566.561434264] [tb3_bridge]: Passing message from ROS geometry_msgs/msg/TwistStamped to Gazebo gz.msgs.Twist (showing msg only once per type)
[navigator-7] [INFO] [1790524566.720226708] [navigator]: WAITING -> GO_GOAL  pose=(-2.80,-1.80,0deg) goal_dist=6.66
[trial_monitor-6] [INFO] [1790524566.738886850] [trial_monitor]: trial started (first active control cycle)
[navigator-7] [INFO] [1790524573.425493579] [navigator]: GO_GOAL -> FOLLOW  pose=(-1.86,-1.27,33deg) goal_dist=5.58
[navigator-7] [INFO] [1790524573.580758680] [navigator]: FOLLOW -> FOLLOW_TURN  pose=(-1.85,-1.26,32deg) goal_dist=5.56
[navigator-7] [INFO] [1790524575.425103898] [navigator]: FOLLOW_TURN -> FOLLOW  pose=(-1.85,-1.26,74deg) goal_dist=5.56
[navigator-7] [INFO] [1790524585.433296575] [navigator]: FOLLOW -> FOLLOW_TURN  pose=(-1.67,-0.51,-61deg) goal_dist=5.03
[navigator-7] [INFO] [1790524586.387342533] [navigator]: FOLLOW_TURN -> FOLLOW_ARC  pose=(-1.67,-0.51,-65deg) goal_dist=5.03
[navigator-7] [INFO] [1790524586.844054766] [navigator]: FOLLOW_ARC -> FOLLOW_TURN  pose=(-1.66,-0.53,-58deg) goal_dist=5.03
[navigator-7] [INFO] [1790524588.434112689] [navigator]: FOLLOW_TURN -> FOLLOW  pose=(-1.66,-0.53,-16deg) goal_dist=5.03
[navigator-7] [INFO] [1790524595.042761560] [navigator]: FOLLOW -> LEAVE  pose=(-0.89,-0.45,-41deg) goal_dist=4.32
[navigator-7] [INFO] [1790524595.094706201] [navigator]: LEAVE -> GO_GOAL  pose=(-0.89,-0.46,-44deg) goal_dist=4.32
[navigator-7] [INFO] [1790524600.589032988] [navigator]: GO_GOAL -> FOLLOW_ARC  pose=(-0.45,-0.23,32deg) goal_dist=3.83
[navigator-7] [INFO] [1790524600.740975156] [navigator]: FOLLOW_ARC -> FOLLOW_TURN  pose=(-0.44,-0.22,31deg) goal_dist=3.81
[navigator-7] [INFO] [1790524602.795545120] [navigator]: FOLLOW_TURN -> FOLLOW  pose=(-0.43,-0.22,81deg) goal_dist=3.81
[navigator-7] [INFO] [1790524612.591411524] [navigator]: FOLLOW -> FOLLOW_TURN  pose=(-0.37,0.61,-38deg) goal_dist=3.39
[navigator-7] [INFO] [1790524613.343403074] [navigator]: FOLLOW_TURN -> FOLLOW  pose=(-0.37,0.61,-38deg) goal_dist=3.39
[navigator-7] [INFO] [1790524613.793630205] [navigator]: FOLLOW -> FOLLOW_TURN  pose=(-0.34,0.59,-31deg) goal_dist=3.37
[navigator-7] [INFO] [1790524614.987128031] [navigator]: FOLLOW_TURN -> FOLLOW  pose=(-0.34,0.59,-3deg) goal_dist=3.37
[navigator-7] [INFO] [1790524624.473438950] [navigator]: FOLLOW -> FOLLOW_TURN  pose=(0.47,0.66,-109deg) goal_dist=2.60
[navigator-7] [INFO] [1790524624.828545885] [navigator]: FOLLOW_TURN -> FOLLOW  pose=(0.47,0.66,-116deg) goal_dist=2.60
[navigator-7] [INFO] [1790524625.227911000] [navigator]: FOLLOW -> FOLLOW_TURN  pose=(0.45,0.63,-118deg) goal_dist=2.62
[navigator-7] [INFO] [1790524626.272660027] [navigator]: FOLLOW_TURN -> FOLLOW  pose=(0.45,0.63,-110deg) goal_dist=2.62
[navigator-7] [INFO] [1790524626.428058204] [navigator]: FOLLOW -> FOLLOW_TURN  pose=(0.45,0.62,-105deg) goal_dist=2.63
[navigator-7] [INFO] [1790524627.027998768] [navigator]: FOLLOW_TURN -> FOLLOW  pose=(0.45,0.62,-87deg) goal_dist=2.63
[navigator-7] [INFO] [1790524628.477902669] [navigator]: FOLLOW -> LEAVE  pose=(0.50,0.43,-71deg) goal_dist=2.68
[navigator-7] [INFO] [1790524628.531617010] [navigator]: LEAVE -> GO_GOAL  pose=(0.50,0.43,-70deg) goal_dist=2.68
[navigator-7] [INFO] [1790524633.130674768] [navigator]: GO_GOAL -> FOLLOW  pose=(0.87,0.61,32deg) goal_dist=2.27
[navigator-7] [INFO] [1790524633.285372019] [navigator]: FOLLOW -> FOLLOW_TURN  pose=(0.88,0.62,31deg) goal_dist=2.26
[navigator-7] [INFO] [1790524635.134809489] [navigator]: FOLLOW_TURN -> FOLLOW  pose=(0.88,0.62,71deg) goal_dist=2.25
[navigator-7] [INFO] [1790524645.688859076] [navigator]: FOLLOW -> FOLLOW_TURN  pose=(1.03,1.40,-57deg) goal_dist=1.82
[navigator-7] [INFO] [1790524646.457243252] [navigator]: FOLLOW_TURN -> FOLLOW_ARC  pose=(1.03,1.40,-66deg) goal_dist=1.82
[navigator-7] [INFO] [1790524646.913300419] [navigator]: FOLLOW_ARC -> FOLLOW_TURN  pose=(1.04,1.37,-60deg) goal_dist=1.81
[navigator-7] [INFO] [1790524648.513086284] [navigator]: FOLLOW_TURN -> FOLLOW  pose=(1.04,1.37,-18deg) goal_dist=1.81
[navigator-7] [INFO] [1790524657.415599076] [navigator]: FOLLOW -> LEAVE  pose=(1.88,1.32,-97deg) goal_dist=1.04
[navigator-7] [INFO] [1790524657.468999739] [navigator]: LEAVE -> GO_GOAL  pose=(1.88,1.32,-99deg) goal_dist=1.04
[navigator-7] [INFO] [1790524665.824232360] [navigator]: GO_GOAL -> REACHED  pose=(2.63,1.70,30deg) goal_dist=0.19
[trial_monitor-6] [INFO] [1790524666.129592725] [trial_monitor]: RESULT REACHED: success=True time=98.3s path=9.67m collisions=0 min_clear=0.102m goal_err=0.226m est_err=0.156m odom_err=4.248m rtf=0.99
[INFO] [trial_monitor-6]: process has finished cleanly [pid 35638]
[INFO] [navigator-7]: sending signal 'SIGINT' to process[navigator-7]
[INFO] [robot_state_publisher-5]: sending signal 'SIGINT' to process[robot_state_publisher-5]
[INFO] [parameter_bridge-4]: sending signal 'SIGINT' to process[parameter_bridge-4]
[INFO] [parameter_bridge-3]: sending signal 'SIGINT' to process[parameter_bridge-3]
[INFO] [gazebo-1]: sending signal 'SIGINT' to process[gazebo-1]
[robot_state_publisher-5] [INFO] [1790524666.360827050] [rclcpp]: signal_handler(SIGINT/SIGTERM)
[parameter_bridge-4] [INFO] [1790524666.363028729] [rclcpp]: signal_handler(SIGINT/SIGTERM)
[parameter_bridge-3] [INFO] [1790524666.366119555] [rclcpp]: signal_handler(SIGINT/SIGTERM)
[INFO] [parameter_bridge-4]: process has finished cleanly [pid 35636]
[INFO] [parameter_bridge-3]: process has finished cleanly [pid 35635]
[INFO] [robot_state_publisher-5]: process has finished cleanly [pid 35637]
[INFO] [navigator-7]: process has finished cleanly [pid 35785]
[ERROR] [gazebo-1]: process[gazebo-1] failed to terminate '5' seconds after receiving 'SIGINT', escalating to 'SIGTERM'
[INFO] [gazebo-1]: sending signal 'SIGTERM' to process[gazebo-1]
[ERROR] [gazebo-1]: process has died [pid 35632, exit code -15, cmd 'ruby /opt/ros/jazzy/opt/gz_tools_vendor/bin/gz sim -r -s -v1 /home/qms/ros_ws/install/tb3_nav_task/share/tb3_nav_task/worlds/open_field.sdf --force-version 8'].
[INFO] [launch]: process[gazebo-1] was required: shutting down launched system
