ros2 launch tb3_nav_task trial.launch.py world:=open_field strategy:=bug2 gui:=false trial_id:=A_open_field_bug2_default_s2 plan:=A variant:=2 start_x:=-2.902 start_y:=-1.817 start_yaw:=-0.284 nav_params:={} results_dir:=/home/qms/vm-share/task02/results timeout:=200.0 verbose:=1
[INFO] [launch]: All log files can be found below /home/qms/.ros/log/2026-09-28-04-59-51-915524-qms-36087
[INFO] [launch]: Default logging verbosity is set to INFO
urdf_file_name : turtlebot3_burger.urdf
[INFO] [gazebo-1]: process started with pid [36102]
[INFO] [create-2]: process started with pid [36103]
[INFO] [parameter_bridge-3]: process started with pid [36105]
[INFO] [parameter_bridge-4]: process started with pid [36106]
[INFO] [robot_state_publisher-5]: process started with pid [36107]
[INFO] [trial_monitor-6]: process started with pid [36108]
[robot_state_publisher-5] [INFO] [1790524792.636290315] [robot_state_publisher]: Robot initialized
[create-2] [INFO] [1790524792.652107573] [ros_gz_sim]: Requesting list of world names.
[parameter_bridge-4] [INFO] [1790524792.690492899] [ground_truth_bridge]: Creating GZ->ROS Bridge: [/model/burger/pose (gz.msgs.Pose) -> /model/burger/pose (geometry_msgs/msg/PoseStamped)] (Lazy 0)
[create-2] [INFO] [1790524793.312671919] [ros_gz_sim]: Entity creation successful.
[INFO] [create-2]: process has finished cleanly [pid 36103]
[trial_monitor-6] [INFO] [1790524793.564012202] [trial_monitor]: monitoring trial A_open_field_bug2_default_s2 in open_field, timeout 200 s sim
[parameter_bridge-3] [INFO] [1790524793.673533059] [tb3_bridge]: Creating GZ->ROS Bridge: [clock (gz.msgs.Clock) -> clock (rosgraph_msgs/msg/Clock)] (Lazy 0)
[parameter_bridge-3] [INFO] [1790524793.675565103] [tb3_bridge]: Creating GZ->ROS Bridge: [joint_states (gz.msgs.Model) -> joint_states (sensor_msgs/msg/JointState)] (Lazy 0)
[parameter_bridge-3] [INFO] [1790524793.677938612] [tb3_bridge]: Creating GZ->ROS Bridge: [odom (gz.msgs.Odometry) -> odom (nav_msgs/msg/Odometry)] (Lazy 0)
[parameter_bridge-3] [INFO] [1790524793.680311122] [tb3_bridge]: Creating GZ->ROS Bridge: [tf (gz.msgs.Pose_V) -> tf (tf2_msgs/msg/TFMessage)] (Lazy 0)
[parameter_bridge-3] [INFO] [1790524793.681671859] [tb3_bridge]: Creating ROS->GZ Bridge: [cmd_vel (geometry_msgs/msg/TwistStamped) -> cmd_vel (gz.msgs.Twist)] (Lazy 0)
[parameter_bridge-3] [INFO] [1790524793.682534461] [tb3_bridge]: Creating GZ->ROS Bridge: [imu (gz.msgs.IMU) -> imu (sensor_msgs/msg/Imu)] (Lazy 0)
[parameter_bridge-3] [INFO] [1790524793.683429564] [tb3_bridge]: Creating GZ->ROS Bridge: [scan (gz.msgs.LaserScan) -> scan (sensor_msgs/msg/LaserScan)] (Lazy 0)
[gazebo-1] [1;33mWarning [Utils.cc:132][0m [/sdf/model[@name="turtlebot3_burger"]/link[@name="base_scan"]/sensor[@name="hls_lfcd_lds"]/gz_frame_id:/tmp/tb3_nav_task_burger.sdf:L126]: XML Element[gz_frame_id], child of element[sensor], not defined in SDF. Copying[gz_frame_id] as children of [sensor].
[gazebo-1] libEGL warning: Not allowed to force software rendering when API explicitly selects a hardware device.
[INFO] [navigator-7]: process started with pid [36255]
[navigator-7] [INFO] [1790524796.463709336] [navigator]: navigator: strategy=bug2 localization=odom_imu shaping=True params={'v_max': 0.18, 'w_max': 1.5, 'hit_dist': 0.3, 'd_follow': 0.3, 'k_head': 2.0, 'k_wall': 3.0, 'mline_tol': 0.1, 'leave_progress': 0.15, 'min_follow': 0.5, 'goal_tol': 0.2} start=(-2.902, -1.817, -0.284) goal=(2.8, 1.8)
[navigator-7] [INFO] [1790524799.393643810] [navigator]: publishing TwistStamped on /cmd_vel
[parameter_bridge-3] [INFO] [1790524799.396435953] [tb3_bridge]: Passing message from ROS geometry_msgs/msg/TwistStamped to Gazebo gz.msgs.Twist (showing msg only once per type)
[navigator-7] [INFO] [1790524799.443015116] [navigator]: WAITING -> GO_GOAL  pose=(-2.90,-1.82,-16deg) goal_dist=6.75
[trial_monitor-6] [INFO] [1790524799.459732390] [trial_monitor]: trial started (first active control cycle)
[navigator-7] [INFO] [1790524806.952821940] [navigator]: GO_GOAL -> FOLLOW  pose=(-1.90,-1.24,33deg) goal_dist=5.59
[navigator-7] [INFO] [1790524807.103698892] [navigator]: FOLLOW -> FOLLOW_TURN  pose=(-1.89,-1.23,32deg) goal_dist=5.58
[navigator-7] [INFO] [1790524808.751306794] [navigator]: FOLLOW_TURN -> FOLLOW  pose=(-1.89,-1.23,65deg) goal_dist=5.58
[navigator-7] [INFO] [1790524819.159462143] [navigator]: FOLLOW -> FOLLOW_TURN  pose=(-1.62,-0.49,-76deg) goal_dist=4.98
[navigator-7] [INFO] [1790524820.114523707] [navigator]: FOLLOW_TURN -> FOLLOW_ARC  pose=(-1.62,-0.49,-96deg) goal_dist=4.98
[navigator-7] [INFO] [1790524820.557727074] [navigator]: FOLLOW_ARC -> FOLLOW_TURN  pose=(-1.62,-0.52,-92deg) goal_dist=4.99
[navigator-7] [INFO] [1790524821.963614295] [navigator]: FOLLOW_TURN -> FOLLOW  pose=(-1.62,-0.52,-60deg) goal_dist=4.99
[navigator-7] [INFO] [1790524822.114510576] [navigator]: FOLLOW -> FOLLOW_TURN  pose=(-1.62,-0.52,-54deg) goal_dist=4.99
[navigator-7] [INFO] [1790524823.182642444] [navigator]: FOLLOW_TURN -> FOLLOW  pose=(-1.62,-0.53,-22deg) goal_dist=4.99
[navigator-7] [INFO] [1790524827.890280027] [navigator]: FOLLOW -> LEAVE  pose=(-0.99,-0.49,2deg) goal_dist=4.43
[navigator-7] [INFO] [1790524827.937092709] [navigator]: LEAVE -> GO_GOAL  pose=(-0.99,-0.49,0deg) goal_dist=4.43
[navigator-7] [INFO] [1790524832.015721730] [navigator]: GO_GOAL -> FOLLOW_ARC  pose=(-0.44,-0.25,32deg) goal_dist=3.83
[navigator-7] [INFO] [1790524832.364882084] [navigator]: FOLLOW_ARC -> FOLLOW_TURN  pose=(-0.40,-0.23,28deg) goal_dist=3.79
[navigator-7] [INFO] [1790524834.421241410] [navigator]: FOLLOW_TURN -> FOLLOW  pose=(-0.40,-0.23,75deg) goal_dist=3.79
[navigator-7] [INFO] [1790524844.886487491] [navigator]: FOLLOW -> FOLLOW_TURN  pose=(-0.37,0.58,-41deg) goal_dist=3.40
[navigator-7] [INFO] [1790524845.635925440] [navigator]: FOLLOW_TURN -> FOLLOW  pose=(-0.37,0.58,-44deg) goal_dist=3.40
[navigator-7] [INFO] [1790524845.835892403] [navigator]: FOLLOW -> FOLLOW_TURN  pose=(-0.37,0.57,-40deg) goal_dist=3.40
[navigator-7] [INFO] [1790524846.881100088] [navigator]: FOLLOW_TURN -> FOLLOW  pose=(-0.37,0.57,-8deg) goal_dist=3.40
[navigator-7] [INFO] [1790524857.090718152] [navigator]: FOLLOW -> FOLLOW_TURN  pose=(0.48,0.66,-108deg) goal_dist=2.59
[navigator-7] [INFO] [1790524857.242874019] [navigator]: FOLLOW_TURN -> FOLLOW  pose=(0.48,0.66,-113deg) goal_dist=2.59
[navigator-7] [INFO] [1790524857.844871478] [navigator]: FOLLOW -> FOLLOW_TURN  pose=(0.45,0.62,-128deg) goal_dist=2.63
[navigator-7] [INFO] [1790524860.126989413] [navigator]: FOLLOW_TURN -> FOLLOW  pose=(0.45,0.62,-84deg) goal_dist=2.63
[navigator-7] [INFO] [1790524861.333832313] [navigator]: FOLLOW -> LEAVE  pose=(0.50,0.46,-70deg) goal_dist=2.66
[navigator-7] [INFO] [1790524861.386925591] [navigator]: LEAVE -> GO_GOAL  pose=(0.50,0.45,-70deg) goal_dist=2.66
[navigator-7] [INFO] [1790524865.936486804] [navigator]: GO_GOAL -> FOLLOW_TURN  pose=(0.87,0.63,31deg) goal_dist=2.26
[navigator-7] [INFO] [1790524867.331756803] [navigator]: FOLLOW_TURN -> FOLLOW  pose=(0.87,0.63,70deg) goal_dist=2.25
[navigator-7] [INFO] [1790524877.330568179] [navigator]: FOLLOW -> FOLLOW_TURN  pose=(1.07,1.41,-52deg) goal_dist=1.77
[navigator-7] [INFO] [1790524877.486907363] [navigator]: FOLLOW_TURN -> FOLLOW  pose=(1.07,1.41,-57deg) goal_dist=1.77
[navigator-7] [INFO] [1790524877.886936090] [navigator]: FOLLOW -> FOLLOW_TURN  pose=(1.08,1.39,-67deg) goal_dist=1.77
[navigator-7] [INFO] [1790524879.535352999] [navigator]: FOLLOW_TURN -> FOLLOW  pose=(1.08,1.39,-56deg) goal_dist=1.77
[navigator-7] [INFO] [1790524879.689625345] [navigator]: FOLLOW -> FOLLOW_TURN  pose=(1.08,1.38,-51deg) goal_dist=1.77
[navigator-7] [INFO] [1790524880.732981989] [navigator]: FOLLOW_TURN -> FOLLOW  pose=(1.09,1.38,-19deg) goal_dist=1.77
[navigator-7] [INFO] [1790524888.296944889] [navigator]: FOLLOW -> LEAVE  pose=(1.91,1.35,-70deg) goal_dist=0.99
[navigator-7] [INFO] [1790524888.350525983] [navigator]: LEAVE -> GO_GOAL  pose=(1.91,1.35,-74deg) goal_dist=0.99
[navigator-7] [INFO] [1790524895.696792639] [navigator]: GO_GOAL -> REACHED  pose=(2.63,1.71,29deg) goal_dist=0.19
[trial_monitor-6] [INFO] [1790524896.016552294] [trial_monitor]: RESULT REACHED: success=True time=96.1s path=9.56m collisions=0 min_clear=0.093m goal_err=0.245m est_err=0.180m odom_err=6.639m rtf=0.997
[INFO] [trial_monitor-6]: process has finished cleanly [pid 36108]
[INFO] [navigator-7]: sending signal 'SIGINT' to process[navigator-7]
[INFO] [robot_state_publisher-5]: sending signal 'SIGINT' to process[robot_state_publisher-5]
[INFO] [parameter_bridge-4]: sending signal 'SIGINT' to process[parameter_bridge-4]
[INFO] [parameter_bridge-3]: sending signal 'SIGINT' to process[parameter_bridge-3]
[INFO] [gazebo-1]: sending signal 'SIGINT' to process[gazebo-1]
[robot_state_publisher-5] [INFO] [1790524896.247916470] [rclcpp]: signal_handler(SIGINT/SIGTERM)
[parameter_bridge-4] [INFO] [1790524896.251068198] [rclcpp]: signal_handler(SIGINT/SIGTERM)
[parameter_bridge-3] [INFO] [1790524896.254258719] [rclcpp]: signal_handler(SIGINT/SIGTERM)
[INFO] [parameter_bridge-4]: process has finished cleanly [pid 36106]
[INFO] [robot_state_publisher-5]: process has finished cleanly [pid 36107]
[INFO] [parameter_bridge-3]: process has finished cleanly [pid 36105]
[INFO] [navigator-7]: process has finished cleanly [pid 36255]
[ERROR] [gazebo-1]: process[gazebo-1] failed to terminate '5' seconds after receiving 'SIGINT', escalating to 'SIGTERM'
[INFO] [gazebo-1]: sending signal 'SIGTERM' to process[gazebo-1]
[ERROR] [gazebo-1]: process has died [pid 36102, exit code -15, cmd 'ruby /opt/ros/jazzy/opt/gz_tools_vendor/bin/gz sim -r -s -v1 /home/qms/ros_ws/install/tb3_nav_task/share/tb3_nav_task/worlds/open_field.sdf --force-version 8'].
[INFO] [launch]: process[gazebo-1] was required: shutting down launched system
