ros2 launch tb3_nav_task trial.launch.py world:=open_field strategy:=vfh gui:=false trial_id:=A_open_field_vfh_default_s2 plan:=A variant:=2 start_x:=-2.902 start_y:=-1.817 start_yaw:=-0.284 nav_params:={} results_dir:=/home/qms/vm-share/task02/results timeout:=200.0 verbose:=1
[INFO] [launch]: All log files can be found below /home/qms/.ros/log/2026-09-28-04-54-08-085054-qms-35140
[INFO] [launch]: Default logging verbosity is set to INFO
urdf_file_name : turtlebot3_burger.urdf
[INFO] [gazebo-1]: process started with pid [35155]
[INFO] [create-2]: process started with pid [35156]
[INFO] [parameter_bridge-3]: process started with pid [35158]
[INFO] [parameter_bridge-4]: process started with pid [35159]
[INFO] [robot_state_publisher-5]: process started with pid [35160]
[INFO] [trial_monitor-6]: process started with pid [35161]
[robot_state_publisher-5] [INFO] [1790524448.793519650] [robot_state_publisher]: Robot initialized
[parameter_bridge-4] [INFO] [1790524448.828282437] [ground_truth_bridge]: Creating GZ->ROS Bridge: [/model/burger/pose (gz.msgs.Pose) -> /model/burger/pose (geometry_msgs/msg/PoseStamped)] (Lazy 0)
[create-2] [INFO] [1790524448.841105558] [ros_gz_sim]: Requesting list of world names.
[create-2] [INFO] [1790524449.353757433] [ros_gz_sim]: Entity creation successful.
[INFO] [create-2]: process has finished cleanly [pid 35156]
[trial_monitor-6] [INFO] [1790524449.604019526] [trial_monitor]: monitoring trial A_open_field_vfh_default_s2 in open_field, timeout 200 s sim
[parameter_bridge-3] [INFO] [1790524449.818984150] [tb3_bridge]: Creating GZ->ROS Bridge: [clock (gz.msgs.Clock) -> clock (rosgraph_msgs/msg/Clock)] (Lazy 0)
[parameter_bridge-3] [INFO] [1790524449.821632527] [tb3_bridge]: Creating GZ->ROS Bridge: [joint_states (gz.msgs.Model) -> joint_states (sensor_msgs/msg/JointState)] (Lazy 0)
[parameter_bridge-3] [INFO] [1790524449.825367481] [tb3_bridge]: Creating GZ->ROS Bridge: [odom (gz.msgs.Odometry) -> odom (nav_msgs/msg/Odometry)] (Lazy 0)
[parameter_bridge-3] [INFO] [1790524449.827621053] [tb3_bridge]: Creating GZ->ROS Bridge: [tf (gz.msgs.Pose_V) -> tf (tf2_msgs/msg/TFMessage)] (Lazy 0)
[parameter_bridge-3] [INFO] [1790524449.829611534] [tb3_bridge]: Creating ROS->GZ Bridge: [cmd_vel (geometry_msgs/msg/TwistStamped) -> cmd_vel (gz.msgs.Twist)] (Lazy 0)
[parameter_bridge-3] [INFO] [1790524449.831123624] [tb3_bridge]: Creating GZ->ROS Bridge: [imu (gz.msgs.IMU) -> imu (sensor_msgs/msg/Imu)] (Lazy 0)
[parameter_bridge-3] [INFO] [1790524449.831771312] [tb3_bridge]: Creating GZ->ROS Bridge: [scan (gz.msgs.LaserScan) -> scan (sensor_msgs/msg/LaserScan)] (Lazy 0)
[gazebo-1] [1;33mWarning [Utils.cc:132][0m [/sdf/model[@name="turtlebot3_burger"]/link[@name="base_scan"]/sensor[@name="hls_lfcd_lds"]/gz_frame_id:/tmp/tb3_nav_task_burger.sdf:L126]: XML Element[gz_frame_id], child of element[sensor], not defined in SDF. Copying[gz_frame_id] as children of [sensor].
[gazebo-1] libEGL warning: Not allowed to force software rendering when API explicitly selects a hardware device.
[INFO] [navigator-7]: process started with pid [35308]
[navigator-7] [INFO] [1790524452.591570106] [navigator]: navigator: strategy=vfh localization=odom_imu shaping=True params={'v_max': 0.18, 'w_max': 1.5, 'safety': 0.12, 'lookahead': 1.0, 'bin_deg': 5.0, 'k_w': 2.0, 'w_goal': 1.0, 'w_turn': 0.25, 'w_prev': 0.25, 'slow_dist': 0.6, 'stop_dist': 0.1, 'goal_tol': 0.2} start=(-2.902, -1.817, -0.284) goal=(2.8, 1.8)
[navigator-7] [INFO] [1790524455.537883908] [navigator]: publishing TwistStamped on /cmd_vel
[parameter_bridge-3] [INFO] [1790524455.538572388] [tb3_bridge]: Passing message from ROS geometry_msgs/msg/TwistStamped to Gazebo gz.msgs.Twist (showing msg only once per type)
[navigator-7] [INFO] [1790524455.722036119] [navigator]: WAITING -> GO_GOAL  pose=(-2.90,-1.82,-16deg) goal_dist=6.75
[trial_monitor-6] [INFO] [1790524455.739301004] [trial_monitor]: trial started (first active control cycle)
[navigator-7] [INFO] [1790524459.370625429] [navigator]: GO_GOAL -> AVOID  pose=(-2.43,-1.58,35deg) goal_dist=6.23
[navigator-7] [INFO] [1790524466.174993465] [navigator]: AVOID -> GO_GOAL  pose=(-1.69,-0.63,46deg) goal_dist=5.10
[navigator-7] [INFO] [1790524469.776390591] [navigator]: GO_GOAL -> AVOID  pose=(-1.14,-0.30,29deg) goal_dist=4.46
[navigator-7] [INFO] [1790524477.176616507] [navigator]: AVOID -> GO_GOAL  pose=(-0.25,0.67,47deg) goal_dist=3.26
[navigator-7] [INFO] [1790524479.580879024] [navigator]: GO_GOAL -> AVOID  pose=(0.12,0.85,20deg) goal_dist=2.84
[navigator-7] [INFO] [1790524486.381628567] [navigator]: AVOID -> GO_GOAL  pose=(1.17,1.46,24deg) goal_dist=1.67
[navigator-7] [INFO] [1790524494.584850655] [navigator]: GO_GOAL -> REACHED  pose=(2.61,1.78,9deg) goal_dist=0.20
[trial_monitor-6] [INFO] [1790524494.752531075] [trial_monitor]: RESULT REACHED: success=True time=38.9s path=6.80m collisions=0 min_clear=0.131m goal_err=0.227m est_err=0.033m odom_err=2.094m rtf=1.0
[INFO] [trial_monitor-6]: process has finished cleanly [pid 35161]
[INFO] [navigator-7]: sending signal 'SIGINT' to process[navigator-7]
[INFO] [robot_state_publisher-5]: sending signal 'SIGINT' to process[robot_state_publisher-5]
[INFO] [parameter_bridge-4]: sending signal 'SIGINT' to process[parameter_bridge-4]
[INFO] [parameter_bridge-3]: sending signal 'SIGINT' to process[parameter_bridge-3]
[INFO] [gazebo-1]: sending signal 'SIGINT' to process[gazebo-1]
[robot_state_publisher-5] [INFO] [1790524494.927242584] [rclcpp]: signal_handler(SIGINT/SIGTERM)
[parameter_bridge-4] [INFO] [1790524494.930608645] [rclcpp]: signal_handler(SIGINT/SIGTERM)
[parameter_bridge-3] [INFO] [1790524494.934093000] [rclcpp]: signal_handler(SIGINT/SIGTERM)
[INFO] [parameter_bridge-4]: process has finished cleanly [pid 35159]
[INFO] [robot_state_publisher-5]: process has finished cleanly [pid 35160]
[INFO] [parameter_bridge-3]: process has finished cleanly [pid 35158]
[INFO] [navigator-7]: process has finished cleanly [pid 35308]
[ERROR] [gazebo-1]: process[gazebo-1] failed to terminate '5' seconds after receiving 'SIGINT', escalating to 'SIGTERM'
[INFO] [gazebo-1]: sending signal 'SIGTERM' to process[gazebo-1]
[ERROR] [gazebo-1]: process has died [pid 35155, exit code -15, cmd 'ruby /opt/ros/jazzy/opt/gz_tools_vendor/bin/gz sim -r -s -v1 /home/qms/ros_ws/install/tb3_nav_task/share/tb3_nav_task/worlds/open_field.sdf --force-version 8'].
[INFO] [launch]: process[gazebo-1] was required: shutting down launched system
