ros2 launch tb3_nav_task trial.launch.py world:=u_trap strategy:=vfh gui:=false trial_id:=A_u_trap_vfh_default_s1 plan:=A variant:=1 start_x:=-2.799 start_y:=-0.124 start_yaw:=-0.59 nav_params:={} results_dir:=/home/qms/vm-share/task02/results timeout:=200.0 verbose:=1
[INFO] [launch]: All log files can be found below /home/qms/.ros/log/2026-09-28-05-18-42-833076-qms-39009
[INFO] [launch]: Default logging verbosity is set to INFO
urdf_file_name : turtlebot3_burger.urdf
[INFO] [gazebo-1]: process started with pid [39012]
[INFO] [create-2]: process started with pid [39013]
[INFO] [parameter_bridge-3]: process started with pid [39015]
[INFO] [parameter_bridge-4]: process started with pid [39016]
[INFO] [robot_state_publisher-5]: process started with pid [39017]
[INFO] [trial_monitor-6]: process started with pid [39018]
[robot_state_publisher-5] [INFO] [1790525923.327535660] [robot_state_publisher]: Robot initialized
[create-2] [INFO] [1790525923.345641662] [ros_gz_sim]: Requesting list of world names.
[parameter_bridge-4] [INFO] [1790525923.375682387] [ground_truth_bridge]: Creating GZ->ROS Bridge: [/model/burger/pose (gz.msgs.Pose) -> /model/burger/pose (geometry_msgs/msg/PoseStamped)] (Lazy 0)
[create-2] [INFO] [1790525923.860272689] [ros_gz_sim]: Entity creation successful.
[INFO] [create-2]: process has finished cleanly [pid 39013]
[trial_monitor-6] [INFO] [1790525924.002357467] [trial_monitor]: monitoring trial A_u_trap_vfh_default_s1 in u_trap, timeout 200 s sim
[parameter_bridge-3] [INFO] [1790525924.364864057] [tb3_bridge]: Creating GZ->ROS Bridge: [clock (gz.msgs.Clock) -> clock (rosgraph_msgs/msg/Clock)] (Lazy 0)
[parameter_bridge-3] [INFO] [1790525924.370334662] [tb3_bridge]: Creating GZ->ROS Bridge: [joint_states (gz.msgs.Model) -> joint_states (sensor_msgs/msg/JointState)] (Lazy 0)
[parameter_bridge-3] [INFO] [1790525924.376913822] [tb3_bridge]: Creating GZ->ROS Bridge: [odom (gz.msgs.Odometry) -> odom (nav_msgs/msg/Odometry)] (Lazy 0)
[parameter_bridge-3] [INFO] [1790525924.380093900] [tb3_bridge]: Creating GZ->ROS Bridge: [tf (gz.msgs.Pose_V) -> tf (tf2_msgs/msg/TFMessage)] (Lazy 0)
[parameter_bridge-3] [INFO] [1790525924.383027226] [tb3_bridge]: Creating ROS->GZ Bridge: [cmd_vel (geometry_msgs/msg/TwistStamped) -> cmd_vel (gz.msgs.Twist)] (Lazy 0)
[parameter_bridge-3] [INFO] [1790525924.384896206] [tb3_bridge]: Creating GZ->ROS Bridge: [imu (gz.msgs.IMU) -> imu (sensor_msgs/msg/Imu)] (Lazy 0)
[parameter_bridge-3] [INFO] [1790525924.385952510] [tb3_bridge]: Creating GZ->ROS Bridge: [scan (gz.msgs.LaserScan) -> scan (sensor_msgs/msg/LaserScan)] (Lazy 0)
[gazebo-1] [1;33mWarning [Utils.cc:132][0m [/sdf/model[@name="turtlebot3_burger"]/link[@name="base_scan"]/sensor[@name="hls_lfcd_lds"]/gz_frame_id:/tmp/tb3_nav_task_burger.sdf:L126]: XML Element[gz_frame_id], child of element[sensor], not defined in SDF. Copying[gz_frame_id] as children of [sensor].
[gazebo-1] libEGL warning: Not allowed to force software rendering when API explicitly selects a hardware device.
[INFO] [navigator-7]: process started with pid [39197]
[navigator-7] [INFO] [1790525927.031546889] [navigator]: navigator: strategy=vfh localization=odom_imu shaping=True params={'v_max': 0.18, 'w_max': 1.5, 'safety': 0.12, 'lookahead': 1.0, 'bin_deg': 5.0, 'k_w': 2.0, 'w_goal': 1.0, 'w_turn': 0.25, 'w_prev': 0.25, 'slow_dist': 0.6, 'stop_dist': 0.1, 'goal_tol': 0.2} start=(-2.799, -0.124, -0.59) goal=(2.8, 0.0)
[navigator-7] [INFO] [1790525927.069803292] [navigator]: publishing TwistStamped on /cmd_vel
[parameter_bridge-3] [INFO] [1790525927.070575926] [tb3_bridge]: Passing message from ROS geometry_msgs/msg/TwistStamped to Gazebo gz.msgs.Twist (showing msg only once per type)
[navigator-7] [INFO] [1790525927.213812132] [navigator]: WAITING -> GO_GOAL  pose=(-2.80,-0.12,-34deg) goal_dist=5.60
[trial_monitor-6] [INFO] [1790525927.228472844] [trial_monitor]: trial started (first active control cycle)
[navigator-7] [INFO] [1790525940.871384879] [navigator]: GO_GOAL -> AVOID  pose=(-0.43,-0.08,2deg) goal_dist=3.23
[trial_monitor-6] [INFO] [1790526127.706069479] [trial_monitor]: RESULT TIMEOUT: success=False time=200.1s path=8.90m collisions=0 min_clear=0.416m goal_err=2.869m est_err=0.596m odom_err=0.655m rtf=0.999
[INFO] [trial_monitor-6]: process has finished cleanly [pid 39018]
[INFO] [navigator-7]: sending signal 'SIGINT' to process[navigator-7]
[INFO] [robot_state_publisher-5]: sending signal 'SIGINT' to process[robot_state_publisher-5]
[INFO] [parameter_bridge-4]: sending signal 'SIGINT' to process[parameter_bridge-4]
[INFO] [parameter_bridge-3]: sending signal 'SIGINT' to process[parameter_bridge-3]
[INFO] [gazebo-1]: sending signal 'SIGINT' to process[gazebo-1]
[robot_state_publisher-5] [INFO] [1790526127.981394237] [rclcpp]: signal_handler(SIGINT/SIGTERM)
[parameter_bridge-4] [INFO] [1790526127.984518356] [rclcpp]: signal_handler(SIGINT/SIGTERM)
[parameter_bridge-3] [INFO] [1790526127.986679963] [rclcpp]: signal_handler(SIGINT/SIGTERM)
[INFO] [robot_state_publisher-5]: process has finished cleanly [pid 39017]
[INFO] [parameter_bridge-3]: process has finished cleanly [pid 39015]
[INFO] [parameter_bridge-4]: process has finished cleanly [pid 39016]
[INFO] [navigator-7]: process has finished cleanly [pid 39197]
[ERROR] [gazebo-1]: process[gazebo-1] failed to terminate '5' seconds after receiving 'SIGINT', escalating to 'SIGTERM'
[INFO] [gazebo-1]: sending signal 'SIGTERM' to process[gazebo-1]
[ERROR] [gazebo-1]: process has died [pid 39012, exit code -15, cmd 'ruby /opt/ros/jazzy/opt/gz_tools_vendor/bin/gz sim -r -s -v1 /home/qms/ros_ws/install/tb3_nav_task/share/tb3_nav_task/worlds/u_trap.sdf --force-version 8'].
[INFO] [launch]: process[gazebo-1] was required: shutting down launched system
