ros2 launch tb3_nav_task trial.launch.py world:=cluttered strategy:=vfh gui:=false trial_id:=B_cluttered_vfh_v_max0.1_s0 plan:=B variant:=0 start_x:=-2.9 start_y:=-2.0 start_yaw:=0.0 nav_params:={"v_max": 0.1} results_dir:=/home/qms/vm-share/task02/results timeout:=200.0 verbose:=1
[INFO] [launch]: All log files can be found below /home/qms/.ros/log/2026-09-28-05-36-14-524736-qms-40806
[INFO] [launch]: Default logging verbosity is set to INFO
urdf_file_name : turtlebot3_burger.urdf
[INFO] [gazebo-1]: process started with pid [40809]
[INFO] [create-2]: process started with pid [40810]
[INFO] [parameter_bridge-3]: process started with pid [40812]
[INFO] [parameter_bridge-4]: process started with pid [40813]
[INFO] [robot_state_publisher-5]: process started with pid [40814]
[INFO] [trial_monitor-6]: process started with pid [40815]
[robot_state_publisher-5] [INFO] [1790526975.058977281] [robot_state_publisher]: Robot initialized
[parameter_bridge-4] [INFO] [1790526975.065520114] [ground_truth_bridge]: Creating GZ->ROS Bridge: [/model/burger/pose (gz.msgs.Pose) -> /model/burger/pose (geometry_msgs/msg/PoseStamped)] (Lazy 0)
[create-2] [INFO] [1790526975.108443790] [ros_gz_sim]: Requesting list of world names.
[create-2] [INFO] [1790526975.619410846] [ros_gz_sim]: Entity creation successful.
[INFO] [create-2]: process has finished cleanly [pid 40810]
[trial_monitor-6] [INFO] [1790526975.801288395] [trial_monitor]: monitoring trial B_cluttered_vfh_v_max0.1_s0 in cluttered, timeout 200 s sim
[parameter_bridge-3] [INFO] [1790526976.066480356] [tb3_bridge]: Creating GZ->ROS Bridge: [clock (gz.msgs.Clock) -> clock (rosgraph_msgs/msg/Clock)] (Lazy 0)
[parameter_bridge-3] [INFO] [1790526976.069832649] [tb3_bridge]: Creating GZ->ROS Bridge: [joint_states (gz.msgs.Model) -> joint_states (sensor_msgs/msg/JointState)] (Lazy 0)
[parameter_bridge-3] [INFO] [1790526976.074524019] [tb3_bridge]: Creating GZ->ROS Bridge: [odom (gz.msgs.Odometry) -> odom (nav_msgs/msg/Odometry)] (Lazy 0)
[parameter_bridge-3] [INFO] [1790526976.077077500] [tb3_bridge]: Creating GZ->ROS Bridge: [tf (gz.msgs.Pose_V) -> tf (tf2_msgs/msg/TFMessage)] (Lazy 0)
[parameter_bridge-3] [INFO] [1790526976.079575314] [tb3_bridge]: Creating ROS->GZ Bridge: [cmd_vel (geometry_msgs/msg/TwistStamped) -> cmd_vel (gz.msgs.Twist)] (Lazy 0)
[parameter_bridge-3] [INFO] [1790526976.081017351] [tb3_bridge]: Creating GZ->ROS Bridge: [imu (gz.msgs.IMU) -> imu (sensor_msgs/msg/Imu)] (Lazy 0)
[parameter_bridge-3] [INFO] [1790526976.081935499] [tb3_bridge]: Creating GZ->ROS Bridge: [scan (gz.msgs.LaserScan) -> scan (sensor_msgs/msg/LaserScan)] (Lazy 0)
[gazebo-1] [1;33mWarning [Utils.cc:132][0m [/sdf/model[@name="turtlebot3_burger"]/link[@name="base_scan"]/sensor[@name="hls_lfcd_lds"]/gz_frame_id:/tmp/tb3_nav_task_burger.sdf:L126]: XML Element[gz_frame_id], child of element[sensor], not defined in SDF. Copying[gz_frame_id] as children of [sensor].
[gazebo-1] libEGL warning: Not allowed to force software rendering when API explicitly selects a hardware device.
[INFO] [navigator-7]: process started with pid [40994]
[navigator-7] [INFO] [1790526978.757827063] [navigator]: navigator: strategy=vfh localization=odom_imu shaping=True params={'v_max': 0.1, 'w_max': 1.5, 'safety': 0.12, 'lookahead': 1.0, 'bin_deg': 5.0, 'k_w': 2.0, 'w_goal': 1.0, 'w_turn': 0.25, 'w_prev': 0.25, 'slow_dist': 0.6, 'stop_dist': 0.1, 'goal_tol': 0.2} start=(-2.9, -2.0, 0.0) goal=(2.9, 2.0)
[navigator-7] [INFO] [1790526978.819876180] [navigator]: publishing TwistStamped on /cmd_vel
[parameter_bridge-3] [INFO] [1790526978.820402818] [tb3_bridge]: Passing message from ROS geometry_msgs/msg/TwistStamped to Gazebo gz.msgs.Twist (showing msg only once per type)
[navigator-7] [INFO] [1790526978.920520527] [navigator]: WAITING -> GO_GOAL  pose=(-2.90,-2.00,0deg) goal_dist=7.05
[trial_monitor-6] [INFO] [1790526978.936212634] [trial_monitor]: trial started (first active control cycle)
[navigator-7] [INFO] [1790526981.760428053] [navigator]: GO_GOAL -> AVOID  pose=(-2.68,-1.90,34deg) goal_dist=6.81
[navigator-7] [INFO] [1790526989.969363505] [navigator]: AVOID -> GO_GOAL  pose=(-1.96,-1.51,28deg) goal_dist=5.99
[navigator-7] [INFO] [1790526990.319895095] [navigator]: GO_GOAL -> AVOID  pose=(-1.92,-1.49,30deg) goal_dist=5.95
[navigator-7] [INFO] [1790526990.419845270] [navigator]: AVOID -> GO_GOAL  pose=(-1.91,-1.49,31deg) goal_dist=5.94
[navigator-7] [INFO] [1790526991.169922881] [navigator]: GO_GOAL -> AVOID  pose=(-1.85,-1.45,31deg) goal_dist=5.88
[navigator-7] [INFO] [1790526991.919868142] [navigator]: AVOID -> GO_GOAL  pose=(-1.78,-1.41,29deg) goal_dist=5.80
[navigator-7] [INFO] [1790526992.363889140] [navigator]: GO_GOAL -> AVOID  pose=(-1.75,-1.39,32deg) goal_dist=5.76
[navigator-7] [INFO] [1790526992.519904090] [navigator]: AVOID -> GO_GOAL  pose=(-1.73,-1.38,33deg) goal_dist=5.74
[navigator-7] [INFO] [1790527048.508353979] [navigator]: GO_GOAL -> REACHED  pose=(2.76,1.87,42deg) goal_dist=0.19
[trial_monitor-6] [INFO] [1790527048.770957133] [trial_monitor]: RESULT REACHED: success=True time=69.3s path=6.83m collisions=0 min_clear=0.138m goal_err=0.226m est_err=0.044m odom_err=2.115m rtf=0.994
[INFO] [trial_monitor-6]: process has finished cleanly [pid 40815]
[INFO] [navigator-7]: sending signal 'SIGINT' to process[navigator-7]
[INFO] [robot_state_publisher-5]: sending signal 'SIGINT' to process[robot_state_publisher-5]
[INFO] [parameter_bridge-4]: sending signal 'SIGINT' to process[parameter_bridge-4]
[INFO] [parameter_bridge-3]: sending signal 'SIGINT' to process[parameter_bridge-3]
[INFO] [gazebo-1]: sending signal 'SIGINT' to process[gazebo-1]
[robot_state_publisher-5] [INFO] [1790527048.990931858] [rclcpp]: signal_handler(SIGINT/SIGTERM)
[parameter_bridge-4] [INFO] [1790527048.993554878] [rclcpp]: signal_handler(SIGINT/SIGTERM)
[parameter_bridge-3] [INFO] [1790527048.997316051] [rclcpp]: signal_handler(SIGINT/SIGTERM)
[INFO] [parameter_bridge-4]: process has finished cleanly [pid 40813]
[INFO] [robot_state_publisher-5]: process has finished cleanly [pid 40814]
[INFO] [parameter_bridge-3]: process has finished cleanly [pid 40812]
[INFO] [navigator-7]: process has finished cleanly [pid 40994]
[ERROR] [gazebo-1]: process[gazebo-1] failed to terminate '5' seconds after receiving 'SIGINT', escalating to 'SIGTERM'
[INFO] [gazebo-1]: sending signal 'SIGTERM' to process[gazebo-1]
[ERROR] [gazebo-1]: process has died [pid 40809, exit code -15, cmd 'ruby /opt/ros/jazzy/opt/gz_tools_vendor/bin/gz sim -r -s -v1 /home/qms/ros_ws/install/tb3_nav_task/share/tb3_nav_task/worlds/cluttered.sdf --force-version 8'].
[INFO] [launch]: process[gazebo-1] was required: shutting down launched system
