ros2 launch tb3_nav_task trial.launch.py world:=cluttered strategy:=vfh gui:=false trial_id:=B_cluttered_vfh_v_max0.22_s1 plan:=B variant:=1 start_x:=-2.904 start_y:=-2.054 start_yaw:=0.118 nav_params:={"v_max": 0.22} results_dir:=/home/qms/vm-share/task02/results timeout:=200.0 verbose:=1
[INFO] [launch]: All log files can be found below /home/qms/.ros/log/2026-09-28-05-44-12-427042-qms-42584
[INFO] [launch]: Default logging verbosity is set to INFO
urdf_file_name : turtlebot3_burger.urdf
[INFO] [gazebo-1]: process started with pid [42587]
[INFO] [create-2]: process started with pid [42588]
[INFO] [parameter_bridge-3]: process started with pid [42590]
[INFO] [parameter_bridge-4]: process started with pid [42591]
[INFO] [robot_state_publisher-5]: process started with pid [42592]
[INFO] [trial_monitor-6]: process started with pid [42593]
[robot_state_publisher-5] [INFO] [1790527452.880905801] [robot_state_publisher]: Robot initialized
[create-2] [INFO] [1790527452.920842881] [ros_gz_sim]: Requesting list of world names.
[parameter_bridge-4] [INFO] [1790527452.949487178] [ground_truth_bridge]: Creating GZ->ROS Bridge: [/model/burger/pose (gz.msgs.Pose) -> /model/burger/pose (geometry_msgs/msg/PoseStamped)] (Lazy 0)
[create-2] [INFO] [1790527453.437329571] [ros_gz_sim]: Entity creation successful.
[INFO] [create-2]: process has finished cleanly [pid 42588]
[trial_monitor-6] [INFO] [1790527453.578118637] [trial_monitor]: monitoring trial B_cluttered_vfh_v_max0.22_s1 in cluttered, timeout 200 s sim
[parameter_bridge-3] [INFO] [1790527453.948650920] [tb3_bridge]: Creating GZ->ROS Bridge: [clock (gz.msgs.Clock) -> clock (rosgraph_msgs/msg/Clock)] (Lazy 0)
[parameter_bridge-3] [INFO] [1790527453.956309097] [tb3_bridge]: Creating GZ->ROS Bridge: [joint_states (gz.msgs.Model) -> joint_states (sensor_msgs/msg/JointState)] (Lazy 0)
[parameter_bridge-3] [INFO] [1790527453.964390406] [tb3_bridge]: Creating GZ->ROS Bridge: [odom (gz.msgs.Odometry) -> odom (nav_msgs/msg/Odometry)] (Lazy 0)
[parameter_bridge-3] [INFO] [1790527453.970813352] [tb3_bridge]: Creating GZ->ROS Bridge: [tf (gz.msgs.Pose_V) -> tf (tf2_msgs/msg/TFMessage)] (Lazy 0)
[parameter_bridge-3] [INFO] [1790527453.975521727] [tb3_bridge]: Creating ROS->GZ Bridge: [cmd_vel (geometry_msgs/msg/TwistStamped) -> cmd_vel (gz.msgs.Twist)] (Lazy 0)
[parameter_bridge-3] [INFO] [1790527453.977731308] [tb3_bridge]: Creating GZ->ROS Bridge: [imu (gz.msgs.IMU) -> imu (sensor_msgs/msg/Imu)] (Lazy 0)
[parameter_bridge-3] [INFO] [1790527453.979124207] [tb3_bridge]: Creating GZ->ROS Bridge: [scan (gz.msgs.LaserScan) -> scan (sensor_msgs/msg/LaserScan)] (Lazy 0)
[gazebo-1] [1;33mWarning [Utils.cc:132][0m [/sdf/model[@name="turtlebot3_burger"]/link[@name="base_scan"]/sensor[@name="hls_lfcd_lds"]/gz_frame_id:/tmp/tb3_nav_task_burger.sdf:L126]: XML Element[gz_frame_id], child of element[sensor], not defined in SDF. Copying[gz_frame_id] as children of [sensor].
[gazebo-1] libEGL warning: Not allowed to force software rendering when API explicitly selects a hardware device.
[INFO] [navigator-7]: process started with pid [42772]
[navigator-7] [INFO] [1790527456.577491932] [navigator]: navigator: strategy=vfh localization=odom_imu shaping=True params={'v_max': 0.22, 'w_max': 1.5, 'safety': 0.12, 'lookahead': 1.0, 'bin_deg': 5.0, 'k_w': 2.0, 'w_goal': 1.0, 'w_turn': 0.25, 'w_prev': 0.25, 'slow_dist': 0.6, 'stop_dist': 0.1, 'goal_tol': 0.2} start=(-2.904, -2.054, 0.118) goal=(2.9, 2.0)
[navigator-7] [INFO] [1790527459.656785292] [navigator]: publishing TwistStamped on /cmd_vel
[parameter_bridge-3] [INFO] [1790527459.657353261] [tb3_bridge]: Passing message from ROS geometry_msgs/msg/TwistStamped to Gazebo gz.msgs.Twist (showing msg only once per type)
[navigator-7] [INFO] [1790527459.735723388] [navigator]: WAITING -> GO_GOAL  pose=(-2.90,-2.05,7deg) goal_dist=7.08
[trial_monitor-6] [INFO] [1790527459.762366148] [trial_monitor]: trial started (first active control cycle)
[navigator-7] [INFO] [1790527461.776975816] [navigator]: GO_GOAL -> AVOID  pose=(-2.57,-1.89,35deg) goal_dist=6.71
[navigator-7] [INFO] [1790527462.135397272] [navigator]: AVOID -> GO_GOAL  pose=(-2.50,-1.84,31deg) goal_dist=6.62
[navigator-7] [INFO] [1790527462.884481455] [navigator]: GO_GOAL -> AVOID  pose=(-2.36,-1.76,31deg) goal_dist=6.47
[navigator-7] [INFO] [1790527464.777416388] [navigator]: AVOID -> GO_GOAL  pose=(-2.00,-1.54,31deg) goal_dist=6.05
[navigator-7] [INFO] [1790527465.735030953] [navigator]: GO_GOAL -> AVOID  pose=(-1.82,-1.43,33deg) goal_dist=5.83
[navigator-7] [INFO] [1790527465.979993785] [navigator]: AVOID -> GO_GOAL  pose=(-1.78,-1.40,32deg) goal_dist=5.79
[navigator-7] [INFO] [1790527491.477226295] [navigator]: GO_GOAL -> REACHED  pose=(2.76,1.86,41deg) goal_dist=0.20
[trial_monitor-6] [INFO] [1790527491.714297597] [trial_monitor]: RESULT REACHED: success=True time=31.9s path=6.88m collisions=0 min_clear=0.142m goal_err=0.212m est_err=0.025m odom_err=0.678m rtf=1.0
[INFO] [trial_monitor-6]: process has finished cleanly [pid 42593]
[INFO] [navigator-7]: sending signal 'SIGINT' to process[navigator-7]
[INFO] [robot_state_publisher-5]: sending signal 'SIGINT' to process[robot_state_publisher-5]
[INFO] [parameter_bridge-4]: sending signal 'SIGINT' to process[parameter_bridge-4]
[INFO] [parameter_bridge-3]: sending signal 'SIGINT' to process[parameter_bridge-3]
[INFO] [gazebo-1]: sending signal 'SIGINT' to process[gazebo-1]
[robot_state_publisher-5] [INFO] [1790527491.887316043] [rclcpp]: signal_handler(SIGINT/SIGTERM)
[parameter_bridge-4] [INFO] [1790527491.891031774] [rclcpp]: signal_handler(SIGINT/SIGTERM)
[parameter_bridge-3] [INFO] [1790527491.892541050] [rclcpp]: signal_handler(SIGINT/SIGTERM)
[navigator-7] Traceback (most recent call last):
[navigator-7]   File "/home/qms/ros_ws/install/tb3_nav_task/lib/tb3_nav_task/navigator", line 33, in <module>
[navigator-7]     sys.exit(load_entry_point('tb3-nav-task', 'console_scripts', 'navigator')())
[navigator-7]              ^^^^^^^^^^^^^^^^^^^^^^^^^^^^^^^^^^^^^^^^^^^^^^^^^^^^^^^^^^^^^^^^^^
[navigator-7]   File "/home/qms/ros_ws/build/tb3_nav_task/tb3_nav_task/navigator.py", line 195, in main
[navigator-7]     rclpy.spin(node)
[navigator-7]   File "/opt/ros/jazzy/lib/python3.12/site-packages/rclpy/__init__.py", line 247, in spin
[navigator-7]     executor.spin_once()
[navigator-7]   File "/opt/ros/jazzy/lib/python3.12/site-packages/rclpy/executors.py", line 926, in spin_once
[navigator-7]     self._spin_once_impl(timeout_sec)
[navigator-7]   File "/opt/ros/jazzy/lib/python3.12/site-packages/rclpy/executors.py", line 918, in _spin_once_impl
[navigator-7]     raise handler.exception()
[navigator-7]   File "/opt/ros/jazzy/lib/python3.12/site-packages/rclpy/task.py", line 286, in _execute_coroutine_step
[navigator-7]     result = coro.send(None)
[navigator-7]              ^^^^^^^^^^^^^^^
[navigator-7]   File "/opt/ros/jazzy/lib/python3.12/site-packages/rclpy/executors.py", line 584, in handler
[navigator-7]     call_coroutine = take_from_wait_list(entity)
[navigator-7]                      ^^^^^^^^^^^^^^^^^^^^^^^^^^^
[navigator-7]   File "/opt/ros/jazzy/lib/python3.12/site-packages/rclpy/executors.py", line 470, in _take_subscription
[navigator-7]     msg_info = sub.handle.take_message(sub.msg_type, sub.raw)
[navigator-7]                ^^^^^^^^^^^^^^^^^^^^^^^^^^^^^^^^^^^^^^^^^^^^^^
[navigator-7] RuntimeError: Unable to convert call argument '0' to Python object (#define PYBIND11_DETAILED_ERROR_MESSAGES or compile in debug mode for details)
[INFO] [robot_state_publisher-5]: process has finished cleanly [pid 42592]
[INFO] [parameter_bridge-4]: process has finished cleanly [pid 42591]
[INFO] [parameter_bridge-3]: process has finished cleanly [pid 42590]
[ERROR] [navigator-7]: process has died [pid 42772, exit code 1, cmd '/home/qms/ros_ws/install/tb3_nav_task/lib/tb3_nav_task/navigator --ros-args --params-file /tmp/launch_params_p4rjw04s'].
[ERROR] [gazebo-1]: process[gazebo-1] failed to terminate '5' seconds after receiving 'SIGINT', escalating to 'SIGTERM'
[INFO] [gazebo-1]: sending signal 'SIGTERM' to process[gazebo-1]
[ERROR] [gazebo-1]: process has died [pid 42587, exit code -15, cmd 'ruby /opt/ros/jazzy/opt/gz_tools_vendor/bin/gz sim -r -s -v1 /home/qms/ros_ws/install/tb3_nav_task/share/tb3_nav_task/worlds/cluttered.sdf --force-version 8'].
[INFO] [launch]: process[gazebo-1] was required: shutting down launched system
