ros2 launch tb3_nav_task trial.launch.py world:=cluttered strategy:=bug2 gui:=false trial_id:=B_cluttered_bug2_v_max0.22_s0 plan:=B variant:=0 start_x:=-2.9 start_y:=-2.0 start_yaw:=0.0 nav_params:={"v_max": 0.22} results_dir:=/home/qms/vm-share/task02/results timeout:=200.0 verbose:=1
[INFO] [launch]: All log files can be found below /home/qms/.ros/log/2026-09-28-05-57-18-764344-qms-44672
[INFO] [launch]: Default logging verbosity is set to INFO
urdf_file_name : turtlebot3_burger.urdf
[INFO] [gazebo-1]: process started with pid [44675]
[INFO] [create-2]: process started with pid [44676]
[INFO] [parameter_bridge-3]: process started with pid [44677]
[INFO] [parameter_bridge-4]: process started with pid [44679]
[INFO] [robot_state_publisher-5]: process started with pid [44680]
[INFO] [trial_monitor-6]: process started with pid [44681]
[create-2] [INFO] [1790528239.341613861] [ros_gz_sim]: Requesting list of world names.
[parameter_bridge-4] [INFO] [1790528239.346524886] [ground_truth_bridge]: Creating GZ->ROS Bridge: [/model/burger/pose (gz.msgs.Pose) -> /model/burger/pose (geometry_msgs/msg/PoseStamped)] (Lazy 0)
[robot_state_publisher-5] [INFO] [1790528239.360922583] [robot_state_publisher]: Robot initialized
[create-2] [INFO] [1790528239.905277139] [ros_gz_sim]: Entity creation successful.
[INFO] [create-2]: process has finished cleanly [pid 44676]
[trial_monitor-6] [INFO] [1790528240.142717964] [trial_monitor]: monitoring trial B_cluttered_bug2_v_max0.22_s0 in cluttered, timeout 200 s sim
[parameter_bridge-3] [INFO] [1790528240.369629228] [tb3_bridge]: Creating GZ->ROS Bridge: [clock (gz.msgs.Clock) -> clock (rosgraph_msgs/msg/Clock)] (Lazy 0)
[parameter_bridge-3] [INFO] [1790528240.371614797] [tb3_bridge]: Creating GZ->ROS Bridge: [joint_states (gz.msgs.Model) -> joint_states (sensor_msgs/msg/JointState)] (Lazy 0)
[parameter_bridge-3] [INFO] [1790528240.374599337] [tb3_bridge]: Creating GZ->ROS Bridge: [odom (gz.msgs.Odometry) -> odom (nav_msgs/msg/Odometry)] (Lazy 0)
[parameter_bridge-3] [INFO] [1790528240.376689449] [tb3_bridge]: Creating GZ->ROS Bridge: [tf (gz.msgs.Pose_V) -> tf (tf2_msgs/msg/TFMessage)] (Lazy 0)
[parameter_bridge-3] [INFO] [1790528240.378284221] [tb3_bridge]: Creating ROS->GZ Bridge: [cmd_vel (geometry_msgs/msg/TwistStamped) -> cmd_vel (gz.msgs.Twist)] (Lazy 0)
[parameter_bridge-3] [INFO] [1790528240.379519113] [tb3_bridge]: Creating GZ->ROS Bridge: [imu (gz.msgs.IMU) -> imu (sensor_msgs/msg/Imu)] (Lazy 0)
[parameter_bridge-3] [INFO] [1790528240.380062037] [tb3_bridge]: Creating GZ->ROS Bridge: [scan (gz.msgs.LaserScan) -> scan (sensor_msgs/msg/LaserScan)] (Lazy 0)
[gazebo-1] [1;33mWarning [Utils.cc:132][0m [/sdf/model[@name="turtlebot3_burger"]/link[@name="base_scan"]/sensor[@name="hls_lfcd_lds"]/gz_frame_id:/tmp/tb3_nav_task_burger.sdf:L126]: XML Element[gz_frame_id], child of element[sensor], not defined in SDF. Copying[gz_frame_id] as children of [sensor].
[gazebo-1] libEGL warning: Not allowed to force software rendering when API explicitly selects a hardware device.
[INFO] [navigator-7]: process started with pid [44860]
[navigator-7] [INFO] [1790528243.325105228] [navigator]: navigator: strategy=bug2 localization=odom_imu shaping=True params={'v_max': 0.22, 'w_max': 1.5, 'hit_dist': 0.3, 'd_follow': 0.3, 'k_head': 2.0, 'k_wall': 3.0, 'mline_tol': 0.1, 'leave_progress': 0.15, 'min_follow': 0.5, 'goal_tol': 0.2} start=(-2.9, -2.0, 0.0) goal=(2.9, 2.0)
[navigator-7] [INFO] [1790528243.327466135] [navigator]: publishing TwistStamped on /cmd_vel
[parameter_bridge-3] [INFO] [1790528243.328948114] [tb3_bridge]: Passing message from ROS geometry_msgs/msg/TwistStamped to Gazebo gz.msgs.Twist (showing msg only once per type)
[navigator-7] [INFO] [1790528243.449914348] [navigator]: WAITING -> GO_GOAL  pose=(-2.90,-2.00,-0deg) goal_dist=7.05
[trial_monitor-6] [INFO] [1790528243.762404569] [trial_monitor]: trial started (first active control cycle)
[navigator-7] [INFO] [1790528275.088939024] [navigator]: GO_GOAL -> REACHED  pose=(2.74,1.89,35deg) goal_dist=0.20
[trial_monitor-6] [INFO] [1790528275.228767798] [trial_monitor]: RESULT REACHED: success=True time=31.4s path=6.82m collisions=0 min_clear=0.051m goal_err=0.217m est_err=0.021m odom_err=1.412m rtf=1.0
[INFO] [trial_monitor-6]: process has finished cleanly [pid 44681]
[INFO] [navigator-7]: sending signal 'SIGINT' to process[navigator-7]
[INFO] [robot_state_publisher-5]: sending signal 'SIGINT' to process[robot_state_publisher-5]
[INFO] [parameter_bridge-4]: sending signal 'SIGINT' to process[parameter_bridge-4]
[INFO] [parameter_bridge-3]: sending signal 'SIGINT' to process[parameter_bridge-3]
[INFO] [gazebo-1]: sending signal 'SIGINT' to process[gazebo-1]
[robot_state_publisher-5] [INFO] [1790528275.391746386] [rclcpp]: signal_handler(SIGINT/SIGTERM)
[parameter_bridge-4] [INFO] [1790528275.393024820] [rclcpp]: signal_handler(SIGINT/SIGTERM)
[parameter_bridge-3] [INFO] [1790528275.395111140] [rclcpp]: signal_handler(SIGINT/SIGTERM)
[INFO] [parameter_bridge-3]: process has finished cleanly [pid 44677]
[INFO] [robot_state_publisher-5]: process has finished cleanly [pid 44680]
[INFO] [parameter_bridge-4]: process has finished cleanly [pid 44679]
[INFO] [navigator-7]: process has finished cleanly [pid 44860]
[ERROR] [gazebo-1]: process[gazebo-1] failed to terminate '5' seconds after receiving 'SIGINT', escalating to 'SIGTERM'
[INFO] [gazebo-1]: sending signal 'SIGTERM' to process[gazebo-1]
[ERROR] [gazebo-1]: process has died [pid 44675, exit code -15, cmd 'ruby /opt/ros/jazzy/opt/gz_tools_vendor/bin/gz sim -r -s -v1 /home/qms/ros_ws/install/tb3_nav_task/share/tb3_nav_task/worlds/cluttered.sdf --force-version 8'].
[INFO] [launch]: process[gazebo-1] was required: shutting down launched system
