ros2 launch tb3_nav_task trial.launch.py world:=cluttered strategy:=vfh gui:=false trial_id:=B_cluttered_vfh_v_max0.15_s1 plan:=B variant:=1 start_x:=-2.904 start_y:=-2.054 start_yaw:=0.118 nav_params:={"v_max": 0.15} results_dir:=/home/qms/vm-share/task02/results timeout:=200.0 verbose:=1
[INFO] [launch]: All log files can be found below /home/qms/.ros/log/2026-09-28-05-41-24-358051-qms-41825
[INFO] [launch]: Default logging verbosity is set to INFO
urdf_file_name : turtlebot3_burger.urdf
[INFO] [gazebo-1]: process started with pid [41828]
[INFO] [create-2]: process started with pid [41829]
[INFO] [parameter_bridge-3]: process started with pid [41831]
[INFO] [parameter_bridge-4]: process started with pid [41832]
[INFO] [robot_state_publisher-5]: process started with pid [41833]
[INFO] [trial_monitor-6]: process started with pid [41834]
[robot_state_publisher-5] [INFO] [1790527284.865492248] [robot_state_publisher]: Robot initialized
[create-2] [INFO] [1790527284.878490753] [ros_gz_sim]: Requesting list of world names.
[parameter_bridge-4] [INFO] [1790527284.909626781] [ground_truth_bridge]: Creating GZ->ROS Bridge: [/model/burger/pose (gz.msgs.Pose) -> /model/burger/pose (geometry_msgs/msg/PoseStamped)] (Lazy 0)
[create-2] [INFO] [1790527285.444454224] [ros_gz_sim]: Entity creation successful.
[INFO] [create-2]: process has finished cleanly [pid 41829]
[trial_monitor-6] [INFO] [1790527285.605758345] [trial_monitor]: monitoring trial B_cluttered_vfh_v_max0.15_s1 in cluttered, timeout 200 s sim
[parameter_bridge-3] [INFO] [1790527285.899723440] [tb3_bridge]: Creating GZ->ROS Bridge: [clock (gz.msgs.Clock) -> clock (rosgraph_msgs/msg/Clock)] (Lazy 0)
[parameter_bridge-3] [INFO] [1790527285.903549849] [tb3_bridge]: Creating GZ->ROS Bridge: [joint_states (gz.msgs.Model) -> joint_states (sensor_msgs/msg/JointState)] (Lazy 0)
[parameter_bridge-3] [INFO] [1790527285.908522863] [tb3_bridge]: Creating GZ->ROS Bridge: [odom (gz.msgs.Odometry) -> odom (nav_msgs/msg/Odometry)] (Lazy 0)
[parameter_bridge-3] [INFO] [1790527285.911676758] [tb3_bridge]: Creating GZ->ROS Bridge: [tf (gz.msgs.Pose_V) -> tf (tf2_msgs/msg/TFMessage)] (Lazy 0)
[parameter_bridge-3] [INFO] [1790527285.914100139] [tb3_bridge]: Creating ROS->GZ Bridge: [cmd_vel (geometry_msgs/msg/TwistStamped) -> cmd_vel (gz.msgs.Twist)] (Lazy 0)
[parameter_bridge-3] [INFO] [1790527285.915821923] [tb3_bridge]: Creating GZ->ROS Bridge: [imu (gz.msgs.IMU) -> imu (sensor_msgs/msg/Imu)] (Lazy 0)
[parameter_bridge-3] [INFO] [1790527285.916759983] [tb3_bridge]: Creating GZ->ROS Bridge: [scan (gz.msgs.LaserScan) -> scan (sensor_msgs/msg/LaserScan)] (Lazy 0)
[gazebo-1] [1;33mWarning [Utils.cc:132][0m [/sdf/model[@name="turtlebot3_burger"]/link[@name="base_scan"]/sensor[@name="hls_lfcd_lds"]/gz_frame_id:/tmp/tb3_nav_task_burger.sdf:L126]: XML Element[gz_frame_id], child of element[sensor], not defined in SDF. Copying[gz_frame_id] as children of [sensor].
[gazebo-1] libEGL warning: Not allowed to force software rendering when API explicitly selects a hardware device.
[INFO] [navigator-7]: process started with pid [42013]
[navigator-7] [INFO] [1790527288.584421336] [navigator]: navigator: strategy=vfh localization=odom_imu shaping=True params={'v_max': 0.15, 'w_max': 1.5, 'safety': 0.12, 'lookahead': 1.0, 'bin_deg': 5.0, 'k_w': 2.0, 'w_goal': 1.0, 'w_turn': 0.25, 'w_prev': 0.25, 'slow_dist': 0.6, 'stop_dist': 0.1, 'goal_tol': 0.2} start=(-2.904, -2.054, 0.118) goal=(2.9, 2.0)
[navigator-7] [INFO] [1790527291.615941404] [navigator]: publishing TwistStamped on /cmd_vel
[parameter_bridge-3] [INFO] [1790527291.616368620] [tb3_bridge]: Passing message from ROS geometry_msgs/msg/TwistStamped to Gazebo gz.msgs.Twist (showing msg only once per type)
[navigator-7] [INFO] [1790527291.802734508] [navigator]: WAITING -> GO_GOAL  pose=(-2.90,-2.05,7deg) goal_dist=7.08
[trial_monitor-6] [INFO] [1790527291.818192393] [trial_monitor]: trial started (first active control cycle)
[navigator-7] [INFO] [1790527294.242084075] [navigator]: GO_GOAL -> AVOID  pose=(-2.62,-1.91,35deg) goal_dist=6.77
[navigator-7] [INFO] [1790527294.602474262] [navigator]: AVOID -> GO_GOAL  pose=(-2.57,-1.88,32deg) goal_dist=6.71
[navigator-7] [INFO] [1790527299.743147092] [navigator]: GO_GOAL -> AVOID  pose=(-1.92,-1.48,31deg) goal_dist=5.94
[navigator-7] [INFO] [1790527300.844232580] [navigator]: AVOID -> GO_GOAL  pose=(-1.77,-1.40,29deg) goal_dist=5.78
[navigator-7] [INFO] [1790527338.158523654] [navigator]: GO_GOAL -> REACHED  pose=(2.76,1.87,40deg) goal_dist=0.19
[trial_monitor-6] [INFO] [1790527338.407912412] [trial_monitor]: RESULT REACHED: success=True time=46.5s path=6.88m collisions=0 min_clear=0.142m goal_err=0.215m est_err=0.035m odom_err=1.352m rtf=1.0
[INFO] [trial_monitor-6]: process has finished cleanly [pid 41834]
[INFO] [navigator-7]: sending signal 'SIGINT' to process[navigator-7]
[INFO] [robot_state_publisher-5]: sending signal 'SIGINT' to process[robot_state_publisher-5]
[INFO] [parameter_bridge-4]: sending signal 'SIGINT' to process[parameter_bridge-4]
[INFO] [parameter_bridge-3]: sending signal 'SIGINT' to process[parameter_bridge-3]
[INFO] [gazebo-1]: sending signal 'SIGINT' to process[gazebo-1]
[robot_state_publisher-5] [INFO] [1790527338.562198704] [rclcpp]: signal_handler(SIGINT/SIGTERM)
[parameter_bridge-4] [INFO] [1790527338.566021901] [rclcpp]: signal_handler(SIGINT/SIGTERM)
[parameter_bridge-3] [INFO] [1790527338.569282713] [rclcpp]: signal_handler(SIGINT/SIGTERM)
[INFO] [robot_state_publisher-5]: process has finished cleanly [pid 41833]
[INFO] [parameter_bridge-3]: process has finished cleanly [pid 41831]
[INFO] [parameter_bridge-4]: process has finished cleanly [pid 41832]
[INFO] [navigator-7]: process has finished cleanly [pid 42013]
[ERROR] [gazebo-1]: process[gazebo-1] failed to terminate '5' seconds after receiving 'SIGINT', escalating to 'SIGTERM'
[INFO] [gazebo-1]: sending signal 'SIGTERM' to process[gazebo-1]
[ERROR] [gazebo-1]: process has died [pid 41828, exit code -15, cmd 'ruby /opt/ros/jazzy/opt/gz_tools_vendor/bin/gz sim -r -s -v1 /home/qms/ros_ws/install/tb3_nav_task/share/tb3_nav_task/worlds/cluttered.sdf --force-version 8'].
[INFO] [launch]: process[gazebo-1] was required: shutting down launched system
