ros2 launch tb3_nav_task trial.launch.py world:=cluttered strategy:=bug2 gui:=false trial_id:=B_cluttered_bug2_v_max0.22_s2 plan:=B variant:=2 start_x:=-2.882 start_y:=-2.077 start_yaw:=-0.273 nav_params:={"v_max": 0.22} results_dir:=/home/qms/vm-share/task02/results timeout:=200.0 verbose:=1
[INFO] [launch]: All log files can be found below /home/qms/.ros/log/2026-09-28-05-58-52-433625-qms-45178
[INFO] [launch]: Default logging verbosity is set to INFO
urdf_file_name : turtlebot3_burger.urdf
[INFO] [gazebo-1]: process started with pid [45181]
[INFO] [create-2]: process started with pid [45182]
[INFO] [parameter_bridge-3]: process started with pid [45184]
[INFO] [parameter_bridge-4]: process started with pid [45185]
[INFO] [robot_state_publisher-5]: process started with pid [45186]
[INFO] [trial_monitor-6]: process started with pid [45187]
[create-2] [INFO] [1790528333.008996126] [ros_gz_sim]: Requesting list of world names.
[robot_state_publisher-5] [INFO] [1790528333.015238252] [robot_state_publisher]: Robot initialized
[parameter_bridge-4] [INFO] [1790528333.025246053] [ground_truth_bridge]: Creating GZ->ROS Bridge: [/model/burger/pose (gz.msgs.Pose) -> /model/burger/pose (geometry_msgs/msg/PoseStamped)] (Lazy 0)
[create-2] [INFO] [1790528333.576266892] [ros_gz_sim]: Entity creation successful.
[INFO] [create-2]: process has finished cleanly [pid 45182]
[trial_monitor-6] [INFO] [1790528333.717516294] [trial_monitor]: monitoring trial B_cluttered_bug2_v_max0.22_s2 in cluttered, timeout 200 s sim
[parameter_bridge-3] [INFO] [1790528334.040713356] [tb3_bridge]: Creating GZ->ROS Bridge: [clock (gz.msgs.Clock) -> clock (rosgraph_msgs/msg/Clock)] (Lazy 0)
[parameter_bridge-3] [INFO] [1790528334.045865550] [tb3_bridge]: Creating GZ->ROS Bridge: [joint_states (gz.msgs.Model) -> joint_states (sensor_msgs/msg/JointState)] (Lazy 0)
[parameter_bridge-3] [INFO] [1790528334.052443972] [tb3_bridge]: Creating GZ->ROS Bridge: [odom (gz.msgs.Odometry) -> odom (nav_msgs/msg/Odometry)] (Lazy 0)
[parameter_bridge-3] [INFO] [1790528334.055681641] [tb3_bridge]: Creating GZ->ROS Bridge: [tf (gz.msgs.Pose_V) -> tf (tf2_msgs/msg/TFMessage)] (Lazy 0)
[parameter_bridge-3] [INFO] [1790528334.058117215] [tb3_bridge]: Creating ROS->GZ Bridge: [cmd_vel (geometry_msgs/msg/TwistStamped) -> cmd_vel (gz.msgs.Twist)] (Lazy 0)
[parameter_bridge-3] [INFO] [1790528334.059843488] [tb3_bridge]: Creating GZ->ROS Bridge: [imu (gz.msgs.IMU) -> imu (sensor_msgs/msg/Imu)] (Lazy 0)
[parameter_bridge-3] [INFO] [1790528334.060726667] [tb3_bridge]: Creating GZ->ROS Bridge: [scan (gz.msgs.LaserScan) -> scan (sensor_msgs/msg/LaserScan)] (Lazy 0)
[gazebo-1] [1;33mWarning [Utils.cc:132][0m [/sdf/model[@name="turtlebot3_burger"]/link[@name="base_scan"]/sensor[@name="hls_lfcd_lds"]/gz_frame_id:/tmp/tb3_nav_task_burger.sdf:L126]: XML Element[gz_frame_id], child of element[sensor], not defined in SDF. Copying[gz_frame_id] as children of [sensor].
[gazebo-1] libEGL warning: Not allowed to force software rendering when API explicitly selects a hardware device.
[INFO] [navigator-7]: process started with pid [45367]
[navigator-7] [INFO] [1790528336.746104619] [navigator]: navigator: strategy=bug2 localization=odom_imu shaping=True params={'v_max': 0.22, 'w_max': 1.5, 'hit_dist': 0.3, 'd_follow': 0.3, 'k_head': 2.0, 'k_wall': 3.0, 'mline_tol': 0.1, 'leave_progress': 0.15, 'min_follow': 0.5, 'goal_tol': 0.2} start=(-2.882, -2.077, -0.273) goal=(2.9, 2.0)
[navigator-7] [INFO] [1790528336.747769641] [navigator]: publishing TwistStamped on /cmd_vel
[parameter_bridge-3] [INFO] [1790528336.748589652] [tb3_bridge]: Passing message from ROS geometry_msgs/msg/TwistStamped to Gazebo gz.msgs.Twist (showing msg only once per type)
[navigator-7] [INFO] [1790528336.869870827] [navigator]: WAITING -> GO_GOAL  pose=(-2.88,-2.08,-16deg) goal_dist=7.07
[trial_monitor-6] [INFO] [1790528337.414345490] [trial_monitor]: trial started (first active control cycle)
[navigator-7] [INFO] [1790528369.261560428] [navigator]: GO_GOAL -> REACHED  pose=(2.75,1.89,36deg) goal_dist=0.19
[trial_monitor-6] [INFO] [1790528369.491199840] [trial_monitor]: RESULT REACHED: success=True time=32.0s path=6.88m collisions=0 min_clear=0.083m goal_err=0.209m est_err=0.032m odom_err=0.984m rtf=0.998
[INFO] [trial_monitor-6]: process has finished cleanly [pid 45187]
[INFO] [navigator-7]: sending signal 'SIGINT' to process[navigator-7]
[INFO] [robot_state_publisher-5]: sending signal 'SIGINT' to process[robot_state_publisher-5]
[INFO] [parameter_bridge-4]: sending signal 'SIGINT' to process[parameter_bridge-4]
[INFO] [parameter_bridge-3]: sending signal 'SIGINT' to process[parameter_bridge-3]
[INFO] [gazebo-1]: sending signal 'SIGINT' to process[gazebo-1]
[robot_state_publisher-5] [INFO] [1790528369.645929373] [rclcpp]: signal_handler(SIGINT/SIGTERM)
[parameter_bridge-4] [INFO] [1790528369.648538324] [rclcpp]: signal_handler(SIGINT/SIGTERM)
[parameter_bridge-3] [INFO] [1790528369.654477487] [rclcpp]: signal_handler(SIGINT/SIGTERM)
[INFO] [parameter_bridge-4]: process has finished cleanly [pid 45185]
[INFO] [robot_state_publisher-5]: process has finished cleanly [pid 45186]
[INFO] [parameter_bridge-3]: process has finished cleanly [pid 45184]
[INFO] [navigator-7]: process has finished cleanly [pid 45367]
[ERROR] [gazebo-1]: process[gazebo-1] failed to terminate '5' seconds after receiving 'SIGINT', escalating to 'SIGTERM'
[INFO] [gazebo-1]: sending signal 'SIGTERM' to process[gazebo-1]
[ERROR] [gazebo-1]: process has died [pid 45181, exit code -15, cmd 'ruby /opt/ros/jazzy/opt/gz_tools_vendor/bin/gz sim -r -s -v1 /home/qms/ros_ws/install/tb3_nav_task/share/tb3_nav_task/worlds/cluttered.sdf --force-version 8'].
[INFO] [launch]: process[gazebo-1] was required: shutting down launched system
