ros2 launch tb3_nav_task trial.launch.py world:=cluttered strategy:=bug2 gui:=false trial_id:=B_cluttered_bug2_v_max0.15_s0 plan:=B variant:=0 start_x:=-2.9 start_y:=-2.0 start_yaw:=0.0 nav_params:={"v_max": 0.15} results_dir:=/home/qms/vm-share/task02/results timeout:=200.0 verbose:=1
[INFO] [launch]: All log files can be found below /home/qms/.ros/log/2026-09-28-05-52-08-440548-qms-43907
[INFO] [launch]: Default logging verbosity is set to INFO
urdf_file_name : turtlebot3_burger.urdf
[INFO] [gazebo-1]: process started with pid [43910]
[INFO] [create-2]: process started with pid [43911]
[INFO] [parameter_bridge-3]: process started with pid [43913]
[INFO] [parameter_bridge-4]: process started with pid [43914]
[INFO] [robot_state_publisher-5]: process started with pid [43915]
[INFO] [trial_monitor-6]: process started with pid [43916]
[robot_state_publisher-5] [INFO] [1790527928.922991288] [robot_state_publisher]: Robot initialized
[create-2] [INFO] [1790527928.945911330] [ros_gz_sim]: Requesting list of world names.
[parameter_bridge-4] [INFO] [1790527928.972653844] [ground_truth_bridge]: Creating GZ->ROS Bridge: [/model/burger/pose (gz.msgs.Pose) -> /model/burger/pose (geometry_msgs/msg/PoseStamped)] (Lazy 0)
[create-2] [INFO] [1790527929.468840611] [ros_gz_sim]: Entity creation successful.
[INFO] [create-2]: process has finished cleanly [pid 43911]
[trial_monitor-6] [INFO] [1790527929.715896042] [trial_monitor]: monitoring trial B_cluttered_bug2_v_max0.15_s0 in cluttered, timeout 200 s sim
[parameter_bridge-3] [INFO] [1790527929.950927672] [tb3_bridge]: Creating GZ->ROS Bridge: [clock (gz.msgs.Clock) -> clock (rosgraph_msgs/msg/Clock)] (Lazy 0)
[parameter_bridge-3] [INFO] [1790527929.953310332] [tb3_bridge]: Creating GZ->ROS Bridge: [joint_states (gz.msgs.Model) -> joint_states (sensor_msgs/msg/JointState)] (Lazy 0)
[parameter_bridge-3] [INFO] [1790527929.955989121] [tb3_bridge]: Creating GZ->ROS Bridge: [odom (gz.msgs.Odometry) -> odom (nav_msgs/msg/Odometry)] (Lazy 0)
[parameter_bridge-3] [INFO] [1790527929.957873648] [tb3_bridge]: Creating GZ->ROS Bridge: [tf (gz.msgs.Pose_V) -> tf (tf2_msgs/msg/TFMessage)] (Lazy 0)
[parameter_bridge-3] [INFO] [1790527929.959644091] [tb3_bridge]: Creating ROS->GZ Bridge: [cmd_vel (geometry_msgs/msg/TwistStamped) -> cmd_vel (gz.msgs.Twist)] (Lazy 0)
[parameter_bridge-3] [INFO] [1790527929.960920901] [tb3_bridge]: Creating GZ->ROS Bridge: [imu (gz.msgs.IMU) -> imu (sensor_msgs/msg/Imu)] (Lazy 0)
[parameter_bridge-3] [INFO] [1790527929.961443117] [tb3_bridge]: Creating GZ->ROS Bridge: [scan (gz.msgs.LaserScan) -> scan (sensor_msgs/msg/LaserScan)] (Lazy 0)
[gazebo-1] [1;33mWarning [Utils.cc:132][0m [/sdf/model[@name="turtlebot3_burger"]/link[@name="base_scan"]/sensor[@name="hls_lfcd_lds"]/gz_frame_id:/tmp/tb3_nav_task_burger.sdf:L126]: XML Element[gz_frame_id], child of element[sensor], not defined in SDF. Copying[gz_frame_id] as children of [sensor].
[gazebo-1] libEGL warning: Not allowed to force software rendering when API explicitly selects a hardware device.
[INFO] [navigator-7]: process started with pid [44095]
[navigator-7] [INFO] [1790527932.690034536] [navigator]: navigator: strategy=bug2 localization=odom_imu shaping=True params={'v_max': 0.15, 'w_max': 1.5, 'hit_dist': 0.3, 'd_follow': 0.3, 'k_head': 2.0, 'k_wall': 3.0, 'mline_tol': 0.1, 'leave_progress': 0.15, 'min_follow': 0.5, 'goal_tol': 0.2} start=(-2.9, -2.0, 0.0) goal=(2.9, 2.0)
[navigator-7] [INFO] [1790527935.670772175] [navigator]: publishing TwistStamped on /cmd_vel
[parameter_bridge-3] [INFO] [1790527935.671706105] [tb3_bridge]: Passing message from ROS geometry_msgs/msg/TwistStamped to Gazebo gz.msgs.Twist (showing msg only once per type)
[navigator-7] [INFO] [1790527935.779788051] [navigator]: WAITING -> GO_GOAL  pose=(-2.90,-2.00,-0deg) goal_dist=7.05
[trial_monitor-6] [INFO] [1790527935.799712549] [trial_monitor]: trial started (first active control cycle)
[navigator-7] [INFO] [1790527943.223027392] [navigator]: GO_GOAL -> FOLLOW_TURN  pose=(-2.02,-1.46,35deg) goal_dist=6.02
[navigator-7] [INFO] [1790527946.432759063] [navigator]: FOLLOW_TURN -> FOLLOW  pose=(-2.02,-1.46,135deg) goal_dist=6.01
[navigator-7] [INFO] [1790527956.434552357] [navigator]: FOLLOW -> FOLLOW_TURN  pose=(-2.50,-0.99,5deg) goal_dist=6.17
[navigator-7] [INFO] [1790527956.588022326] [navigator]: FOLLOW_TURN -> FOLLOW  pose=(-2.50,-0.99,0deg) goal_dist=6.17
[navigator-7] [INFO] [1790527956.788055635] [navigator]: FOLLOW -> FOLLOW_ARC  pose=(-2.49,-0.99,-4deg) goal_dist=6.16
[navigator-7] [INFO] [1790527956.988077276] [navigator]: FOLLOW_ARC -> FOLLOW_TURN  pose=(-2.48,-0.99,-8deg) goal_dist=6.15
[navigator-7] [INFO] [1790527958.037571613] [navigator]: FOLLOW_TURN -> FOLLOW  pose=(-2.48,-0.99,4deg) goal_dist=6.15
[navigator-7] [INFO] [1790527958.188335541] [navigator]: FOLLOW -> FOLLOW_TURN  pose=(-2.47,-0.99,10deg) goal_dist=6.14
[navigator-7] [INFO] [1790527959.236851067] [navigator]: FOLLOW_TURN -> FOLLOW  pose=(-2.47,-0.99,42deg) goal_dist=6.14
[navigator-7] [INFO] [1790527970.037868571] [navigator]: FOLLOW -> FOLLOW_TURN  pose=(-1.93,-0.47,-88deg) goal_dist=5.42
[navigator-7] [INFO] [1790527970.588096081] [navigator]: FOLLOW_TURN -> FOLLOW_ARC  pose=(-1.93,-0.47,-96deg) goal_dist=5.43
[navigator-7] [INFO] [1790527970.988094260] [navigator]: FOLLOW_ARC -> FOLLOW_TURN  pose=(-1.93,-0.50,-93deg) goal_dist=5.44
[navigator-7] [INFO] [1790527972.632306482] [navigator]: FOLLOW_TURN -> FOLLOW  pose=(-1.93,-0.50,-54deg) goal_dist=5.44
[navigator-7] [INFO] [1790527979.439405831] [navigator]: FOLLOW -> LEAVE  pose=(-1.32,-0.84,-58deg) goal_dist=5.08
[navigator-7] [INFO] [1790527979.488419369] [navigator]: LEAVE -> GO_GOAL  pose=(-1.32,-0.84,-61deg) goal_dist=5.08
[navigator-7] [INFO] [1790527983.646983324] [navigator]: GO_GOAL -> FOLLOW_ARC  pose=(-1.12,-0.74,35deg) goal_dist=4.86
[navigator-7] [INFO] [1790527983.800970869] [navigator]: FOLLOW_ARC -> FOLLOW_TURN  pose=(-1.10,-0.73,34deg) goal_dist=4.85
[navigator-7] [INFO] [1790527984.200976779] [navigator]: FOLLOW_TURN -> FOLLOW_ARC  pose=(-1.10,-0.73,33deg) goal_dist=4.85
[navigator-7] [INFO] [1790527984.400901357] [navigator]: FOLLOW_ARC -> FOLLOW_TURN  pose=(-1.10,-0.73,36deg) goal_dist=4.84
[navigator-7] [INFO] [1790527987.042678482] [navigator]: FOLLOW_TURN -> FOLLOW  pose=(-1.09,-0.73,121deg) goal_dist=4.84
[navigator-7] [INFO] [1790527997.647666072] [navigator]: FOLLOW -> FOLLOW_TURN  pose=(-1.44,-0.11,-25deg) goal_dist=4.82
[navigator-7] [INFO] [1790527999.049977763] [navigator]: FOLLOW_TURN -> FOLLOW_ARC  pose=(-1.44,-0.11,-16deg) goal_dist=4.82
[navigator-7] [INFO] [1790527999.201051049] [navigator]: FOLLOW_ARC -> FOLLOW  pose=(-1.43,-0.11,-10deg) goal_dist=4.81
[navigator-7] [INFO] [1790527999.400943950] [navigator]: FOLLOW -> FOLLOW_TURN  pose=(-1.42,-0.11,-6deg) goal_dist=4.81
[navigator-7] [INFO] [1790528000.839630153] [navigator]: FOLLOW_TURN -> FOLLOW  pose=(-1.42,-0.11,31deg) goal_dist=4.81
[navigator-7] [INFO] [1790528011.051568845] [navigator]: FOLLOW -> FOLLOW_TURN  pose=(-0.77,0.25,-96deg) goal_dist=4.07
[navigator-7] [INFO] [1790528011.601047017] [navigator]: FOLLOW_TURN -> FOLLOW  pose=(-0.77,0.25,-103deg) goal_dist=4.07
[navigator-7] [INFO] [1790528012.243325219] [navigator]: FOLLOW -> FOLLOW_TURN  pose=(-0.78,0.22,-100deg) goal_dist=4.09
[navigator-7] [INFO] [1790528013.848199854] [navigator]: FOLLOW_TURN -> FOLLOW  pose=(-0.78,0.22,-73deg) goal_dist=4.09
[navigator-7] [INFO] [1790528019.146710847] [navigator]: FOLLOW -> LEAVE  pose=(-0.38,-0.14,-34deg) goal_dist=3.92
[navigator-7] [INFO] [1790528019.200764533] [navigator]: LEAVE -> GO_GOAL  pose=(-0.38,-0.15,-35deg) goal_dist=3.92
[navigator-7] [INFO] [1790528023.447314971] [navigator]: GO_GOAL -> FOLLOW_ARC  pose=(-0.05,0.04,34deg) goal_dist=3.54
[navigator-7] [INFO] [1790528023.800831041] [navigator]: FOLLOW_ARC -> FOLLOW_TURN  pose=(-0.02,0.05,30deg) goal_dist=3.51
[navigator-7] [INFO] [1790528024.649549446] [navigator]: FOLLOW_TURN -> FOLLOW_ARC  pose=(-0.02,0.05,38deg) goal_dist=3.51
[navigator-7] [INFO] [1790528024.800839472] [navigator]: FOLLOW_ARC -> FOLLOW_TURN  pose=(-0.02,0.06,44deg) goal_dist=3.50
[navigator-7] [INFO] [1790528025.400935297] [navigator]: FOLLOW_TURN -> FOLLOW  pose=(-0.02,0.06,62deg) goal_dist=3.50
[navigator-7] [INFO] [1790528025.600942266] [navigator]: FOLLOW -> FOLLOW_TURN  pose=(-0.01,0.07,68deg) goal_dist=3.49
[navigator-7] [INFO] [1790528026.441870805] [navigator]: FOLLOW_TURN -> FOLLOW  pose=(-0.01,0.07,93deg) goal_dist=3.49
[navigator-7] [INFO] [1790528037.294818646] [navigator]: FOLLOW -> FOLLOW_TURN  pose=(-0.15,0.83,-22deg) goal_dist=3.27
[navigator-7] [INFO] [1790528037.646530467] [navigator]: FOLLOW_TURN -> FOLLOW  pose=(-0.15,0.83,-28deg) goal_dist=3.27
[navigator-7] [INFO] [1790528038.046562472] [navigator]: FOLLOW -> FOLLOW_TURN  pose=(-0.13,0.82,-29deg) goal_dist=3.25
[navigator-7] [INFO] [1790528038.889826969] [navigator]: FOLLOW_TURN -> FOLLOW  pose=(-0.13,0.82,-27deg) goal_dist=3.25
[navigator-7] [INFO] [1790528039.047874001] [navigator]: FOLLOW -> FOLLOW_TURN  pose=(-0.12,0.81,-22deg) goal_dist=3.25
[navigator-7] [INFO] [1790528039.846664406] [navigator]: FOLLOW_TURN -> FOLLOW  pose=(-0.12,0.81,3deg) goal_dist=3.25
[navigator-7] [INFO] [1790528050.492336274] [navigator]: FOLLOW -> FOLLOW_TURN  pose=(0.64,0.89,-117deg) goal_dist=2.52
[navigator-7] [INFO] [1790528050.649915752] [navigator]: FOLLOW_TURN -> FOLLOW  pose=(0.64,0.89,-122deg) goal_dist=2.52
[navigator-7] [INFO] [1790528050.850071999] [navigator]: FOLLOW -> FOLLOW_TURN  pose=(0.63,0.88,-125deg) goal_dist=2.53
[navigator-7] [INFO] [1790528051.450016064] [navigator]: FOLLOW_TURN -> FOLLOW  pose=(0.63,0.88,-127deg) goal_dist=2.53
[navigator-7] [INFO] [1790528051.695723704] [navigator]: FOLLOW -> FOLLOW_TURN  pose=(0.63,0.88,-123deg) goal_dist=2.53
[navigator-7] [INFO] [1790528052.651064582] [navigator]: FOLLOW_TURN -> FOLLOW  pose=(0.63,0.88,-91deg) goal_dist=2.53
[navigator-7] [INFO] [1790528055.200652355] [navigator]: FOLLOW -> LEAVE  pose=(0.70,0.59,-63deg) goal_dist=2.61
[navigator-7] [INFO] [1790528055.249816049] [navigator]: LEAVE -> GO_GOAL  pose=(0.70,0.59,-61deg) goal_dist=2.61
[navigator-7] [INFO] [1790528059.899066937] [navigator]: GO_GOAL -> FOLLOW_ARC  pose=(1.04,0.78,33deg) goal_dist=2.22
[navigator-7] [INFO] [1790528060.250041389] [navigator]: FOLLOW_ARC -> FOLLOW_TURN  pose=(1.07,0.79,29deg) goal_dist=2.19
[navigator-7] [INFO] [1790528060.449930168] [navigator]: FOLLOW_TURN -> FOLLOW_ARC  pose=(1.07,0.80,28deg) goal_dist=2.19
[navigator-7] [INFO] [1790528060.649986282] [navigator]: FOLLOW_ARC -> FOLLOW_TURN  pose=(1.08,0.80,27deg) goal_dist=2.18
[navigator-7] [INFO] [1790528063.498118703] [navigator]: FOLLOW_TURN -> FOLLOW  pose=(1.08,0.80,108deg) goal_dist=2.18
[navigator-7] [INFO] [1790528074.495595961] [navigator]: FOLLOW -> FOLLOW_TURN  pose=(0.81,1.48,-27deg) goal_dist=2.15
[navigator-7] [INFO] [1790528075.250267826] [navigator]: FOLLOW_TURN -> FOLLOW_ARC  pose=(0.81,1.48,-35deg) goal_dist=2.15
[navigator-7] [INFO] [1790528075.690782897] [navigator]: FOLLOW_ARC -> FOLLOW_TURN  pose=(0.83,1.47,-29deg) goal_dist=2.14
[navigator-7] [INFO] [1790528077.492323728] [navigator]: FOLLOW_TURN -> FOLLOW  pose=(0.83,1.47,20deg) goal_dist=2.14
[navigator-7] [INFO] [1790528087.897678979] [navigator]: FOLLOW -> FOLLOW_TURN  pose=(1.53,1.73,-106deg) goal_dist=1.40
[navigator-7] [INFO] [1790528088.450322606] [navigator]: FOLLOW_TURN -> FOLLOW  pose=(1.53,1.73,-111deg) goal_dist=1.40
[navigator-7] [INFO] [1790528088.850040296] [navigator]: FOLLOW -> FOLLOW_TURN  pose=(1.52,1.72,-107deg) goal_dist=1.40
[navigator-7] [INFO] [1790528090.102019562] [navigator]: FOLLOW_TURN -> FOLLOW  pose=(1.52,1.72,-80deg) goal_dist=1.41
[navigator-7] [INFO] [1790528094.298427462] [navigator]: FOLLOW -> LEAVE  pose=(1.78,1.34,-31deg) goal_dist=1.30
[navigator-7] [INFO] [1790528094.349935850] [navigator]: LEAVE -> GO_GOAL  pose=(1.79,1.34,-31deg) goal_dist=1.30
[navigator-7] [INFO] [1790528102.794325138] [navigator]: GO_GOAL -> REACHED  pose=(2.74,1.90,32deg) goal_dist=0.19
[trial_monitor-6] [INFO] [1790528103.140662857] [trial_monitor]: RESULT REACHED: success=True time=167.1s path=14.08m collisions=0 min_clear=0.092m goal_err=0.262m est_err=0.203m odom_err=6.937m rtf=1.0
[INFO] [trial_monitor-6]: process has finished cleanly [pid 43916]
[INFO] [navigator-7]: sending signal 'SIGINT' to process[navigator-7]
[INFO] [robot_state_publisher-5]: sending signal 'SIGINT' to process[robot_state_publisher-5]
[INFO] [parameter_bridge-4]: sending signal 'SIGINT' to process[parameter_bridge-4]
[INFO] [parameter_bridge-3]: sending signal 'SIGINT' to process[parameter_bridge-3]
[INFO] [gazebo-1]: sending signal 'SIGINT' to process[gazebo-1]
[robot_state_publisher-5] [INFO] [1790528103.365241539] [rclcpp]: signal_handler(SIGINT/SIGTERM)
[parameter_bridge-4] [INFO] [1790528103.366240553] [rclcpp]: signal_handler(SIGINT/SIGTERM)
[parameter_bridge-3] [INFO] [1790528103.370243067] [rclcpp]: signal_handler(SIGINT/SIGTERM)
[INFO] [robot_state_publisher-5]: process has finished cleanly [pid 43915]
[INFO] [parameter_bridge-3]: process has finished cleanly [pid 43913]
[INFO] [parameter_bridge-4]: process has finished cleanly [pid 43914]
[INFO] [navigator-7]: process has finished cleanly [pid 44095]
[ERROR] [gazebo-1]: process[gazebo-1] failed to terminate '5' seconds after receiving 'SIGINT', escalating to 'SIGTERM'
[INFO] [gazebo-1]: sending signal 'SIGTERM' to process[gazebo-1]
[ERROR] [gazebo-1]: process has died [pid 43910, exit code -15, cmd 'ruby /opt/ros/jazzy/opt/gz_tools_vendor/bin/gz sim -r -s -v1 /home/qms/ros_ws/install/tb3_nav_task/share/tb3_nav_task/worlds/cluttered.sdf --force-version 8'].
[INFO] [launch]: process[gazebo-1] was required: shutting down launched system
