ros2 launch tb3_nav_task trial.launch.py world:=cluttered strategy:=vfh gui:=false trial_id:=B_cluttered_vfh_v_max0.15_s0 plan:=B variant:=0 start_x:=-2.9 start_y:=-2.0 start_yaw:=0.0 nav_params:={"v_max": 0.15} results_dir:=/home/qms/vm-share/task02/results timeout:=200.0 verbose:=1
[INFO] [launch]: All log files can be found below /home/qms/.ros/log/2026-09-28-05-40-24-613033-qms-41572
[INFO] [launch]: Default logging verbosity is set to INFO
urdf_file_name : turtlebot3_burger.urdf
[INFO] [gazebo-1]: process started with pid [41575]
[INFO] [create-2]: process started with pid [41576]
[INFO] [parameter_bridge-3]: process started with pid [41578]
[INFO] [parameter_bridge-4]: process started with pid [41579]
[INFO] [robot_state_publisher-5]: process started with pid [41580]
[INFO] [trial_monitor-6]: process started with pid [41581]
[create-2] [INFO] [1790527225.173096059] [ros_gz_sim]: Requesting list of world names.
[robot_state_publisher-5] [INFO] [1790527225.185071054] [robot_state_publisher]: Robot initialized
[parameter_bridge-4] [INFO] [1790527225.221822390] [ground_truth_bridge]: Creating GZ->ROS Bridge: [/model/burger/pose (gz.msgs.Pose) -> /model/burger/pose (geometry_msgs/msg/PoseStamped)] (Lazy 0)
[create-2] [INFO] [1790527225.694589364] [ros_gz_sim]: Entity creation successful.
[INFO] [create-2]: process has finished cleanly [pid 41576]
[trial_monitor-6] [INFO] [1790527225.877620570] [trial_monitor]: monitoring trial B_cluttered_vfh_v_max0.15_s0 in cluttered, timeout 200 s sim
[parameter_bridge-3] [INFO] [1790527226.219504819] [tb3_bridge]: Creating GZ->ROS Bridge: [clock (gz.msgs.Clock) -> clock (rosgraph_msgs/msg/Clock)] (Lazy 0)
[parameter_bridge-3] [INFO] [1790527226.223029933] [tb3_bridge]: Creating GZ->ROS Bridge: [joint_states (gz.msgs.Model) -> joint_states (sensor_msgs/msg/JointState)] (Lazy 0)
[parameter_bridge-3] [INFO] [1790527226.227425981] [tb3_bridge]: Creating GZ->ROS Bridge: [odom (gz.msgs.Odometry) -> odom (nav_msgs/msg/Odometry)] (Lazy 0)
[parameter_bridge-3] [INFO] [1790527226.229397646] [tb3_bridge]: Creating GZ->ROS Bridge: [tf (gz.msgs.Pose_V) -> tf (tf2_msgs/msg/TFMessage)] (Lazy 0)
[parameter_bridge-3] [INFO] [1790527226.231440355] [tb3_bridge]: Creating ROS->GZ Bridge: [cmd_vel (geometry_msgs/msg/TwistStamped) -> cmd_vel (gz.msgs.Twist)] (Lazy 0)
[parameter_bridge-3] [INFO] [1790527226.232548086] [tb3_bridge]: Creating GZ->ROS Bridge: [imu (gz.msgs.IMU) -> imu (sensor_msgs/msg/Imu)] (Lazy 0)
[parameter_bridge-3] [INFO] [1790527226.233113972] [tb3_bridge]: Creating GZ->ROS Bridge: [scan (gz.msgs.LaserScan) -> scan (sensor_msgs/msg/LaserScan)] (Lazy 0)
[gazebo-1] [1;33mWarning [Utils.cc:132][0m [/sdf/model[@name="turtlebot3_burger"]/link[@name="base_scan"]/sensor[@name="hls_lfcd_lds"]/gz_frame_id:/tmp/tb3_nav_task_burger.sdf:L126]: XML Element[gz_frame_id], child of element[sensor], not defined in SDF. Copying[gz_frame_id] as children of [sensor].
[gazebo-1] libEGL warning: Not allowed to force software rendering when API explicitly selects a hardware device.
[INFO] [navigator-7]: process started with pid [41760]
[navigator-7] [INFO] [1790527228.934072699] [navigator]: navigator: strategy=vfh localization=odom_imu shaping=True params={'v_max': 0.15, 'w_max': 1.5, 'safety': 0.12, 'lookahead': 1.0, 'bin_deg': 5.0, 'k_w': 2.0, 'w_goal': 1.0, 'w_turn': 0.25, 'w_prev': 0.25, 'slow_dist': 0.6, 'stop_dist': 0.1, 'goal_tol': 0.2} start=(-2.9, -2.0, 0.0) goal=(2.9, 2.0)
[navigator-7] [INFO] [1790527229.051751520] [navigator]: publishing TwistStamped on /cmd_vel
[parameter_bridge-3] [INFO] [1790527229.053686434] [tb3_bridge]: Passing message from ROS geometry_msgs/msg/TwistStamped to Gazebo gz.msgs.Twist (showing msg only once per type)
[navigator-7] [INFO] [1790527229.053779394] [navigator]: WAITING -> GO_GOAL  pose=(-2.90,-2.00,0deg) goal_dist=7.05
[trial_monitor-6] [INFO] [1790527229.070255481] [trial_monitor]: trial started (first active control cycle)
[navigator-7] [INFO] [1790527231.293779146] [navigator]: GO_GOAL -> AVOID  pose=(-2.65,-1.90,34deg) goal_dist=6.78
[navigator-7] [INFO] [1790527235.494749918] [navigator]: AVOID -> GO_GOAL  pose=(-2.10,-1.60,28deg) goal_dist=6.16
[navigator-7] [INFO] [1790527235.652274078] [navigator]: GO_GOAL -> AVOID  pose=(-2.07,-1.58,29deg) goal_dist=6.13
[navigator-7] [INFO] [1790527238.094063951] [navigator]: AVOID -> GO_GOAL  pose=(-1.76,-1.40,27deg) goal_dist=5.77
[navigator-7] [INFO] [1790527275.308798819] [navigator]: GO_GOAL -> REACHED  pose=(2.76,1.87,39deg) goal_dist=0.19
[trial_monitor-6] [INFO] [1790527275.453623720] [trial_monitor]: RESULT REACHED: success=True time=46.3s path=6.83m collisions=0 min_clear=0.143m goal_err=0.228m est_err=0.040m odom_err=2.206m rtf=1.0
[INFO] [trial_monitor-6]: process has finished cleanly [pid 41581]
[INFO] [navigator-7]: sending signal 'SIGINT' to process[navigator-7]
[INFO] [robot_state_publisher-5]: sending signal 'SIGINT' to process[robot_state_publisher-5]
[INFO] [parameter_bridge-4]: sending signal 'SIGINT' to process[parameter_bridge-4]
[INFO] [parameter_bridge-3]: sending signal 'SIGINT' to process[parameter_bridge-3]
[INFO] [gazebo-1]: sending signal 'SIGINT' to process[gazebo-1]
[robot_state_publisher-5] [INFO] [1790527275.621016691] [rclcpp]: signal_handler(SIGINT/SIGTERM)
[parameter_bridge-4] [INFO] [1790527275.622947563] [rclcpp]: signal_handler(SIGINT/SIGTERM)
[parameter_bridge-3] [INFO] [1790527275.624669597] [rclcpp]: signal_handler(SIGINT/SIGTERM)
[parameter_bridge-3] Failed to delete datawriter, at ./src/publisher.cpp:45 during '__function__'
[INFO] [robot_state_publisher-5]: process has finished cleanly [pid 41580]
[INFO] [parameter_bridge-3]: process has finished cleanly [pid 41578]
[INFO] [parameter_bridge-4]: process has finished cleanly [pid 41579]
[INFO] [navigator-7]: process has finished cleanly [pid 41760]
[ERROR] [gazebo-1]: process[gazebo-1] failed to terminate '5' seconds after receiving 'SIGINT', escalating to 'SIGTERM'
[INFO] [gazebo-1]: sending signal 'SIGTERM' to process[gazebo-1]
[ERROR] [gazebo-1]: process has died [pid 41575, exit code -15, cmd 'ruby /opt/ros/jazzy/opt/gz_tools_vendor/bin/gz sim -r -s -v1 /home/qms/ros_ws/install/tb3_nav_task/share/tb3_nav_task/worlds/cluttered.sdf --force-version 8'].
[INFO] [launch]: process[gazebo-1] was required: shutting down launched system
