ros2 launch tb3_nav_task trial.launch.py world:=cluttered strategy:=bug2 gui:=false trial_id:=B_cluttered_bug2_v_max0.15_s2 plan:=B variant:=2 start_x:=-2.882 start_y:=-2.077 start_yaw:=-0.273 nav_params:={"v_max": 0.15} results_dir:=/home/qms/vm-share/task02/results timeout:=200.0 verbose:=1
[INFO] [launch]: All log files can be found below /home/qms/.ros/log/2026-09-28-05-56-14-854247-qms-44418
[INFO] [launch]: Default logging verbosity is set to INFO
urdf_file_name : turtlebot3_burger.urdf
[INFO] [gazebo-1]: process started with pid [44421]
[INFO] [create-2]: process started with pid [44422]
[INFO] [parameter_bridge-3]: process started with pid [44424]
[INFO] [parameter_bridge-4]: process started with pid [44425]
[INFO] [robot_state_publisher-5]: process started with pid [44426]
[INFO] [trial_monitor-6]: process started with pid [44427]
[robot_state_publisher-5] [INFO] [1790528175.318574359] [robot_state_publisher]: Robot initialized
[create-2] [INFO] [1790528175.329246923] [ros_gz_sim]: Requesting list of world names.
[parameter_bridge-4] [INFO] [1790528175.362835720] [ground_truth_bridge]: Creating GZ->ROS Bridge: [/model/burger/pose (gz.msgs.Pose) -> /model/burger/pose (geometry_msgs/msg/PoseStamped)] (Lazy 0)
[create-2] [INFO] [1790528175.841603659] [ros_gz_sim]: Entity creation successful.
[INFO] [create-2]: process has finished cleanly [pid 44422]
[trial_monitor-6] [INFO] [1790528175.985915817] [trial_monitor]: monitoring trial B_cluttered_bug2_v_max0.15_s2 in cluttered, timeout 200 s sim
[parameter_bridge-3] [INFO] [1790528176.350916810] [tb3_bridge]: Creating GZ->ROS Bridge: [clock (gz.msgs.Clock) -> clock (rosgraph_msgs/msg/Clock)] (Lazy 0)
[parameter_bridge-3] [INFO] [1790528176.357769863] [tb3_bridge]: Creating GZ->ROS Bridge: [joint_states (gz.msgs.Model) -> joint_states (sensor_msgs/msg/JointState)] (Lazy 0)
[parameter_bridge-3] [INFO] [1790528176.368813766] [tb3_bridge]: Creating GZ->ROS Bridge: [odom (gz.msgs.Odometry) -> odom (nav_msgs/msg/Odometry)] (Lazy 0)
[parameter_bridge-3] [INFO] [1790528176.373834335] [tb3_bridge]: Creating GZ->ROS Bridge: [tf (gz.msgs.Pose_V) -> tf (tf2_msgs/msg/TFMessage)] (Lazy 0)
[parameter_bridge-3] [INFO] [1790528176.376934836] [tb3_bridge]: Creating ROS->GZ Bridge: [cmd_vel (geometry_msgs/msg/TwistStamped) -> cmd_vel (gz.msgs.Twist)] (Lazy 0)
[parameter_bridge-3] [INFO] [1790528176.378779153] [tb3_bridge]: Creating GZ->ROS Bridge: [imu (gz.msgs.IMU) -> imu (sensor_msgs/msg/Imu)] (Lazy 0)
[parameter_bridge-3] [INFO] [1790528176.380002753] [tb3_bridge]: Creating GZ->ROS Bridge: [scan (gz.msgs.LaserScan) -> scan (sensor_msgs/msg/LaserScan)] (Lazy 0)
[gazebo-1] [1;33mWarning [Utils.cc:132][0m [/sdf/model[@name="turtlebot3_burger"]/link[@name="base_scan"]/sensor[@name="hls_lfcd_lds"]/gz_frame_id:/tmp/tb3_nav_task_burger.sdf:L126]: XML Element[gz_frame_id], child of element[sensor], not defined in SDF. Copying[gz_frame_id] as children of [sensor].
[gazebo-1] libEGL warning: Not allowed to force software rendering when API explicitly selects a hardware device.
[INFO] [navigator-7]: process started with pid [44606]
[navigator-7] [INFO] [1790528179.045051510] [navigator]: navigator: strategy=bug2 localization=odom_imu shaping=True params={'v_max': 0.15, 'w_max': 1.5, 'hit_dist': 0.3, 'd_follow': 0.3, 'k_head': 2.0, 'k_wall': 3.0, 'mline_tol': 0.1, 'leave_progress': 0.15, 'min_follow': 0.5, 'goal_tol': 0.2} start=(-2.882, -2.077, -0.273) goal=(2.9, 2.0)
[navigator-7] [INFO] [1790528182.399716670] [navigator]: publishing TwistStamped on /cmd_vel
[parameter_bridge-3] [INFO] [1790528182.400430930] [tb3_bridge]: Passing message from ROS geometry_msgs/msg/TwistStamped to Gazebo gz.msgs.Twist (showing msg only once per type)
[navigator-7] [INFO] [1790528182.618854315] [navigator]: WAITING -> GO_GOAL  pose=(-2.88,-2.08,-16deg) goal_dist=7.07
[trial_monitor-6] [INFO] [1790528182.637518072] [trial_monitor]: trial started (first active control cycle)
[navigator-7] [INFO] [1790528229.888098702] [navigator]: GO_GOAL -> REACHED  pose=(2.74,1.89,35deg) goal_dist=0.19
[trial_monitor-6] [INFO] [1790528230.036047016] [trial_monitor]: RESULT REACHED: success=True time=46.9s path=6.90m collisions=0 min_clear=0.071m goal_err=0.204m est_err=0.020m odom_err=0.803m rtf=0.991
[INFO] [trial_monitor-6]: process has finished cleanly [pid 44427]
[INFO] [navigator-7]: sending signal 'SIGINT' to process[navigator-7]
[INFO] [robot_state_publisher-5]: sending signal 'SIGINT' to process[robot_state_publisher-5]
[INFO] [parameter_bridge-4]: sending signal 'SIGINT' to process[parameter_bridge-4]
[INFO] [parameter_bridge-3]: sending signal 'SIGINT' to process[parameter_bridge-3]
[INFO] [gazebo-1]: sending signal 'SIGINT' to process[gazebo-1]
[robot_state_publisher-5] [INFO] [1790528230.190089289] [rclcpp]: signal_handler(SIGINT/SIGTERM)
[parameter_bridge-4] [INFO] [1790528230.193445168] [rclcpp]: signal_handler(SIGINT/SIGTERM)
[parameter_bridge-3] [INFO] [1790528230.196266249] [rclcpp]: signal_handler(SIGINT/SIGTERM)
[INFO] [robot_state_publisher-5]: process has finished cleanly [pid 44426]
[INFO] [parameter_bridge-4]: process has finished cleanly [pid 44425]
[INFO] [parameter_bridge-3]: process has finished cleanly [pid 44424]
[INFO] [navigator-7]: process has finished cleanly [pid 44606]
[ERROR] [gazebo-1]: process[gazebo-1] failed to terminate '5' seconds after receiving 'SIGINT', escalating to 'SIGTERM'
[INFO] [gazebo-1]: sending signal 'SIGTERM' to process[gazebo-1]
[ERROR] [gazebo-1]: process has died [pid 44421, exit code -15, cmd 'ruby /opt/ros/jazzy/opt/gz_tools_vendor/bin/gz sim -r -s -v1 /home/qms/ros_ws/install/tb3_nav_task/share/tb3_nav_task/worlds/cluttered.sdf --force-version 8'].
[INFO] [launch]: process[gazebo-1] was required: shutting down launched system
