ros2 launch tb3_nav_task trial.launch.py world:=cluttered strategy:=vfh gui:=false trial_id:=B_cluttered_vfh_v_max0.1_s2 plan:=B variant:=2 start_x:=-2.882 start_y:=-2.077 start_yaw:=-0.273 nav_params:={"v_max": 0.1} results_dir:=/home/qms/vm-share/task02/results timeout:=200.0 verbose:=1
[INFO] [launch]: All log files can be found below /home/qms/.ros/log/2026-09-28-05-39-01-305702-qms-41313
[INFO] [launch]: Default logging verbosity is set to INFO
urdf_file_name : turtlebot3_burger.urdf
[INFO] [gazebo-1]: process started with pid [41316]
[INFO] [create-2]: process started with pid [41317]
[INFO] [parameter_bridge-3]: process started with pid [41319]
[INFO] [parameter_bridge-4]: process started with pid [41320]
[INFO] [robot_state_publisher-5]: process started with pid [41321]
[INFO] [trial_monitor-6]: process started with pid [41322]
[robot_state_publisher-5] [INFO] [1790527141.822663860] [robot_state_publisher]: Robot initialized
[create-2] [INFO] [1790527141.833096338] [ros_gz_sim]: Requesting list of world names.
[parameter_bridge-4] [INFO] [1790527141.863505462] [ground_truth_bridge]: Creating GZ->ROS Bridge: [/model/burger/pose (gz.msgs.Pose) -> /model/burger/pose (geometry_msgs/msg/PoseStamped)] (Lazy 0)
[create-2] [INFO] [1790527142.401877991] [ros_gz_sim]: Entity creation successful.
[INFO] [create-2]: process has finished cleanly [pid 41317]
[trial_monitor-6] [INFO] [1790527142.596648210] [trial_monitor]: monitoring trial B_cluttered_vfh_v_max0.1_s2 in cluttered, timeout 200 s sim
[parameter_bridge-3] [INFO] [1790527142.885961080] [tb3_bridge]: Creating GZ->ROS Bridge: [clock (gz.msgs.Clock) -> clock (rosgraph_msgs/msg/Clock)] (Lazy 0)
[parameter_bridge-3] [INFO] [1790527142.889107149] [tb3_bridge]: Creating GZ->ROS Bridge: [joint_states (gz.msgs.Model) -> joint_states (sensor_msgs/msg/JointState)] (Lazy 0)
[parameter_bridge-3] [INFO] [1790527142.894605394] [tb3_bridge]: Creating GZ->ROS Bridge: [odom (gz.msgs.Odometry) -> odom (nav_msgs/msg/Odometry)] (Lazy 0)
[parameter_bridge-3] [INFO] [1790527142.897840631] [tb3_bridge]: Creating GZ->ROS Bridge: [tf (gz.msgs.Pose_V) -> tf (tf2_msgs/msg/TFMessage)] (Lazy 0)
[parameter_bridge-3] [INFO] [1790527142.900254642] [tb3_bridge]: Creating ROS->GZ Bridge: [cmd_vel (geometry_msgs/msg/TwistStamped) -> cmd_vel (gz.msgs.Twist)] (Lazy 0)
[parameter_bridge-3] [INFO] [1790527142.901536129] [tb3_bridge]: Creating GZ->ROS Bridge: [imu (gz.msgs.IMU) -> imu (sensor_msgs/msg/Imu)] (Lazy 0)
[parameter_bridge-3] [INFO] [1790527142.902603485] [tb3_bridge]: Creating GZ->ROS Bridge: [scan (gz.msgs.LaserScan) -> scan (sensor_msgs/msg/LaserScan)] (Lazy 0)
[gazebo-1] [1;33mWarning [Utils.cc:132][0m [/sdf/model[@name="turtlebot3_burger"]/link[@name="base_scan"]/sensor[@name="hls_lfcd_lds"]/gz_frame_id:/tmp/tb3_nav_task_burger.sdf:L126]: XML Element[gz_frame_id], child of element[sensor], not defined in SDF. Copying[gz_frame_id] as children of [sensor].
[gazebo-1] libEGL warning: Not allowed to force software rendering when API explicitly selects a hardware device.
[INFO] [navigator-7]: process started with pid [41501]
[navigator-7] [INFO] [1790527145.519511519] [navigator]: navigator: strategy=vfh localization=odom_imu shaping=True params={'v_max': 0.1, 'w_max': 1.5, 'safety': 0.12, 'lookahead': 1.0, 'bin_deg': 5.0, 'k_w': 2.0, 'w_goal': 1.0, 'w_turn': 0.25, 'w_prev': 0.25, 'slow_dist': 0.6, 'stop_dist': 0.1, 'goal_tol': 0.2} start=(-2.882, -2.077, -0.273) goal=(2.9, 2.0)
[navigator-7] [INFO] [1790527145.555669808] [navigator]: publishing TwistStamped on /cmd_vel
[parameter_bridge-3] [INFO] [1790527145.555997649] [tb3_bridge]: Passing message from ROS geometry_msgs/msg/TwistStamped to Gazebo gz.msgs.Twist (showing msg only once per type)
[navigator-7] [INFO] [1790527145.742311006] [navigator]: WAITING -> GO_GOAL  pose=(-2.88,-2.08,-16deg) goal_dist=7.07
[trial_monitor-6] [INFO] [1790527145.757847845] [trial_monitor]: trial started (first active control cycle)
[navigator-7] [INFO] [1790527149.484277010] [navigator]: GO_GOAL -> AVOID  pose=(-2.62,-1.94,35deg) goal_dist=6.78
[navigator-7] [INFO] [1790527149.742115992] [navigator]: AVOID -> GO_GOAL  pose=(-2.59,-1.92,32deg) goal_dist=6.75
[navigator-7] [INFO] [1790527157.390817399] [navigator]: GO_GOAL -> AVOID  pose=(-1.94,-1.53,31deg) goal_dist=5.99
[navigator-7] [INFO] [1790527158.797594694] [navigator]: AVOID -> GO_GOAL  pose=(-1.82,-1.45,30deg) goal_dist=5.85
[navigator-7] [INFO] [1790527158.947755228] [navigator]: GO_GOAL -> AVOID  pose=(-1.81,-1.45,29deg) goal_dist=5.83
[navigator-7] [INFO] [1790527159.147851295] [navigator]: AVOID -> GO_GOAL  pose=(-1.79,-1.44,29deg) goal_dist=5.81
[navigator-7] [INFO] [1790527160.192438406] [navigator]: GO_GOAL -> AVOID  pose=(-1.71,-1.38,35deg) goal_dist=5.71
[navigator-7] [INFO] [1790527160.347526998] [navigator]: AVOID -> GO_GOAL  pose=(-1.69,-1.37,34deg) goal_dist=5.69
[navigator-7] [INFO] [1790527215.459239635] [navigator]: GO_GOAL -> REACHED  pose=(2.76,1.86,40deg) goal_dist=0.20
[trial_monitor-6] [INFO] [1790527215.643533647] [trial_monitor]: RESULT REACHED: success=True time=69.7s path=6.86m collisions=0 min_clear=0.138m goal_err=0.229m est_err=0.046m odom_err=2.283m rtf=0.999
[INFO] [trial_monitor-6]: process has finished cleanly [pid 41322]
[INFO] [navigator-7]: sending signal 'SIGINT' to process[navigator-7]
[INFO] [robot_state_publisher-5]: sending signal 'SIGINT' to process[robot_state_publisher-5]
[INFO] [parameter_bridge-4]: sending signal 'SIGINT' to process[parameter_bridge-4]
[INFO] [parameter_bridge-3]: sending signal 'SIGINT' to process[parameter_bridge-3]
[INFO] [gazebo-1]: sending signal 'SIGINT' to process[gazebo-1]
[robot_state_publisher-5] [INFO] [1790527215.929278377] [rclcpp]: signal_handler(SIGINT/SIGTERM)
[parameter_bridge-4] [INFO] [1790527215.932306981] [rclcpp]: signal_handler(SIGINT/SIGTERM)
[parameter_bridge-3] [INFO] [1790527215.935621424] [rclcpp]: signal_handler(SIGINT/SIGTERM)
[INFO] [robot_state_publisher-5]: process has finished cleanly [pid 41321]
[INFO] [parameter_bridge-4]: process has finished cleanly [pid 41320]
[INFO] [parameter_bridge-3]: process has finished cleanly [pid 41319]
[INFO] [navigator-7]: process has finished cleanly [pid 41501]
[ERROR] [gazebo-1]: process[gazebo-1] failed to terminate '5' seconds after receiving 'SIGINT', escalating to 'SIGTERM'
[INFO] [gazebo-1]: sending signal 'SIGTERM' to process[gazebo-1]
[ERROR] [gazebo-1]: process has died [pid 41316, exit code -15, cmd 'ruby /opt/ros/jazzy/opt/gz_tools_vendor/bin/gz sim -r -s -v1 /home/qms/ros_ws/install/tb3_nav_task/share/tb3_nav_task/worlds/cluttered.sdf --force-version 8'].
[INFO] [launch]: process[gazebo-1] was required: shutting down launched system
