ros2 launch tb3_nav_task trial.launch.py world:=cluttered strategy:=vfh gui:=false trial_id:=B_cluttered_vfh_v_max0.22_s2 plan:=B variant:=2 start_x:=-2.882 start_y:=-2.077 start_yaw:=-0.273 nav_params:={"v_max": 0.22} results_dir:=/home/qms/vm-share/task02/results timeout:=200.0 verbose:=1
[INFO] [launch]: All log files can be found below /home/qms/.ros/log/2026-09-28-05-45-00-571999-qms-42838
[INFO] [launch]: Default logging verbosity is set to INFO
urdf_file_name : turtlebot3_burger.urdf
[INFO] [gazebo-1]: process started with pid [42841]
[INFO] [create-2]: process started with pid [42842]
[INFO] [parameter_bridge-3]: process started with pid [42844]
[INFO] [parameter_bridge-4]: process started with pid [42845]
[INFO] [robot_state_publisher-5]: process started with pid [42846]
[INFO] [trial_monitor-6]: process started with pid [42847]
[robot_state_publisher-5] [INFO] [1790527501.054793518] [robot_state_publisher]: Robot initialized
[create-2] [INFO] [1790527501.081300223] [ros_gz_sim]: Requesting list of world names.
[parameter_bridge-4] [INFO] [1790527501.088740351] [ground_truth_bridge]: Creating GZ->ROS Bridge: [/model/burger/pose (gz.msgs.Pose) -> /model/burger/pose (geometry_msgs/msg/PoseStamped)] (Lazy 0)
[create-2] [INFO] [1790527501.625275359] [ros_gz_sim]: Entity creation successful.
[INFO] [create-2]: process has finished cleanly [pid 42842]
[trial_monitor-6] [INFO] [1790527501.778852122] [trial_monitor]: monitoring trial B_cluttered_vfh_v_max0.22_s2 in cluttered, timeout 200 s sim
[parameter_bridge-3] [INFO] [1790527502.118398203] [tb3_bridge]: Creating GZ->ROS Bridge: [clock (gz.msgs.Clock) -> clock (rosgraph_msgs/msg/Clock)] (Lazy 0)
[parameter_bridge-3] [INFO] [1790527502.126742847] [tb3_bridge]: Creating GZ->ROS Bridge: [joint_states (gz.msgs.Model) -> joint_states (sensor_msgs/msg/JointState)] (Lazy 0)
[parameter_bridge-3] [INFO] [1790527502.132651365] [tb3_bridge]: Creating GZ->ROS Bridge: [odom (gz.msgs.Odometry) -> odom (nav_msgs/msg/Odometry)] (Lazy 0)
[parameter_bridge-3] [INFO] [1790527502.136116591] [tb3_bridge]: Creating GZ->ROS Bridge: [tf (gz.msgs.Pose_V) -> tf (tf2_msgs/msg/TFMessage)] (Lazy 0)
[parameter_bridge-3] [INFO] [1790527502.139445648] [tb3_bridge]: Creating ROS->GZ Bridge: [cmd_vel (geometry_msgs/msg/TwistStamped) -> cmd_vel (gz.msgs.Twist)] (Lazy 0)
[parameter_bridge-3] [INFO] [1790527502.140993883] [tb3_bridge]: Creating GZ->ROS Bridge: [imu (gz.msgs.IMU) -> imu (sensor_msgs/msg/Imu)] (Lazy 0)
[parameter_bridge-3] [INFO] [1790527502.142372865] [tb3_bridge]: Creating GZ->ROS Bridge: [scan (gz.msgs.LaserScan) -> scan (sensor_msgs/msg/LaserScan)] (Lazy 0)
[gazebo-1] [1;33mWarning [Utils.cc:132][0m [/sdf/model[@name="turtlebot3_burger"]/link[@name="base_scan"]/sensor[@name="hls_lfcd_lds"]/gz_frame_id:/tmp/tb3_nav_task_burger.sdf:L126]: XML Element[gz_frame_id], child of element[sensor], not defined in SDF. Copying[gz_frame_id] as children of [sensor].
[gazebo-1] libEGL warning: Not allowed to force software rendering when API explicitly selects a hardware device.
[INFO] [navigator-7]: process started with pid [43029]
[navigator-7] [INFO] [1790527504.802776766] [navigator]: navigator: strategy=vfh localization=odom_imu shaping=True params={'v_max': 0.22, 'w_max': 1.5, 'safety': 0.12, 'lookahead': 1.0, 'bin_deg': 5.0, 'k_w': 2.0, 'w_goal': 1.0, 'w_turn': 0.25, 'w_prev': 0.25, 'slow_dist': 0.6, 'stop_dist': 0.1, 'goal_tol': 0.2} start=(-2.882, -2.077, -0.273) goal=(2.9, 2.0)
[navigator-7] [INFO] [1790527504.836816725] [navigator]: publishing TwistStamped on /cmd_vel
[parameter_bridge-3] [INFO] [1790527504.837550946] [tb3_bridge]: Passing message from ROS geometry_msgs/msg/TwistStamped to Gazebo gz.msgs.Twist (showing msg only once per type)
[navigator-7] [INFO] [1790527504.996902304] [navigator]: WAITING -> GO_GOAL  pose=(-2.88,-2.08,-16deg) goal_dist=7.07
[trial_monitor-6] [INFO] [1790527505.028654681] [trial_monitor]: trial started (first active control cycle)
[navigator-7] [INFO] [1790527507.738929367] [navigator]: GO_GOAL -> AVOID  pose=(-2.49,-1.90,35deg) goal_dist=6.65
[navigator-7] [INFO] [1790527507.996528570] [navigator]: AVOID -> GO_GOAL  pose=(-2.43,-1.86,32deg) goal_dist=6.58
[navigator-7] [INFO] [1790527508.196427658] [navigator]: GO_GOAL -> AVOID  pose=(-2.40,-1.84,31deg) goal_dist=6.54
[navigator-7] [INFO] [1790527509.039657297] [navigator]: AVOID -> GO_GOAL  pose=(-2.24,-1.75,31deg) goal_dist=6.36
[navigator-7] [INFO] [1790527511.237351377] [navigator]: GO_GOAL -> AVOID  pose=(-1.84,-1.48,36deg) goal_dist=5.88
[navigator-7] [INFO] [1790527511.396314718] [navigator]: AVOID -> GO_GOAL  pose=(-1.80,-1.46,35deg) goal_dist=5.84
[navigator-7] [INFO] [1790527537.309185409] [navigator]: GO_GOAL -> REACHED  pose=(2.77,1.87,42deg) goal_dist=0.19
[trial_monitor-6] [INFO] [1790527537.445152244] [trial_monitor]: RESULT REACHED: success=True time=32.3s path=6.88m collisions=0 min_clear=0.148m goal_err=0.213m est_err=0.048m odom_err=2.614m rtf=0.998
[INFO] [trial_monitor-6]: process has finished cleanly [pid 42847]
[INFO] [navigator-7]: sending signal 'SIGINT' to process[navigator-7]
[INFO] [robot_state_publisher-5]: sending signal 'SIGINT' to process[robot_state_publisher-5]
[INFO] [parameter_bridge-4]: sending signal 'SIGINT' to process[parameter_bridge-4]
[INFO] [parameter_bridge-3]: sending signal 'SIGINT' to process[parameter_bridge-3]
[INFO] [gazebo-1]: sending signal 'SIGINT' to process[gazebo-1]
[robot_state_publisher-5] [INFO] [1790527537.642971455] [rclcpp]: signal_handler(SIGINT/SIGTERM)
[parameter_bridge-4] [INFO] [1790527537.645231159] [rclcpp]: signal_handler(SIGINT/SIGTERM)
[parameter_bridge-3] [INFO] [1790527537.649008723] [rclcpp]: signal_handler(SIGINT/SIGTERM)
[INFO] [robot_state_publisher-5]: process has finished cleanly [pid 42846]
[INFO] [parameter_bridge-4]: process has finished cleanly [pid 42845]
[INFO] [parameter_bridge-3]: process has finished cleanly [pid 42844]
[INFO] [navigator-7]: process has finished cleanly [pid 43029]
[ERROR] [gazebo-1]: process[gazebo-1] failed to terminate '5' seconds after receiving 'SIGINT', escalating to 'SIGTERM'
[INFO] [gazebo-1]: sending signal 'SIGTERM' to process[gazebo-1]
[ERROR] [gazebo-1]: process has died [pid 42841, exit code -15, cmd 'ruby /opt/ros/jazzy/opt/gz_tools_vendor/bin/gz sim -r -s -v1 /home/qms/ros_ws/install/tb3_nav_task/share/tb3_nav_task/worlds/cluttered.sdf --force-version 8'].
[INFO] [launch]: process[gazebo-1] was required: shutting down launched system
