ros2 launch tb3_nav_task trial.launch.py world:=cluttered strategy:=vfh gui:=false trial_id:=C_cluttered_vfh_safety0.05_s1 plan:=C variant:=1 start_x:=-2.904 start_y:=-2.054 start_yaw:=0.118 nav_params:={"safety": 0.05} results_dir:=/home/qms/vm-share/task02/results timeout:=200.0 verbose:=1
[INFO] [launch]: All log files can be found below /home/qms/.ros/log/2026-09-28-06-00-33-405574-qms-45690
[INFO] [launch]: Default logging verbosity is set to INFO
urdf_file_name : turtlebot3_burger.urdf
[INFO] [gazebo-1]: process started with pid [45693]
[INFO] [create-2]: process started with pid [45694]
[INFO] [parameter_bridge-3]: process started with pid [45696]
[INFO] [parameter_bridge-4]: process started with pid [45697]
[INFO] [robot_state_publisher-5]: process started with pid [45698]
[INFO] [trial_monitor-6]: process started with pid [45699]
[robot_state_publisher-5] [INFO] [1790528433.861521712] [robot_state_publisher]: Robot initialized
[create-2] [INFO] [1790528433.883653965] [ros_gz_sim]: Requesting list of world names.
[parameter_bridge-4] [INFO] [1790528433.905056958] [ground_truth_bridge]: Creating GZ->ROS Bridge: [/model/burger/pose (gz.msgs.Pose) -> /model/burger/pose (geometry_msgs/msg/PoseStamped)] (Lazy 0)
[create-2] [INFO] [1790528434.377946917] [ros_gz_sim]: Entity creation successful.
[INFO] [create-2]: process has finished cleanly [pid 45694]
[trial_monitor-6] [INFO] [1790528434.518022948] [trial_monitor]: monitoring trial C_cluttered_vfh_safety0.05_s1 in cluttered, timeout 200 s sim
[parameter_bridge-3] [INFO] [1790528434.875874043] [tb3_bridge]: Creating GZ->ROS Bridge: [clock (gz.msgs.Clock) -> clock (rosgraph_msgs/msg/Clock)] (Lazy 0)
[parameter_bridge-3] [INFO] [1790528434.884649243] [tb3_bridge]: Creating GZ->ROS Bridge: [joint_states (gz.msgs.Model) -> joint_states (sensor_msgs/msg/JointState)] (Lazy 0)
[parameter_bridge-3] [INFO] [1790528434.891889631] [tb3_bridge]: Creating GZ->ROS Bridge: [odom (gz.msgs.Odometry) -> odom (nav_msgs/msg/Odometry)] (Lazy 0)
[parameter_bridge-3] [INFO] [1790528434.895503096] [tb3_bridge]: Creating GZ->ROS Bridge: [tf (gz.msgs.Pose_V) -> tf (tf2_msgs/msg/TFMessage)] (Lazy 0)
[parameter_bridge-3] [INFO] [1790528434.898603512] [tb3_bridge]: Creating ROS->GZ Bridge: [cmd_vel (geometry_msgs/msg/TwistStamped) -> cmd_vel (gz.msgs.Twist)] (Lazy 0)
[parameter_bridge-3] [INFO] [1790528434.900748749] [tb3_bridge]: Creating GZ->ROS Bridge: [imu (gz.msgs.IMU) -> imu (sensor_msgs/msg/Imu)] (Lazy 0)
[parameter_bridge-3] [INFO] [1790528434.901590218] [tb3_bridge]: Creating GZ->ROS Bridge: [scan (gz.msgs.LaserScan) -> scan (sensor_msgs/msg/LaserScan)] (Lazy 0)
[gazebo-1] [1;33mWarning [Utils.cc:132][0m [/sdf/model[@name="turtlebot3_burger"]/link[@name="base_scan"]/sensor[@name="hls_lfcd_lds"]/gz_frame_id:/tmp/tb3_nav_task_burger.sdf:L126]: XML Element[gz_frame_id], child of element[sensor], not defined in SDF. Copying[gz_frame_id] as children of [sensor].
[gazebo-1] libEGL warning: Not allowed to force software rendering when API explicitly selects a hardware device.
[INFO] [navigator-7]: process started with pid [45878]
[navigator-7] [INFO] [1790528437.559955460] [navigator]: navigator: strategy=vfh localization=odom_imu shaping=True params={'v_max': 0.18, 'w_max': 1.5, 'safety': 0.05, 'lookahead': 1.0, 'bin_deg': 5.0, 'k_w': 2.0, 'w_goal': 1.0, 'w_turn': 0.25, 'w_prev': 0.25, 'slow_dist': 0.6, 'stop_dist': 0.1, 'goal_tol': 0.2} start=(-2.904, -2.054, 0.118) goal=(2.9, 2.0)
[navigator-7] [INFO] [1790528437.600263621] [navigator]: publishing TwistStamped on /cmd_vel
[parameter_bridge-3] [INFO] [1790528437.600552875] [tb3_bridge]: Passing message from ROS geometry_msgs/msg/TwistStamped to Gazebo gz.msgs.Twist (showing msg only once per type)
[navigator-7] [INFO] [1790528437.716828921] [navigator]: WAITING -> GO_GOAL  pose=(-2.90,-2.05,7deg) goal_dist=7.08
[trial_monitor-6] [INFO] [1790528438.158104166] [trial_monitor]: trial started (first active control cycle)
[navigator-7] [INFO] [1790528445.358826156] [navigator]: GO_GOAL -> AVOID  pose=(-1.80,-1.34,35deg) goal_dist=5.77
[navigator-7] [INFO] [1790528445.716273240] [navigator]: AVOID -> GO_GOAL  pose=(-1.75,-1.30,32deg) goal_dist=5.70
[navigator-7] [INFO] [1790528476.401497604] [navigator]: GO_GOAL -> REACHED  pose=(2.75,1.87,40deg) goal_dist=0.20
[trial_monitor-6] [INFO] [1790528476.542741392] [trial_monitor]: RESULT REACHED: success=True time=38.3s path=6.85m collisions=0 min_clear=0.067m goal_err=0.219m est_err=0.027m odom_err=1.074m rtf=0.999
[INFO] [trial_monitor-6]: process has finished cleanly [pid 45699]
[INFO] [navigator-7]: sending signal 'SIGINT' to process[navigator-7]
[INFO] [robot_state_publisher-5]: sending signal 'SIGINT' to process[robot_state_publisher-5]
[INFO] [parameter_bridge-4]: sending signal 'SIGINT' to process[parameter_bridge-4]
[INFO] [parameter_bridge-3]: sending signal 'SIGINT' to process[parameter_bridge-3]
[INFO] [gazebo-1]: sending signal 'SIGINT' to process[gazebo-1]
[robot_state_publisher-5] [INFO] [1790528476.689960759] [rclcpp]: signal_handler(SIGINT/SIGTERM)
[parameter_bridge-4] [INFO] [1790528476.692358249] [rclcpp]: signal_handler(SIGINT/SIGTERM)
[parameter_bridge-3] [INFO] [1790528476.694877949] [rclcpp]: signal_handler(SIGINT/SIGTERM)
[INFO] [parameter_bridge-4]: process has finished cleanly [pid 45697]
[INFO] [parameter_bridge-3]: process has finished cleanly [pid 45696]
[INFO] [robot_state_publisher-5]: process has finished cleanly [pid 45698]
[INFO] [navigator-7]: process has finished cleanly [pid 45878]
[ERROR] [gazebo-1]: process[gazebo-1] failed to terminate '5' seconds after receiving 'SIGINT', escalating to 'SIGTERM'
[INFO] [gazebo-1]: sending signal 'SIGTERM' to process[gazebo-1]
[ERROR] [gazebo-1]: process has died [pid 45693, exit code -15, cmd 'ruby /opt/ros/jazzy/opt/gz_tools_vendor/bin/gz sim -r -s -v1 /home/qms/ros_ws/install/tb3_nav_task/share/tb3_nav_task/worlds/cluttered.sdf --force-version 8'].
[INFO] [launch]: process[gazebo-1] was required: shutting down launched system
