ros2 launch tb3_nav_task trial.launch.py world:=cluttered strategy:=vfh gui:=false trial_id:=C_cluttered_vfh_safety0.2_s0 plan:=C variant:=0 start_x:=-2.9 start_y:=-2.0 start_yaw:=0.0 nav_params:={"safety": 0.2} results_dir:=/home/qms/vm-share/task02/results timeout:=200.0 verbose:=1
[INFO] [launch]: All log files can be found below /home/qms/.ros/log/2026-09-28-06-02-17-891784-qms-46196
[INFO] [launch]: Default logging verbosity is set to INFO
urdf_file_name : turtlebot3_burger.urdf
[INFO] [gazebo-1]: process started with pid [46199]
[INFO] [create-2]: process started with pid [46200]
[INFO] [parameter_bridge-3]: process started with pid [46202]
[INFO] [parameter_bridge-4]: process started with pid [46203]
[INFO] [robot_state_publisher-5]: process started with pid [46204]
[INFO] [trial_monitor-6]: process started with pid [46205]
[robot_state_publisher-5] [INFO] [1790528538.345453959] [robot_state_publisher]: Robot initialized
[create-2] [INFO] [1790528538.367620334] [ros_gz_sim]: Requesting list of world names.
[parameter_bridge-4] [INFO] [1790528538.406929644] [ground_truth_bridge]: Creating GZ->ROS Bridge: [/model/burger/pose (gz.msgs.Pose) -> /model/burger/pose (geometry_msgs/msg/PoseStamped)] (Lazy 0)
[create-2] [INFO] [1790528538.861525214] [ros_gz_sim]: Entity creation successful.
[INFO] [create-2]: process has finished cleanly [pid 46200]
[trial_monitor-6] [INFO] [1790528539.063672459] [trial_monitor]: monitoring trial C_cluttered_vfh_safety0.2_s0 in cluttered, timeout 200 s sim
[parameter_bridge-3] [INFO] [1790528539.378907610] [tb3_bridge]: Creating GZ->ROS Bridge: [clock (gz.msgs.Clock) -> clock (rosgraph_msgs/msg/Clock)] (Lazy 0)
[parameter_bridge-3] [INFO] [1790528539.384784604] [tb3_bridge]: Creating GZ->ROS Bridge: [joint_states (gz.msgs.Model) -> joint_states (sensor_msgs/msg/JointState)] (Lazy 0)
[parameter_bridge-3] [INFO] [1790528539.391796905] [tb3_bridge]: Creating GZ->ROS Bridge: [odom (gz.msgs.Odometry) -> odom (nav_msgs/msg/Odometry)] (Lazy 0)
[parameter_bridge-3] [INFO] [1790528539.397501564] [tb3_bridge]: Creating GZ->ROS Bridge: [tf (gz.msgs.Pose_V) -> tf (tf2_msgs/msg/TFMessage)] (Lazy 0)
[parameter_bridge-3] [INFO] [1790528539.400670439] [tb3_bridge]: Creating ROS->GZ Bridge: [cmd_vel (geometry_msgs/msg/TwistStamped) -> cmd_vel (gz.msgs.Twist)] (Lazy 0)
[parameter_bridge-3] [INFO] [1790528539.402627631] [tb3_bridge]: Creating GZ->ROS Bridge: [imu (gz.msgs.IMU) -> imu (sensor_msgs/msg/Imu)] (Lazy 0)
[parameter_bridge-3] [INFO] [1790528539.403822272] [tb3_bridge]: Creating GZ->ROS Bridge: [scan (gz.msgs.LaserScan) -> scan (sensor_msgs/msg/LaserScan)] (Lazy 0)
[gazebo-1] [1;33mWarning [Utils.cc:132][0m [/sdf/model[@name="turtlebot3_burger"]/link[@name="base_scan"]/sensor[@name="hls_lfcd_lds"]/gz_frame_id:/tmp/tb3_nav_task_burger.sdf:L126]: XML Element[gz_frame_id], child of element[sensor], not defined in SDF. Copying[gz_frame_id] as children of [sensor].
[gazebo-1] libEGL warning: Not allowed to force software rendering when API explicitly selects a hardware device.
[INFO] [navigator-7]: process started with pid [46384]
[navigator-7] [INFO] [1790528542.071073099] [navigator]: navigator: strategy=vfh localization=odom_imu shaping=True params={'v_max': 0.18, 'w_max': 1.5, 'safety': 0.2, 'lookahead': 1.0, 'bin_deg': 5.0, 'k_w': 2.0, 'w_goal': 1.0, 'w_turn': 0.25, 'w_prev': 0.25, 'slow_dist': 0.6, 'stop_dist': 0.1, 'goal_tol': 0.2} start=(-2.9, -2.0, 0.0) goal=(2.9, 2.0)
[navigator-7] [INFO] [1790528542.109223601] [navigator]: publishing TwistStamped on /cmd_vel
[parameter_bridge-3] [INFO] [1790528542.109594606] [tb3_bridge]: Passing message from ROS geometry_msgs/msg/TwistStamped to Gazebo gz.msgs.Twist (showing msg only once per type)
[navigator-7] [INFO] [1790528542.340048807] [navigator]: WAITING -> GO_GOAL  pose=(-2.90,-2.00,-0deg) goal_dist=7.05
[trial_monitor-6] [INFO] [1790528542.354859793] [trial_monitor]: trial started (first active control cycle)
[navigator-7] [INFO] [1790528544.176697734] [navigator]: GO_GOAL -> AVOID  pose=(-2.66,-1.90,36deg) goal_dist=6.79
[navigator-7] [INFO] [1790528547.882362710] [navigator]: AVOID -> GO_GOAL  pose=(-2.18,-1.68,37deg) goal_dist=6.27
[navigator-7] [INFO] [1790528547.938746036] [navigator]: GO_GOAL -> AVOID  pose=(-2.17,-1.68,40deg) goal_dist=6.27
[navigator-7] [INFO] [1790528548.038751310] [navigator]: AVOID -> GO_GOAL  pose=(-2.16,-1.67,43deg) goal_dist=6.25
[navigator-7] [INFO] [1790528548.138724792] [navigator]: GO_GOAL -> AVOID  pose=(-2.15,-1.66,44deg) goal_dist=6.24
[navigator-7] [INFO] [1790528563.583071704] [navigator]: AVOID -> GO_GOAL  pose=(-2.16,-0.53,45deg) goal_dist=5.65
[navigator-7] [INFO] [1790528564.982652344] [navigator]: GO_GOAL -> AVOID  pose=(-1.95,-0.40,28deg) goal_dist=5.41
[navigator-7] [INFO] [1790528571.584086178] [navigator]: AVOID -> GO_GOAL  pose=(-1.03,0.35,40deg) goal_dist=4.26
[navigator-7] [INFO] [1790528573.384968699] [navigator]: GO_GOAL -> AVOID  pose=(-0.75,0.50,23deg) goal_dist=3.95
[navigator-7] [INFO] [1790528580.098629028] [navigator]: AVOID -> GO_GOAL  pose=(0.23,1.18,27deg) goal_dist=2.79
[navigator-7] [INFO] [1790528580.353273786] [navigator]: GO_GOAL -> AVOID  pose=(0.28,1.20,24deg) goal_dist=2.74
[navigator-7] [INFO] [1790528592.296300795] [navigator]: AVOID -> GO_GOAL  pose=(0.94,1.86,58deg) goal_dist=1.96
[navigator-7] [INFO] [1790528592.353655672] [navigator]: GO_GOAL -> AVOID  pose=(0.95,1.87,50deg) goal_dist=1.96
[navigator-7] [INFO] [1790528592.453589607] [navigator]: AVOID -> GO_GOAL  pose=(0.95,1.87,44deg) goal_dist=1.95
[navigator-7] [INFO] [1790528592.553451832] [navigator]: GO_GOAL -> AVOID  pose=(0.96,1.88,36deg) goal_dist=1.94
[navigator-7] [INFO] [1790528592.653434851] [navigator]: AVOID -> GO_GOAL  pose=(0.97,1.88,28deg) goal_dist=1.93
[navigator-7] [INFO] [1790528592.753422620] [navigator]: GO_GOAL -> AVOID  pose=(0.99,1.89,21deg) goal_dist=1.92
[navigator-7] [INFO] [1790528592.853935563] [navigator]: AVOID -> GO_GOAL  pose=(1.01,1.90,13deg) goal_dist=1.90
[navigator-7] [INFO] [1790528592.953605036] [navigator]: GO_GOAL -> AVOID  pose=(1.02,1.90,8deg) goal_dist=1.88
[navigator-7] [INFO] [1790528593.053624680] [navigator]: AVOID -> GO_GOAL  pose=(1.04,1.90,3deg) goal_dist=1.86
[navigator-7] [INFO] [1790528593.153651742] [navigator]: GO_GOAL -> AVOID  pose=(1.06,1.90,-2deg) goal_dist=1.85
[navigator-7] [INFO] [1790528596.799729735] [navigator]: AVOID -> GO_GOAL  pose=(1.48,1.96,14deg) goal_dist=1.42
[navigator-7] [INFO] [1790528603.721424035] [navigator]: GO_GOAL -> REACHED  pose=(2.71,2.01,-2deg) goal_dist=0.19
[trial_monitor-6] [INFO] [1790528603.989626089] [trial_monitor]: RESULT REACHED: success=False time=61.5s path=8.17m collisions=0 min_clear=0.216m goal_err=0.559m est_err=0.379m odom_err=2.235m rtf=0.999
[INFO] [trial_monitor-6]: process has finished cleanly [pid 46205]
[INFO] [navigator-7]: sending signal 'SIGINT' to process[navigator-7]
[INFO] [robot_state_publisher-5]: sending signal 'SIGINT' to process[robot_state_publisher-5]
[INFO] [parameter_bridge-4]: sending signal 'SIGINT' to process[parameter_bridge-4]
[INFO] [parameter_bridge-3]: sending signal 'SIGINT' to process[parameter_bridge-3]
[INFO] [gazebo-1]: sending signal 'SIGINT' to process[gazebo-1]
[robot_state_publisher-5] [INFO] [1790528604.176036364] [rclcpp]: signal_handler(SIGINT/SIGTERM)
[parameter_bridge-4] [INFO] [1790528604.178207601] [rclcpp]: signal_handler(SIGINT/SIGTERM)
[parameter_bridge-3] [INFO] [1790528604.180050333] [rclcpp]: signal_handler(SIGINT/SIGTERM)
[INFO] [parameter_bridge-4]: process has finished cleanly [pid 46203]
[INFO] [parameter_bridge-3]: process has finished cleanly [pid 46202]
[INFO] [robot_state_publisher-5]: process has finished cleanly [pid 46204]
[INFO] [navigator-7]: process has finished cleanly [pid 46384]
[ERROR] [gazebo-1]: process[gazebo-1] failed to terminate '5' seconds after receiving 'SIGINT', escalating to 'SIGTERM'
[INFO] [gazebo-1]: sending signal 'SIGTERM' to process[gazebo-1]
[ERROR] [gazebo-1]: process has died [pid 46199, exit code -15, cmd 'ruby /opt/ros/jazzy/opt/gz_tools_vendor/bin/gz sim -r -s -v1 /home/qms/ros_ws/install/tb3_nav_task/share/tb3_nav_task/worlds/cluttered.sdf --force-version 8'].
[INFO] [launch]: process[gazebo-1] was required: shutting down launched system
