ros2 launch tb3_nav_task trial.launch.py world:=cluttered strategy:=vfh gui:=false trial_id:=C_cluttered_vfh_safety0.3_s2 plan:=C variant:=2 start_x:=-2.882 start_y:=-2.077 start_yaw:=-0.273 nav_params:={"safety": 0.3} results_dir:=/home/qms/vm-share/task02/results timeout:=200.0 verbose:=1
[INFO] [launch]: All log files can be found below /home/qms/.ros/log/2026-09-28-06-10-49-786742-qms-47470
[INFO] [launch]: Default logging verbosity is set to INFO
urdf_file_name : turtlebot3_burger.urdf
[INFO] [gazebo-1]: process started with pid [47473]
[INFO] [create-2]: process started with pid [47474]
[INFO] [parameter_bridge-3]: process started with pid [47476]
[INFO] [parameter_bridge-4]: process started with pid [47477]
[INFO] [robot_state_publisher-5]: process started with pid [47478]
[INFO] [trial_monitor-6]: process started with pid [47479]
[robot_state_publisher-5] [INFO] [1790529050.295086928] [robot_state_publisher]: Robot initialized
[create-2] [INFO] [1790529050.317784906] [ros_gz_sim]: Requesting list of world names.
[parameter_bridge-4] [INFO] [1790529050.326839415] [ground_truth_bridge]: Creating GZ->ROS Bridge: [/model/burger/pose (gz.msgs.Pose) -> /model/burger/pose (geometry_msgs/msg/PoseStamped)] (Lazy 0)
[create-2] [INFO] [1790529050.838004588] [ros_gz_sim]: Entity creation successful.
[INFO] [create-2]: process has finished cleanly [pid 47474]
[trial_monitor-6] [INFO] [1790529051.051850421] [trial_monitor]: monitoring trial C_cluttered_vfh_safety0.3_s2 in cluttered, timeout 200 s sim
[parameter_bridge-3] [INFO] [1790529051.317650006] [tb3_bridge]: Creating GZ->ROS Bridge: [clock (gz.msgs.Clock) -> clock (rosgraph_msgs/msg/Clock)] (Lazy 0)
[parameter_bridge-3] [INFO] [1790529051.321045447] [tb3_bridge]: Creating GZ->ROS Bridge: [joint_states (gz.msgs.Model) -> joint_states (sensor_msgs/msg/JointState)] (Lazy 0)
[parameter_bridge-3] [INFO] [1790529051.325518455] [tb3_bridge]: Creating GZ->ROS Bridge: [odom (gz.msgs.Odometry) -> odom (nav_msgs/msg/Odometry)] (Lazy 0)
[parameter_bridge-3] [INFO] [1790529051.328096566] [tb3_bridge]: Creating GZ->ROS Bridge: [tf (gz.msgs.Pose_V) -> tf (tf2_msgs/msg/TFMessage)] (Lazy 0)
[parameter_bridge-3] [INFO] [1790529051.330019170] [tb3_bridge]: Creating ROS->GZ Bridge: [cmd_vel (geometry_msgs/msg/TwistStamped) -> cmd_vel (gz.msgs.Twist)] (Lazy 0)
[parameter_bridge-3] [INFO] [1790529051.331318725] [tb3_bridge]: Creating GZ->ROS Bridge: [imu (gz.msgs.IMU) -> imu (sensor_msgs/msg/Imu)] (Lazy 0)
[parameter_bridge-3] [INFO] [1790529051.332047185] [tb3_bridge]: Creating GZ->ROS Bridge: [scan (gz.msgs.LaserScan) -> scan (sensor_msgs/msg/LaserScan)] (Lazy 0)
[gazebo-1] [1;33mWarning [Utils.cc:132][0m [/sdf/model[@name="turtlebot3_burger"]/link[@name="base_scan"]/sensor[@name="hls_lfcd_lds"]/gz_frame_id:/tmp/tb3_nav_task_burger.sdf:L126]: XML Element[gz_frame_id], child of element[sensor], not defined in SDF. Copying[gz_frame_id] as children of [sensor].
[gazebo-1] libEGL warning: Not allowed to force software rendering when API explicitly selects a hardware device.
[INFO] [navigator-7]: process started with pid [47658]
[navigator-7] [INFO] [1790529054.110603515] [navigator]: navigator: strategy=vfh localization=odom_imu shaping=True params={'v_max': 0.18, 'w_max': 1.5, 'safety': 0.3, 'lookahead': 1.0, 'bin_deg': 5.0, 'k_w': 2.0, 'w_goal': 1.0, 'w_turn': 0.25, 'w_prev': 0.25, 'slow_dist': 0.6, 'stop_dist': 0.1, 'goal_tol': 0.2} start=(-2.882, -2.077, -0.273) goal=(2.9, 2.0)
[navigator-7] [INFO] [1790529054.143338256] [navigator]: publishing TwistStamped on /cmd_vel
[parameter_bridge-3] [INFO] [1790529054.143660864] [tb3_bridge]: Passing message from ROS geometry_msgs/msg/TwistStamped to Gazebo gz.msgs.Twist (showing msg only once per type)
[navigator-7] [INFO] [1790529054.370757411] [navigator]: WAITING -> GO_GOAL  pose=(-2.88,-2.08,-16deg) goal_dist=7.07
[trial_monitor-6] [INFO] [1790529054.386370614] [trial_monitor]: trial started (first active control cycle)
[navigator-7] [INFO] [1790529056.591989845] [navigator]: GO_GOAL -> AVOID  pose=(-2.61,-1.97,39deg) goal_dist=6.79
[navigator-7] [INFO] [1790529069.434019255] [navigator]: AVOID -> GO_GOAL  pose=(-2.29,-0.56,55deg) goal_dist=5.79
[navigator-7] [INFO] [1790529071.434319069] [navigator]: GO_GOAL -> AVOID  pose=(-2.00,-0.38,27deg) goal_dist=5.45
[navigator-7] [INFO] [1790529077.635092977] [navigator]: AVOID -> GO_GOAL  pose=(-1.14,0.31,36deg) goal_dist=4.38
[navigator-7] [INFO] [1790529079.623311461] [navigator]: GO_GOAL -> AVOID  pose=(-0.82,0.47,23deg) goal_dist=4.02
[navigator-7] [INFO] [1790529111.639764946] [navigator]: AVOID -> GO_GOAL  pose=(1.72,0.23,155deg) goal_dist=2.13
[navigator-7] [INFO] [1790529113.339794885] [navigator]: GO_GOAL -> AVOID  pose=(1.71,0.27,85deg) goal_dist=2.10
[navigator-7] [INFO] [1790529113.391503228] [navigator]: AVOID -> GO_GOAL  pose=(1.71,0.28,77deg) goal_dist=2.09
[navigator-7] [INFO] [1790529113.499716853] [navigator]: GO_GOAL -> AVOID  pose=(1.72,0.29,69deg) goal_dist=2.08
[navigator-7] [INFO] [1790529113.601585404] [navigator]: AVOID -> GO_GOAL  pose=(1.72,0.31,63deg) goal_dist=2.06
[navigator-7] [INFO] [1790529115.648006097] [navigator]: GO_GOAL -> AVOID  pose=(1.96,0.56,57deg) goal_dist=1.72
[navigator-7] [INFO] [1790529115.800878805] [navigator]: AVOID -> GO_GOAL  pose=(1.97,0.59,59deg) goal_dist=1.69
[navigator-7] [INFO] [1790529124.251528179] [navigator]: GO_GOAL -> REACHED  pose=(2.78,1.85,54deg) goal_dist=0.19
[trial_monitor-6] [INFO] [1790529124.416786745] [trial_monitor]: RESULT REACHED: success=False time=69.9s path=10.44m collisions=0 min_clear=0.289m goal_err=0.397m est_err=0.330m odom_err=2.303m rtf=0.999
[INFO] [trial_monitor-6]: process has finished cleanly [pid 47479]
[INFO] [navigator-7]: sending signal 'SIGINT' to process[navigator-7]
[INFO] [robot_state_publisher-5]: sending signal 'SIGINT' to process[robot_state_publisher-5]
[INFO] [parameter_bridge-4]: sending signal 'SIGINT' to process[parameter_bridge-4]
[INFO] [parameter_bridge-3]: sending signal 'SIGINT' to process[parameter_bridge-3]
[INFO] [gazebo-1]: sending signal 'SIGINT' to process[gazebo-1]
[robot_state_publisher-5] [INFO] [1790529124.575047259] [rclcpp]: signal_handler(SIGINT/SIGTERM)
[parameter_bridge-4] [INFO] [1790529124.578043495] [rclcpp]: signal_handler(SIGINT/SIGTERM)
[parameter_bridge-3] [INFO] [1790529124.580243143] [rclcpp]: signal_handler(SIGINT/SIGTERM)
[INFO] [robot_state_publisher-5]: process has finished cleanly [pid 47478]
[INFO] [parameter_bridge-3]: process has finished cleanly [pid 47476]
[INFO] [parameter_bridge-4]: process has finished cleanly [pid 47477]
[INFO] [navigator-7]: process has finished cleanly [pid 47658]
[ERROR] [gazebo-1]: process[gazebo-1] failed to terminate '5' seconds after receiving 'SIGINT', escalating to 'SIGTERM'
[INFO] [gazebo-1]: sending signal 'SIGTERM' to process[gazebo-1]
[ERROR] [gazebo-1]: process has died [pid 47473, exit code -15, cmd 'ruby /opt/ros/jazzy/opt/gz_tools_vendor/bin/gz sim -r -s -v1 /home/qms/ros_ws/install/tb3_nav_task/share/tb3_nav_task/worlds/cluttered.sdf --force-version 8'].
[INFO] [launch]: process[gazebo-1] was required: shutting down launched system
