ros2 launch tb3_nav_task trial.launch.py world:=cluttered strategy:=bug2 gui:=false trial_id:=C_cluttered_bug2_d_follow0.22_s0 plan:=C variant:=0 start_x:=-2.9 start_y:=-2.0 start_yaw:=0.0 nav_params:={"d_follow": 0.22} results_dir:=/home/qms/vm-share/task02/results timeout:=200.0 verbose:=1
[INFO] [launch]: All log files can be found below /home/qms/.ros/log/2026-09-28-06-12-13-221889-qms-47723
[INFO] [launch]: Default logging verbosity is set to INFO
urdf_file_name : turtlebot3_burger.urdf
[INFO] [gazebo-1]: process started with pid [47726]
[INFO] [create-2]: process started with pid [47727]
[INFO] [parameter_bridge-3]: process started with pid [47729]
[INFO] [parameter_bridge-4]: process started with pid [47730]
[INFO] [robot_state_publisher-5]: process started with pid [47731]
[INFO] [trial_monitor-6]: process started with pid [47732]
[create-2] [INFO] [1790529133.699620575] [ros_gz_sim]: Requesting list of world names.
[robot_state_publisher-5] [INFO] [1790529133.718448638] [robot_state_publisher]: Robot initialized
[parameter_bridge-4] [INFO] [1790529133.736291120] [ground_truth_bridge]: Creating GZ->ROS Bridge: [/model/burger/pose (gz.msgs.Pose) -> /model/burger/pose (geometry_msgs/msg/PoseStamped)] (Lazy 0)
[create-2] [INFO] [1790529134.239728892] [ros_gz_sim]: Entity creation successful.
[INFO] [create-2]: process has finished cleanly [pid 47727]
[trial_monitor-6] [INFO] [1790529134.439440519] [trial_monitor]: monitoring trial C_cluttered_bug2_d_follow0.22_s0 in cluttered, timeout 200 s sim
[parameter_bridge-3] [INFO] [1790529134.754374723] [tb3_bridge]: Creating GZ->ROS Bridge: [clock (gz.msgs.Clock) -> clock (rosgraph_msgs/msg/Clock)] (Lazy 0)
[parameter_bridge-3] [INFO] [1790529134.760854514] [tb3_bridge]: Creating GZ->ROS Bridge: [joint_states (gz.msgs.Model) -> joint_states (sensor_msgs/msg/JointState)] (Lazy 0)
[parameter_bridge-3] [INFO] [1790529134.768596705] [tb3_bridge]: Creating GZ->ROS Bridge: [odom (gz.msgs.Odometry) -> odom (nav_msgs/msg/Odometry)] (Lazy 0)
[parameter_bridge-3] [INFO] [1790529134.771789685] [tb3_bridge]: Creating GZ->ROS Bridge: [tf (gz.msgs.Pose_V) -> tf (tf2_msgs/msg/TFMessage)] (Lazy 0)
[parameter_bridge-3] [INFO] [1790529134.775016539] [tb3_bridge]: Creating ROS->GZ Bridge: [cmd_vel (geometry_msgs/msg/TwistStamped) -> cmd_vel (gz.msgs.Twist)] (Lazy 0)
[parameter_bridge-3] [INFO] [1790529134.777113278] [tb3_bridge]: Creating GZ->ROS Bridge: [imu (gz.msgs.IMU) -> imu (sensor_msgs/msg/Imu)] (Lazy 0)
[parameter_bridge-3] [INFO] [1790529134.778565212] [tb3_bridge]: Creating GZ->ROS Bridge: [scan (gz.msgs.LaserScan) -> scan (sensor_msgs/msg/LaserScan)] (Lazy 0)
[gazebo-1] [1;33mWarning [Utils.cc:132][0m [/sdf/model[@name="turtlebot3_burger"]/link[@name="base_scan"]/sensor[@name="hls_lfcd_lds"]/gz_frame_id:/tmp/tb3_nav_task_burger.sdf:L126]: XML Element[gz_frame_id], child of element[sensor], not defined in SDF. Copying[gz_frame_id] as children of [sensor].
[gazebo-1] libEGL warning: Not allowed to force software rendering when API explicitly selects a hardware device.
[INFO] [navigator-7]: process started with pid [47911]
[navigator-7] [INFO] [1790529137.460204891] [navigator]: navigator: strategy=bug2 localization=odom_imu shaping=True params={'v_max': 0.18, 'w_max': 1.5, 'hit_dist': 0.3, 'd_follow': 0.22, 'k_head': 2.0, 'k_wall': 3.0, 'mline_tol': 0.1, 'leave_progress': 0.15, 'min_follow': 0.5, 'goal_tol': 0.2} start=(-2.9, -2.0, 0.0) goal=(2.9, 2.0)
[navigator-7] [INFO] [1790529137.490472739] [navigator]: publishing TwistStamped on /cmd_vel
[parameter_bridge-3] [INFO] [1790529137.490963842] [tb3_bridge]: Passing message from ROS geometry_msgs/msg/TwistStamped to Gazebo gz.msgs.Twist (showing msg only once per type)
[navigator-7] [INFO] [1790529137.603497948] [navigator]: WAITING -> GO_GOAL  pose=(-2.90,-2.00,-0deg) goal_dist=7.05
[trial_monitor-6] [INFO] [1790529137.618326823] [trial_monitor]: trial started (first active control cycle)
[navigator-7] [INFO] [1790529144.858108254] [navigator]: GO_GOAL -> FOLLOW_TURN  pose=(-1.86,-1.35,35deg) goal_dist=5.82
[navigator-7] [INFO] [1790529145.014650947] [navigator]: FOLLOW_TURN -> FOLLOW_ARC  pose=(-1.85,-1.34,36deg) goal_dist=5.81
[navigator-7] [INFO] [1790529145.212988931] [navigator]: FOLLOW_ARC -> FOLLOW_TURN  pose=(-1.84,-1.33,39deg) goal_dist=5.80
[navigator-7] [INFO] [1790529149.655029560] [navigator]: FOLLOW_TURN -> FOLLOW  pose=(-1.84,-1.33,-176deg) goal_dist=5.79
[navigator-7] [INFO] [1790529158.859501071] [navigator]: FOLLOW -> FOLLOW_TURN  pose=(-2.33,-1.24,27deg) goal_dist=6.15
[navigator-7] [INFO] [1790529160.057642904] [navigator]: FOLLOW_TURN -> FOLLOW_ARC  pose=(-2.32,-1.24,34deg) goal_dist=6.15
[navigator-7] [INFO] [1790529160.213055213] [navigator]: FOLLOW_ARC -> FOLLOW  pose=(-2.32,-1.23,39deg) goal_dist=6.14
[navigator-7] [INFO] [1790529160.412886956] [navigator]: FOLLOW -> FOLLOW_TURN  pose=(-2.31,-1.22,42deg) goal_dist=6.12
[navigator-7] [INFO] [1790529162.256224447] [navigator]: FOLLOW_TURN -> FOLLOW  pose=(-2.31,-1.22,92deg) goal_dist=6.12
[navigator-7] [INFO] [1790529170.857534458] [navigator]: FOLLOW -> FOLLOW_TURN  pose=(-2.19,-0.59,-28deg) goal_dist=5.71
[navigator-7] [INFO] [1790529171.813125907] [navigator]: FOLLOW_TURN -> FOLLOW  pose=(-2.19,-0.59,-20deg) goal_dist=5.71
[navigator-7] [INFO] [1790529182.670333477] [navigator]: FOLLOW -> FOLLOW_TURN  pose=(-1.52,-0.83,-162deg) goal_dist=5.25
[navigator-7] [INFO] [1790529183.423316977] [navigator]: FOLLOW_TURN -> FOLLOW_ARC  pose=(-1.52,-0.83,-167deg) goal_dist=5.25
[navigator-7] [INFO] [1790529183.867061380] [navigator]: FOLLOW_ARC -> FOLLOW_TURN  pose=(-1.55,-0.84,-160deg) goal_dist=5.28
[navigator-7] [INFO] [1790529185.866375857] [navigator]: FOLLOW_TURN -> FOLLOW  pose=(-1.55,-0.84,-105deg) goal_dist=5.28
[navigator-7] [INFO] [1790529186.723284749] [navigator]: FOLLOW -> LEAVE  pose=(-1.56,-0.96,-94deg) goal_dist=5.36
[navigator-7] [INFO] [1790529186.823467032] [navigator]: LEAVE -> GO_GOAL  pose=(-1.56,-0.97,-93deg) goal_dist=5.36
[navigator-7] [INFO] [1790529193.271205664] [navigator]: GO_GOAL -> FOLLOW_ARC  pose=(-1.06,-0.68,34deg) goal_dist=4.78
[navigator-7] [INFO] [1790529208.872031782] [navigator]: FOLLOW_ARC -> ABANDON  pose=(-1.04,-0.66,33deg) goal_dist=4.76
[navigator-7] [INFO] [1790529208.923333722] [navigator]: ABANDON -> FOLLOW_ARC  pose=(-1.04,-0.66,31deg) goal_dist=4.76
[navigator-7] [INFO] [1790529224.312483008] [navigator]: FOLLOW_ARC -> ABANDON  pose=(-1.05,-0.67,33deg) goal_dist=4.77
[navigator-7] [INFO] [1790529224.362779763] [navigator]: ABANDON -> FOLLOW_ARC  pose=(-1.05,-0.67,31deg) goal_dist=4.77
[navigator-7] [INFO] [1790529239.707375233] [navigator]: FOLLOW_ARC -> ABANDON  pose=(-1.06,-0.68,33deg) goal_dist=4.78
[navigator-7] [INFO] [1790529239.761915771] [navigator]: ABANDON -> FOLLOW_ARC  pose=(-1.06,-0.67,31deg) goal_dist=4.78
[navigator-7] [INFO] [1790529255.113221371] [navigator]: FOLLOW_ARC -> ABANDON  pose=(-1.07,-0.68,32deg) goal_dist=4.79
[navigator-7] [INFO] [1790529255.168042135] [navigator]: ABANDON -> FOLLOW_ARC  pose=(-1.07,-0.68,30deg) goal_dist=4.79
[navigator-7] [INFO] [1790529270.511930356] [navigator]: FOLLOW_ARC -> ABANDON  pose=(-1.08,-0.69,32deg) goal_dist=4.80
[navigator-7] [INFO] [1790529270.567077088] [navigator]: ABANDON -> FOLLOW_ARC  pose=(-1.08,-0.69,30deg) goal_dist=4.80
[navigator-7] [INFO] [1790529285.914814147] [navigator]: FOLLOW_ARC -> ABANDON  pose=(-1.09,-0.69,31deg) goal_dist=4.81
[navigator-7] [INFO] [1790529285.967298068] [navigator]: ABANDON -> FOLLOW_ARC  pose=(-1.09,-0.69,30deg) goal_dist=4.81
[navigator-7] [INFO] [1790529301.427870559] [navigator]: FOLLOW_ARC -> ABANDON  pose=(-1.09,-0.69,29deg) goal_dist=4.82
[navigator-7] [INFO] [1790529301.480475370] [navigator]: ABANDON -> GO_GOAL  pose=(-1.09,-0.69,27deg) goal_dist=4.82
[navigator-7] [INFO] [1790529303.328885930] [navigator]: GO_GOAL -> FOLLOW_TURN  pose=(-0.84,-0.55,34deg) goal_dist=4.53
[navigator-7] [INFO] [1790529307.928711698] [navigator]: FOLLOW_TURN -> FOLLOW  pose=(-0.83,-0.54,-177deg) goal_dist=4.51
[navigator-7] [INFO] [1790529316.729975129] [navigator]: FOLLOW -> FOLLOW_TURN  pose=(-1.33,-0.45,39deg) goal_dist=4.89
[navigator-7] [INFO] [1790529316.880470240] [navigator]: FOLLOW_TURN -> FOLLOW  pose=(-1.33,-0.45,35deg) goal_dist=4.89
[navigator-7] [INFO] [1790529317.080483731] [navigator]: FOLLOW -> FOLLOW_TURN  pose=(-1.32,-0.45,32deg) goal_dist=4.88
[navigator-7] [INFO] [1790529317.680385402] [navigator]: FOLLOW_TURN -> FOLLOW_ARC  pose=(-1.32,-0.45,31deg) goal_dist=4.88
[navigator-7] [INFO] [1790529317.928351203] [navigator]: FOLLOW_ARC -> FOLLOW_TURN  pose=(-1.31,-0.44,36deg) goal_dist=4.87
[navigator-7] [INFO] [1790529319.524618334] [navigator]: FOLLOW_TURN -> FOLLOW  pose=(-1.31,-0.44,88deg) goal_dist=4.87
[navigator-7] [INFO] [1790529328.742107679] [navigator]: FOLLOW -> FOLLOW_TURN  pose=(-1.17,0.20,-49deg) goal_dist=4.46
[navigator-7] [INFO] [1790529329.295418522] [navigator]: FOLLOW_TURN -> FOLLOW  pose=(-1.17,0.20,-51deg) goal_dist=4.45
[navigator-7] [INFO] [1790529329.695040108] [navigator]: FOLLOW -> FOLLOW_TURN  pose=(-1.16,0.18,-45deg) goal_dist=4.45
[navigator-7] [INFO] [1790529331.339890869] [navigator]: FOLLOW_TURN -> FOLLOW  pose=(-1.16,0.18,-2deg) goal_dist=4.45
[trial_monitor-6] [INFO] [1790529338.043062051] [trial_monitor]: RESULT TIMEOUT: success=False time=200.1s path=17.68m collisions=0 min_clear=0.056m goal_err=3.921m est_err=0.045m odom_err=1.504m rtf=1.0
[INFO] [trial_monitor-6]: process has finished cleanly [pid 47732]
[INFO] [navigator-7]: sending signal 'SIGINT' to process[navigator-7]
[INFO] [robot_state_publisher-5]: sending signal 'SIGINT' to process[robot_state_publisher-5]
[INFO] [parameter_bridge-4]: sending signal 'SIGINT' to process[parameter_bridge-4]
[INFO] [parameter_bridge-3]: sending signal 'SIGINT' to process[parameter_bridge-3]
[INFO] [gazebo-1]: sending signal 'SIGINT' to process[gazebo-1]
[robot_state_publisher-5] [INFO] [1790529338.229703134] [rclcpp]: signal_handler(SIGINT/SIGTERM)
[parameter_bridge-4] [INFO] [1790529338.232298976] [rclcpp]: signal_handler(SIGINT/SIGTERM)
[parameter_bridge-3] [INFO] [1790529338.236351776] [rclcpp]: signal_handler(SIGINT/SIGTERM)
[parameter_bridge-3] Failed to delete datawriter, at ./src/publisher.cpp:45 during '__function__'
[INFO] [robot_state_publisher-5]: process has finished cleanly [pid 47731]
[INFO] [parameter_bridge-3]: process has finished cleanly [pid 47729]
[INFO] [parameter_bridge-4]: process has finished cleanly [pid 47730]
[INFO] [navigator-7]: process has finished cleanly [pid 47911]
[ERROR] [gazebo-1]: process[gazebo-1] failed to terminate '5' seconds after receiving 'SIGINT', escalating to 'SIGTERM'
[INFO] [gazebo-1]: sending signal 'SIGTERM' to process[gazebo-1]
[ERROR] [gazebo-1]: process has died [pid 47726, exit code -15, cmd 'ruby /opt/ros/jazzy/opt/gz_tools_vendor/bin/gz sim -r -s -v1 /home/qms/ros_ws/install/tb3_nav_task/share/tb3_nav_task/worlds/cluttered.sdf --force-version 8'].
[INFO] [launch]: process[gazebo-1] was required: shutting down launched system
