ros2 launch tb3_nav_task trial.launch.py world:=cluttered strategy:=bug2 gui:=false trial_id:=C_cluttered_bug2_d_follow0.4_s2 plan:=C variant:=2 start_x:=-2.882 start_y:=-2.077 start_yaw:=-0.273 nav_params:={"d_follow": 0.4} results_dir:=/home/qms/vm-share/task02/results timeout:=200.0 verbose:=1
[INFO] [launch]: All log files can be found below /home/qms/.ros/log/2026-09-28-06-22-02-107973-qms-49005
[INFO] [launch]: Default logging verbosity is set to INFO
urdf_file_name : turtlebot3_burger.urdf
[INFO] [gazebo-1]: process started with pid [49008]
[INFO] [create-2]: process started with pid [49009]
[INFO] [parameter_bridge-3]: process started with pid [49011]
[INFO] [parameter_bridge-4]: process started with pid [49012]
[INFO] [robot_state_publisher-5]: process started with pid [49013]
[INFO] [trial_monitor-6]: process started with pid [49014]
[robot_state_publisher-5] [INFO] [1790529722.604953427] [robot_state_publisher]: Robot initialized
[parameter_bridge-4] [INFO] [1790529722.634427767] [ground_truth_bridge]: Creating GZ->ROS Bridge: [/model/burger/pose (gz.msgs.Pose) -> /model/burger/pose (geometry_msgs/msg/PoseStamped)] (Lazy 0)
[create-2] [INFO] [1790529722.644715695] [ros_gz_sim]: Requesting list of world names.
[create-2] [INFO] [1790529723.169116856] [ros_gz_sim]: Entity creation successful.
[INFO] [create-2]: process has finished cleanly [pid 49009]
[trial_monitor-6] [INFO] [1790529723.356309833] [trial_monitor]: monitoring trial C_cluttered_bug2_d_follow0.4_s2 in cluttered, timeout 200 s sim
[parameter_bridge-3] [INFO] [1790529723.665360214] [tb3_bridge]: Creating GZ->ROS Bridge: [clock (gz.msgs.Clock) -> clock (rosgraph_msgs/msg/Clock)] (Lazy 0)
[parameter_bridge-3] [INFO] [1790529723.667846854] [tb3_bridge]: Creating GZ->ROS Bridge: [joint_states (gz.msgs.Model) -> joint_states (sensor_msgs/msg/JointState)] (Lazy 0)
[parameter_bridge-3] [INFO] [1790529723.671450939] [tb3_bridge]: Creating GZ->ROS Bridge: [odom (gz.msgs.Odometry) -> odom (nav_msgs/msg/Odometry)] (Lazy 0)
[parameter_bridge-3] [INFO] [1790529723.673295502] [tb3_bridge]: Creating GZ->ROS Bridge: [tf (gz.msgs.Pose_V) -> tf (tf2_msgs/msg/TFMessage)] (Lazy 0)
[parameter_bridge-3] [INFO] [1790529723.675356437] [tb3_bridge]: Creating ROS->GZ Bridge: [cmd_vel (geometry_msgs/msg/TwistStamped) -> cmd_vel (gz.msgs.Twist)] (Lazy 0)
[parameter_bridge-3] [INFO] [1790529723.676527008] [tb3_bridge]: Creating GZ->ROS Bridge: [imu (gz.msgs.IMU) -> imu (sensor_msgs/msg/Imu)] (Lazy 0)
[parameter_bridge-3] [INFO] [1790529723.676905629] [tb3_bridge]: Creating GZ->ROS Bridge: [scan (gz.msgs.LaserScan) -> scan (sensor_msgs/msg/LaserScan)] (Lazy 0)
[gazebo-1] [1;33mWarning [Utils.cc:132][0m [/sdf/model[@name="turtlebot3_burger"]/link[@name="base_scan"]/sensor[@name="hls_lfcd_lds"]/gz_frame_id:/tmp/tb3_nav_task_burger.sdf:L126]: XML Element[gz_frame_id], child of element[sensor], not defined in SDF. Copying[gz_frame_id] as children of [sensor].
[gazebo-1] libEGL warning: Not allowed to force software rendering when API explicitly selects a hardware device.
[INFO] [navigator-7]: process started with pid [49193]
[navigator-7] [INFO] [1790529726.337013777] [navigator]: navigator: strategy=bug2 localization=odom_imu shaping=True params={'v_max': 0.18, 'w_max': 1.5, 'hit_dist': 0.3, 'd_follow': 0.4, 'k_head': 2.0, 'k_wall': 3.0, 'mline_tol': 0.1, 'leave_progress': 0.15, 'min_follow': 0.5, 'goal_tol': 0.2} start=(-2.882, -2.077, -0.273) goal=(2.9, 2.0)
[navigator-7] [INFO] [1790529726.737114607] [navigator]: publishing TwistStamped on /cmd_vel
[parameter_bridge-3] [INFO] [1790529726.737483312] [tb3_bridge]: Passing message from ROS geometry_msgs/msg/TwistStamped to Gazebo gz.msgs.Twist (showing msg only once per type)
[navigator-7] [INFO] [1790529726.738835255] [navigator]: WAITING -> GO_GOAL  pose=(-2.88,-2.08,-16deg) goal_dist=7.07
[trial_monitor-6] [INFO] [1790529726.753988923] [trial_monitor]: trial started (first active control cycle)
[navigator-7] [INFO] [1790529765.881814898] [navigator]: GO_GOAL -> REACHED  pose=(2.74,1.89,35deg) goal_dist=0.19
[trial_monitor-6] [INFO] [1790529766.132068036] [trial_monitor]: RESULT REACHED: success=True time=39.2s path=6.90m collisions=0 min_clear=0.063m goal_err=0.201m est_err=0.024m odom_err=0.339m rtf=0.998
[INFO] [trial_monitor-6]: process has finished cleanly [pid 49014]
[INFO] [navigator-7]: sending signal 'SIGINT' to process[navigator-7]
[INFO] [robot_state_publisher-5]: sending signal 'SIGINT' to process[robot_state_publisher-5]
[INFO] [parameter_bridge-4]: sending signal 'SIGINT' to process[parameter_bridge-4]
[INFO] [parameter_bridge-3]: sending signal 'SIGINT' to process[parameter_bridge-3]
[INFO] [gazebo-1]: sending signal 'SIGINT' to process[gazebo-1]
[robot_state_publisher-5] [INFO] [1790529766.313377558] [rclcpp]: signal_handler(SIGINT/SIGTERM)
[parameter_bridge-4] [INFO] [1790529766.316004824] [rclcpp]: signal_handler(SIGINT/SIGTERM)
[parameter_bridge-3] [INFO] [1790529766.319354583] [rclcpp]: signal_handler(SIGINT/SIGTERM)
[INFO] [parameter_bridge-4]: process has finished cleanly [pid 49012]
[INFO] [parameter_bridge-3]: process has finished cleanly [pid 49011]
[INFO] [robot_state_publisher-5]: process has finished cleanly [pid 49013]
[INFO] [navigator-7]: process has finished cleanly [pid 49193]
[ERROR] [gazebo-1]: process[gazebo-1] failed to terminate '5' seconds after receiving 'SIGINT', escalating to 'SIGTERM'
[INFO] [gazebo-1]: sending signal 'SIGTERM' to process[gazebo-1]
[ERROR] [gazebo-1]: process has died [pid 49008, exit code -15, cmd 'ruby /opt/ros/jazzy/opt/gz_tools_vendor/bin/gz sim -r -s -v1 /home/qms/ros_ws/install/tb3_nav_task/share/tb3_nav_task/worlds/cluttered.sdf --force-version 8'].
[INFO] [launch]: process[gazebo-1] was required: shutting down launched system
