ros2 launch tb3_nav_task trial.launch.py world:=cluttered strategy:=vfh gui:=false trial_id:=C_cluttered_vfh_safety0.2_s1 plan:=C variant:=1 start_x:=-2.904 start_y:=-2.054 start_yaw:=0.118 nav_params:={"safety": 0.2} results_dir:=/home/qms/vm-share/task02/results timeout:=200.0 verbose:=1
[INFO] [launch]: All log files can be found below /home/qms/.ros/log/2026-09-28-06-03-32-814517-qms-46449
[INFO] [launch]: Default logging verbosity is set to INFO
urdf_file_name : turtlebot3_burger.urdf
[INFO] [gazebo-1]: process started with pid [46452]
[INFO] [create-2]: process started with pid [46453]
[INFO] [parameter_bridge-3]: process started with pid [46455]
[INFO] [parameter_bridge-4]: process started with pid [46456]
[INFO] [robot_state_publisher-5]: process started with pid [46457]
[INFO] [trial_monitor-6]: process started with pid [46458]
[robot_state_publisher-5] [INFO] [1790528613.326604282] [robot_state_publisher]: Robot initialized
[create-2] [INFO] [1790528613.347994979] [ros_gz_sim]: Requesting list of world names.
[parameter_bridge-4] [INFO] [1790528613.373376811] [ground_truth_bridge]: Creating GZ->ROS Bridge: [/model/burger/pose (gz.msgs.Pose) -> /model/burger/pose (geometry_msgs/msg/PoseStamped)] (Lazy 0)
[create-2] [INFO] [1790528613.882300137] [ros_gz_sim]: Entity creation successful.
[INFO] [create-2]: process has finished cleanly [pid 46453]
[trial_monitor-6] [INFO] [1790528614.067000096] [trial_monitor]: monitoring trial C_cluttered_vfh_safety0.2_s1 in cluttered, timeout 200 s sim
[parameter_bridge-3] [INFO] [1790528614.359813178] [tb3_bridge]: Creating GZ->ROS Bridge: [clock (gz.msgs.Clock) -> clock (rosgraph_msgs/msg/Clock)] (Lazy 0)
[parameter_bridge-3] [INFO] [1790528614.364852869] [tb3_bridge]: Creating GZ->ROS Bridge: [joint_states (gz.msgs.Model) -> joint_states (sensor_msgs/msg/JointState)] (Lazy 0)
[parameter_bridge-3] [INFO] [1790528614.370503234] [tb3_bridge]: Creating GZ->ROS Bridge: [odom (gz.msgs.Odometry) -> odom (nav_msgs/msg/Odometry)] (Lazy 0)
[parameter_bridge-3] [INFO] [1790528614.373536524] [tb3_bridge]: Creating GZ->ROS Bridge: [tf (gz.msgs.Pose_V) -> tf (tf2_msgs/msg/TFMessage)] (Lazy 0)
[parameter_bridge-3] [INFO] [1790528614.375999556] [tb3_bridge]: Creating ROS->GZ Bridge: [cmd_vel (geometry_msgs/msg/TwistStamped) -> cmd_vel (gz.msgs.Twist)] (Lazy 0)
[parameter_bridge-3] [INFO] [1790528614.377451784] [tb3_bridge]: Creating GZ->ROS Bridge: [imu (gz.msgs.IMU) -> imu (sensor_msgs/msg/Imu)] (Lazy 0)
[parameter_bridge-3] [INFO] [1790528614.378348254] [tb3_bridge]: Creating GZ->ROS Bridge: [scan (gz.msgs.LaserScan) -> scan (sensor_msgs/msg/LaserScan)] (Lazy 0)
[gazebo-1] [1;33mWarning [Utils.cc:132][0m [/sdf/model[@name="turtlebot3_burger"]/link[@name="base_scan"]/sensor[@name="hls_lfcd_lds"]/gz_frame_id:/tmp/tb3_nav_task_burger.sdf:L126]: XML Element[gz_frame_id], child of element[sensor], not defined in SDF. Copying[gz_frame_id] as children of [sensor].
[gazebo-1] libEGL warning: Not allowed to force software rendering when API explicitly selects a hardware device.
[INFO] [navigator-7]: process started with pid [46637]
[navigator-7] [INFO] [1790528617.069088918] [navigator]: navigator: strategy=vfh localization=odom_imu shaping=True params={'v_max': 0.18, 'w_max': 1.5, 'safety': 0.2, 'lookahead': 1.0, 'bin_deg': 5.0, 'k_w': 2.0, 'w_goal': 1.0, 'w_turn': 0.25, 'w_prev': 0.25, 'slow_dist': 0.6, 'stop_dist': 0.1, 'goal_tol': 0.2} start=(-2.904, -2.054, 0.118) goal=(2.9, 2.0)
[navigator-7] [INFO] [1790528617.104834344] [navigator]: publishing TwistStamped on /cmd_vel
[parameter_bridge-3] [INFO] [1790528617.186350410] [tb3_bridge]: Passing message from ROS geometry_msgs/msg/TwistStamped to Gazebo gz.msgs.Twist (showing msg only once per type)
[navigator-7] [INFO] [1790528617.188182018] [navigator]: WAITING -> GO_GOAL  pose=(-2.90,-2.05,7deg) goal_dist=7.08
[trial_monitor-6] [INFO] [1790528617.203801264] [trial_monitor]: trial started (first active control cycle)
[navigator-7] [INFO] [1790528619.028834555] [navigator]: GO_GOAL -> AVOID  pose=(-2.66,-1.94,35deg) goal_dist=6.82
[navigator-7] [INFO] [1790528622.128703766] [navigator]: AVOID -> GO_GOAL  pose=(-2.23,-1.73,33deg) goal_dist=6.34
[navigator-7] [INFO] [1790528622.187502201] [navigator]: GO_GOAL -> AVOID  pose=(-2.22,-1.72,36deg) goal_dist=6.33
[navigator-7] [INFO] [1790528622.287292798] [navigator]: AVOID -> GO_GOAL  pose=(-2.21,-1.71,38deg) goal_dist=6.32
[navigator-7] [INFO] [1790528622.387510025] [navigator]: GO_GOAL -> AVOID  pose=(-2.20,-1.70,40deg) goal_dist=6.30
[navigator-7] [INFO] [1790528637.829294178] [navigator]: AVOID -> GO_GOAL  pose=(-2.18,-0.56,97deg) goal_dist=5.69
[navigator-7] [INFO] [1790528641.278552476] [navigator]: GO_GOAL -> AVOID  pose=(-1.89,-0.40,21deg) goal_dist=5.36
[navigator-7] [INFO] [1790528647.396005886] [navigator]: AVOID -> GO_GOAL  pose=(-1.01,0.24,33deg) goal_dist=4.29
[navigator-7] [INFO] [1790528649.291098078] [navigator]: GO_GOAL -> AVOID  pose=(-0.71,0.40,25deg) goal_dist=3.95
[navigator-7] [INFO] [1790528655.692592771] [navigator]: AVOID -> GO_GOAL  pose=(0.22,1.06,32deg) goal_dist=2.83
[navigator-7] [INFO] [1790528656.253560589] [navigator]: GO_GOAL -> AVOID  pose=(0.32,1.12,24deg) goal_dist=2.73
[navigator-7] [INFO] [1790528669.797637010] [navigator]: AVOID -> GO_GOAL  pose=(0.95,1.72,42deg) goal_dist=1.97
[navigator-7] [INFO] [1790528669.853672115] [navigator]: GO_GOAL -> AVOID  pose=(0.96,1.72,35deg) goal_dist=1.96
[navigator-7] [INFO] [1790528678.195978089] [navigator]: AVOID -> GO_GOAL  pose=(0.96,1.78,61deg) goal_dist=1.95
[navigator-7] [INFO] [1790528678.254050470] [navigator]: GO_GOAL -> AVOID  pose=(0.97,1.78,54deg) goal_dist=1.95
[navigator-7] [INFO] [1790528678.353909146] [navigator]: AVOID -> GO_GOAL  pose=(0.97,1.79,47deg) goal_dist=1.94
[navigator-7] [INFO] [1790528678.453714612] [navigator]: GO_GOAL -> AVOID  pose=(0.98,1.80,38deg) goal_dist=1.93
[navigator-7] [INFO] [1790528678.553784832] [navigator]: AVOID -> GO_GOAL  pose=(0.99,1.81,31deg) goal_dist=1.92
[navigator-7] [INFO] [1790528678.853879116] [navigator]: GO_GOAL -> AVOID  pose=(1.04,1.82,11deg) goal_dist=1.87
[navigator-7] [INFO] [1790528678.953725833] [navigator]: AVOID -> GO_GOAL  pose=(1.05,1.82,6deg) goal_dist=1.85
[navigator-7] [INFO] [1790528679.053855262] [navigator]: GO_GOAL -> AVOID  pose=(1.07,1.83,1deg) goal_dist=1.84
[navigator-7] [INFO] [1790528679.153913773] [navigator]: AVOID -> GO_GOAL  pose=(1.09,1.82,-4deg) goal_dist=1.82
[navigator-7] [INFO] [1790528679.297008095] [navigator]: GO_GOAL -> AVOID  pose=(1.11,1.82,-8deg) goal_dist=1.80
[navigator-7] [INFO] [1790528688.095966650] [navigator]: AVOID -> GO_GOAL  pose=(1.38,1.89,-177deg) goal_dist=1.53
[navigator-7] [INFO] [1790528699.695376684] [navigator]: GO_GOAL -> REACHED  pose=(2.71,1.97,8deg) goal_dist=0.20
[trial_monitor-6] [INFO] [1790528699.872230943] [trial_monitor]: RESULT REACHED: success=False time=82.5s path=9.04m collisions=0 min_clear=0.164m goal_err=0.736m est_err=0.544m odom_err=0.803m rtf=0.999
[INFO] [trial_monitor-6]: process has finished cleanly [pid 46458]
[INFO] [navigator-7]: sending signal 'SIGINT' to process[navigator-7]
[INFO] [robot_state_publisher-5]: sending signal 'SIGINT' to process[robot_state_publisher-5]
[INFO] [parameter_bridge-4]: sending signal 'SIGINT' to process[parameter_bridge-4]
[INFO] [parameter_bridge-3]: sending signal 'SIGINT' to process[parameter_bridge-3]
[INFO] [gazebo-1]: sending signal 'SIGINT' to process[gazebo-1]
[robot_state_publisher-5] [INFO] [1790528700.080834989] [rclcpp]: signal_handler(SIGINT/SIGTERM)
[parameter_bridge-4] [INFO] [1790528700.086346852] [rclcpp]: signal_handler(SIGINT/SIGTERM)
[parameter_bridge-3] [INFO] [1790528700.089064554] [rclcpp]: signal_handler(SIGINT/SIGTERM)
[INFO] [parameter_bridge-3]: process has finished cleanly [pid 46455]
[INFO] [parameter_bridge-4]: process has finished cleanly [pid 46456]
[INFO] [robot_state_publisher-5]: process has finished cleanly [pid 46457]
[INFO] [navigator-7]: process has finished cleanly [pid 46637]
[ERROR] [gazebo-1]: process[gazebo-1] failed to terminate '5' seconds after receiving 'SIGINT', escalating to 'SIGTERM'
[INFO] [gazebo-1]: sending signal 'SIGTERM' to process[gazebo-1]
[ERROR] [gazebo-1]: process has died [pid 46452, exit code -15, cmd 'ruby /opt/ros/jazzy/opt/gz_tools_vendor/bin/gz sim -r -s -v1 /home/qms/ros_ws/install/tb3_nav_task/share/tb3_nav_task/worlds/cluttered.sdf --force-version 8'].
[INFO] [launch]: process[gazebo-1] was required: shutting down launched system
