ros2 launch tb3_nav_task trial.launch.py world:=cluttered strategy:=vfh gui:=false trial_id:=C_cluttered_vfh_safety0.3_s0 plan:=C variant:=0 start_x:=-2.9 start_y:=-2.0 start_yaw:=0.0 nav_params:={"safety": 0.3} results_dir:=/home/qms/vm-share/task02/results timeout:=200.0 verbose:=1
[INFO] [launch]: All log files can be found below /home/qms/.ros/log/2026-09-28-06-06-05-292056-qms-46959
[INFO] [launch]: Default logging verbosity is set to INFO
urdf_file_name : turtlebot3_burger.urdf
[INFO] [gazebo-1]: process started with pid [46962]
[INFO] [create-2]: process started with pid [46963]
[INFO] [parameter_bridge-3]: process started with pid [46965]
[INFO] [parameter_bridge-4]: process started with pid [46966]
[INFO] [robot_state_publisher-5]: process started with pid [46967]
[INFO] [trial_monitor-6]: process started with pid [46968]
[robot_state_publisher-5] [INFO] [1790528765.755685904] [robot_state_publisher]: Robot initialized
[parameter_bridge-4] [INFO] [1790528765.784907241] [ground_truth_bridge]: Creating GZ->ROS Bridge: [/model/burger/pose (gz.msgs.Pose) -> /model/burger/pose (geometry_msgs/msg/PoseStamped)] (Lazy 0)
[create-2] [INFO] [1790528765.794660534] [ros_gz_sim]: Requesting list of world names.
[create-2] [INFO] [1790528766.306894584] [ros_gz_sim]: Entity creation successful.
[INFO] [create-2]: process has finished cleanly [pid 46963]
[trial_monitor-6] [INFO] [1790528766.467430413] [trial_monitor]: monitoring trial C_cluttered_vfh_safety0.3_s0 in cluttered, timeout 200 s sim
[parameter_bridge-3] [INFO] [1790528766.812479090] [tb3_bridge]: Creating GZ->ROS Bridge: [clock (gz.msgs.Clock) -> clock (rosgraph_msgs/msg/Clock)] (Lazy 0)
[parameter_bridge-3] [INFO] [1790528766.827013195] [tb3_bridge]: Creating GZ->ROS Bridge: [joint_states (gz.msgs.Model) -> joint_states (sensor_msgs/msg/JointState)] (Lazy 0)
[parameter_bridge-3] [INFO] [1790528766.834399041] [tb3_bridge]: Creating GZ->ROS Bridge: [odom (gz.msgs.Odometry) -> odom (nav_msgs/msg/Odometry)] (Lazy 0)
[parameter_bridge-3] [INFO] [1790528766.839387980] [tb3_bridge]: Creating GZ->ROS Bridge: [tf (gz.msgs.Pose_V) -> tf (tf2_msgs/msg/TFMessage)] (Lazy 0)
[parameter_bridge-3] [INFO] [1790528766.842677440] [tb3_bridge]: Creating ROS->GZ Bridge: [cmd_vel (geometry_msgs/msg/TwistStamped) -> cmd_vel (gz.msgs.Twist)] (Lazy 0)
[parameter_bridge-3] [INFO] [1790528766.844413462] [tb3_bridge]: Creating GZ->ROS Bridge: [imu (gz.msgs.IMU) -> imu (sensor_msgs/msg/Imu)] (Lazy 0)
[parameter_bridge-3] [INFO] [1790528766.845411975] [tb3_bridge]: Creating GZ->ROS Bridge: [scan (gz.msgs.LaserScan) -> scan (sensor_msgs/msg/LaserScan)] (Lazy 0)
[gazebo-1] [1;33mWarning [Utils.cc:132][0m [/sdf/model[@name="turtlebot3_burger"]/link[@name="base_scan"]/sensor[@name="hls_lfcd_lds"]/gz_frame_id:/tmp/tb3_nav_task_burger.sdf:L126]: XML Element[gz_frame_id], child of element[sensor], not defined in SDF. Copying[gz_frame_id] as children of [sensor].
[gazebo-1] libEGL warning: Not allowed to force software rendering when API explicitly selects a hardware device.
[INFO] [navigator-7]: process started with pid [47147]
[navigator-7] [INFO] [1790528769.459950457] [navigator]: navigator: strategy=vfh localization=odom_imu shaping=True params={'v_max': 0.18, 'w_max': 1.5, 'safety': 0.3, 'lookahead': 1.0, 'bin_deg': 5.0, 'k_w': 2.0, 'w_goal': 1.0, 'w_turn': 0.25, 'w_prev': 0.25, 'slow_dist': 0.6, 'stop_dist': 0.1, 'goal_tol': 0.2} start=(-2.9, -2.0, 0.0) goal=(2.9, 2.0)
[navigator-7] [INFO] [1790528772.529184112] [navigator]: publishing TwistStamped on /cmd_vel
[parameter_bridge-3] [INFO] [1790528772.529620784] [tb3_bridge]: Passing message from ROS geometry_msgs/msg/TwistStamped to Gazebo gz.msgs.Twist (showing msg only once per type)
[navigator-7] [INFO] [1790528772.646005249] [navigator]: WAITING -> GO_GOAL  pose=(-2.90,-2.00,-0deg) goal_dist=7.05
[trial_monitor-6] [INFO] [1790528772.661546200] [trial_monitor]: trial started (first active control cycle)
[navigator-7] [INFO] [1790528774.288203008] [navigator]: GO_GOAL -> AVOID  pose=(-2.68,-1.92,34deg) goal_dist=6.82
[navigator-7] [INFO] [1790528795.313026966] [navigator]: AVOID -> GO_GOAL  pose=(-2.48,-0.85,68deg) goal_dist=6.09
[navigator-7] [INFO] [1790528795.361598761] [navigator]: GO_GOAL -> AVOID  pose=(-2.48,-0.84,60deg) goal_dist=6.08
[navigator-7] [INFO] [1790528795.512814424] [navigator]: AVOID -> GO_GOAL  pose=(-2.47,-0.83,54deg) goal_dist=6.07
[navigator-7] [INFO] [1790528795.821921796] [navigator]: GO_GOAL -> AVOID  pose=(-2.46,-0.82,47deg) goal_dist=6.06
[navigator-7] [INFO] [1790528795.968605026] [navigator]: AVOID -> GO_GOAL  pose=(-2.45,-0.81,40deg) goal_dist=6.04
[navigator-7] [INFO] [1790528796.068444067] [navigator]: GO_GOAL -> AVOID  pose=(-2.43,-0.80,35deg) goal_dist=6.02
[navigator-7] [INFO] [1790528796.168516527] [navigator]: AVOID -> GO_GOAL  pose=(-2.42,-0.79,29deg) goal_dist=6.01
[navigator-7] [INFO] [1790528796.297081064] [navigator]: GO_GOAL -> AVOID  pose=(-2.40,-0.78,25deg) goal_dist=5.99
[navigator-7] [INFO] [1790528796.384058564] [navigator]: AVOID -> GO_GOAL  pose=(-2.39,-0.77,21deg) goal_dist=5.97
[navigator-7] [INFO] [1790528796.470649892] [navigator]: GO_GOAL -> AVOID  pose=(-2.37,-0.77,18deg) goal_dist=5.95
[navigator-7] [INFO] [1790528798.912516418] [navigator]: AVOID -> GO_GOAL  pose=(-2.13,-0.58,76deg) goal_dist=5.65
[navigator-7] [INFO] [1790528801.712947199] [navigator]: GO_GOAL -> AVOID  pose=(-1.84,-0.35,27deg) goal_dist=5.29
[navigator-7] [INFO] [1790528806.712285889] [navigator]: AVOID -> GO_GOAL  pose=(-1.10,0.16,34deg) goal_dist=4.41
[navigator-7] [INFO] [1790528806.870532892] [navigator]: GO_GOAL -> AVOID  pose=(-1.07,0.18,33deg) goal_dist=4.37
[navigator-7] [INFO] [1790528807.270480893] [navigator]: AVOID -> GO_GOAL  pose=(-1.01,0.22,33deg) goal_dist=4.30
[navigator-7] [INFO] [1790528809.514325884] [navigator]: GO_GOAL -> AVOID  pose=(-0.66,0.40,25deg) goal_dist=3.91
[navigator-7] [INFO] [1790528878.950073918] [navigator]: AVOID -> GO_GOAL  pose=(2.03,0.10,154deg) goal_dist=2.09
[navigator-7] [INFO] [1790528879.098458620] [navigator]: GO_GOAL -> AVOID  pose=(2.03,0.10,155deg) goal_dist=2.09
[navigator-7] [INFO] [1790528879.198533658] [navigator]: AVOID -> GO_GOAL  pose=(2.03,0.10,155deg) goal_dist=2.09
[navigator-7] [INFO] [1790528879.798455798] [navigator]: GO_GOAL -> AVOID  pose=(2.03,0.10,140deg) goal_dist=2.09
[navigator-7] [INFO] [1790528879.898539545] [navigator]: AVOID -> GO_GOAL  pose=(2.03,0.10,137deg) goal_dist=2.09
[navigator-7] [INFO] [1790528880.446082427] [navigator]: GO_GOAL -> AVOID  pose=(2.02,0.11,117deg) goal_dist=2.08
[navigator-7] [INFO] [1790528880.501473098] [navigator]: AVOID -> GO_GOAL  pose=(2.02,0.12,111deg) goal_dist=2.08
[navigator-7] [INFO] [1790528880.603243367] [navigator]: GO_GOAL -> AVOID  pose=(2.02,0.12,103deg) goal_dist=2.07
[navigator-7] [INFO] [1790528881.751610107] [navigator]: AVOID -> GO_GOAL  pose=(2.09,0.26,37deg) goal_dist=1.92
[navigator-7] [INFO] [1790528881.801296205] [navigator]: GO_GOAL -> AVOID  pose=(2.10,0.26,35deg) goal_dist=1.91
[navigator-7] [INFO] [1790528881.901316576] [navigator]: AVOID -> GO_GOAL  pose=(2.11,0.27,33deg) goal_dist=1.90
[navigator-7] [INFO] [1790528892.635063499] [navigator]: GO_GOAL -> REACHED  pose=(2.84,1.81,70deg) goal_dist=0.19
[trial_monitor-6] [INFO] [1790528892.936831631] [trial_monitor]: RESULT REACHED: success=False time=119.3s path=14.95m collisions=0 min_clear=0.285m goal_err=0.690m est_err=0.683m odom_err=5.528m rtf=0.993
[INFO] [trial_monitor-6]: process has finished cleanly [pid 46968]
[INFO] [navigator-7]: sending signal 'SIGINT' to process[navigator-7]
[INFO] [robot_state_publisher-5]: sending signal 'SIGINT' to process[robot_state_publisher-5]
[INFO] [parameter_bridge-4]: sending signal 'SIGINT' to process[parameter_bridge-4]
[INFO] [parameter_bridge-3]: sending signal 'SIGINT' to process[parameter_bridge-3]
[INFO] [gazebo-1]: sending signal 'SIGINT' to process[gazebo-1]
[robot_state_publisher-5] [INFO] [1790528893.173683429] [rclcpp]: signal_handler(SIGINT/SIGTERM)
[parameter_bridge-4] [INFO] [1790528893.176786802] [rclcpp]: signal_handler(SIGINT/SIGTERM)
[parameter_bridge-3] [INFO] [1790528893.180433807] [rclcpp]: signal_handler(SIGINT/SIGTERM)
[INFO] [parameter_bridge-4]: process has finished cleanly [pid 46966]
[INFO] [robot_state_publisher-5]: process has finished cleanly [pid 46967]
[INFO] [parameter_bridge-3]: process has finished cleanly [pid 46965]
[INFO] [navigator-7]: process has finished cleanly [pid 47147]
[ERROR] [gazebo-1]: process[gazebo-1] failed to terminate '5' seconds after receiving 'SIGINT', escalating to 'SIGTERM'
[INFO] [gazebo-1]: sending signal 'SIGTERM' to process[gazebo-1]
[ERROR] [gazebo-1]: process has died [pid 46962, exit code -15, cmd 'ruby /opt/ros/jazzy/opt/gz_tools_vendor/bin/gz sim -r -s -v1 /home/qms/ros_ws/install/tb3_nav_task/share/tb3_nav_task/worlds/cluttered.sdf --force-version 8'].
[INFO] [launch]: process[gazebo-1] was required: shutting down launched system
