ros2 launch tb3_nav_task trial.launch.py world:=cluttered strategy:=bug2 gui:=false trial_id:=D_cluttered_bug2_localizationodom_s0 plan:=D variant:=0 start_x:=-2.9 start_y:=-2.0 start_yaw:=0.0 nav_params:={"localization": "odom"} results_dir:=/home/qms/vm-share/task02/results timeout:=200.0 verbose:=1
[INFO] [launch]: All log files can be found below /home/qms/.ros/log/2026-09-28-06-36-10-914456-qms-51637
[INFO] [launch]: Default logging verbosity is set to INFO
urdf_file_name : turtlebot3_burger.urdf
[INFO] [gazebo-1]: process started with pid [51640]
[INFO] [create-2]: process started with pid [51641]
[INFO] [parameter_bridge-3]: process started with pid [51643]
[INFO] [parameter_bridge-4]: process started with pid [51644]
[INFO] [robot_state_publisher-5]: process started with pid [51645]
[INFO] [trial_monitor-6]: process started with pid [51646]
[robot_state_publisher-5] [INFO] [1790530571.432091137] [robot_state_publisher]: Robot initialized
[parameter_bridge-4] [INFO] [1790530571.451782588] [ground_truth_bridge]: Creating GZ->ROS Bridge: [/model/burger/pose (gz.msgs.Pose) -> /model/burger/pose (geometry_msgs/msg/PoseStamped)] (Lazy 0)
[create-2] [INFO] [1790530571.477503925] [ros_gz_sim]: Requesting list of world names.
[create-2] [INFO] [1790530571.977822563] [ros_gz_sim]: Entity creation successful.
[INFO] [create-2]: process has finished cleanly [pid 51641]
[trial_monitor-6] [INFO] [1790530572.167253567] [trial_monitor]: monitoring trial D_cluttered_bug2_localizationodom_s0 in cluttered, timeout 200 s sim
[parameter_bridge-3] [INFO] [1790530572.466301725] [tb3_bridge]: Creating GZ->ROS Bridge: [clock (gz.msgs.Clock) -> clock (rosgraph_msgs/msg/Clock)] (Lazy 0)
[parameter_bridge-3] [INFO] [1790530572.468380687] [tb3_bridge]: Creating GZ->ROS Bridge: [joint_states (gz.msgs.Model) -> joint_states (sensor_msgs/msg/JointState)] (Lazy 0)
[parameter_bridge-3] [INFO] [1790530572.470800316] [tb3_bridge]: Creating GZ->ROS Bridge: [odom (gz.msgs.Odometry) -> odom (nav_msgs/msg/Odometry)] (Lazy 0)
[parameter_bridge-3] [INFO] [1790530572.472435819] [tb3_bridge]: Creating GZ->ROS Bridge: [tf (gz.msgs.Pose_V) -> tf (tf2_msgs/msg/TFMessage)] (Lazy 0)
[parameter_bridge-3] [INFO] [1790530572.473925155] [tb3_bridge]: Creating ROS->GZ Bridge: [cmd_vel (geometry_msgs/msg/TwistStamped) -> cmd_vel (gz.msgs.Twist)] (Lazy 0)
[parameter_bridge-3] [INFO] [1790530572.474899948] [tb3_bridge]: Creating GZ->ROS Bridge: [imu (gz.msgs.IMU) -> imu (sensor_msgs/msg/Imu)] (Lazy 0)
[parameter_bridge-3] [INFO] [1790530572.475444949] [tb3_bridge]: Creating GZ->ROS Bridge: [scan (gz.msgs.LaserScan) -> scan (sensor_msgs/msg/LaserScan)] (Lazy 0)
[gazebo-1] [1;33mWarning [Utils.cc:132][0m [/sdf/model[@name="turtlebot3_burger"]/link[@name="base_scan"]/sensor[@name="hls_lfcd_lds"]/gz_frame_id:/tmp/tb3_nav_task_burger.sdf:L126]: XML Element[gz_frame_id], child of element[sensor], not defined in SDF. Copying[gz_frame_id] as children of [sensor].
[gazebo-1] libEGL warning: Not allowed to force software rendering when API explicitly selects a hardware device.
[INFO] [navigator-7]: process started with pid [51825]
[navigator-7] [INFO] [1790530575.188241925] [navigator]: navigator: strategy=bug2 localization=odom shaping=True params={'v_max': 0.18, 'w_max': 1.5, 'hit_dist': 0.3, 'd_follow': 0.3, 'k_head': 2.0, 'k_wall': 3.0, 'mline_tol': 0.1, 'leave_progress': 0.15, 'min_follow': 0.5, 'goal_tol': 0.2} start=(-2.9, -2.0, 0.0) goal=(2.9, 2.0)
[navigator-7] [INFO] [1790530578.183724873] [navigator]: publishing TwistStamped on /cmd_vel
[parameter_bridge-3] [INFO] [1790530578.184110457] [tb3_bridge]: Passing message from ROS geometry_msgs/msg/TwistStamped to Gazebo gz.msgs.Twist (showing msg only once per type)
[navigator-7] [INFO] [1790530578.279706256] [navigator]: WAITING -> GO_GOAL  pose=(-2.90,-2.00,-0deg) goal_dist=7.05
[trial_monitor-6] [INFO] [1790530578.298983207] [trial_monitor]: trial started (first active control cycle)
[navigator-7] [INFO] [1790530593.325266661] [navigator]: GO_GOAL -> FOLLOW_TURN  pose=(-0.73,-0.54,35deg) goal_dist=4.44
[navigator-7] [INFO] [1790530593.880464759] [navigator]: FOLLOW_TURN -> FOLLOW  pose=(-0.73,-0.54,52deg) goal_dist=4.43
[navigator-7] [INFO] [1790530604.498319662] [navigator]: FOLLOW -> FOLLOW_TURN  pose=(-0.18,0.04,-85deg) goal_dist=3.66
[navigator-7] [INFO] [1790530605.050714246] [navigator]: FOLLOW_TURN -> FOLLOW  pose=(-0.18,0.03,-79deg) goal_dist=3.66
[navigator-7] [INFO] [1790530605.450766409] [navigator]: FOLLOW -> FOLLOW_TURN  pose=(-0.18,0.02,-76deg) goal_dist=3.66
[navigator-7] [INFO] [1790530606.099654145] [navigator]: FOLLOW_TURN -> FOLLOW  pose=(-0.18,0.01,-63deg) goal_dist=3.66
[navigator-7] [INFO] [1790530606.250794860] [navigator]: FOLLOW -> FOLLOW_TURN  pose=(-0.17,0.01,-59deg) goal_dist=3.66
[navigator-7] [INFO] [1790530607.052017483] [navigator]: FOLLOW_TURN -> FOLLOW  pose=(-0.17,0.00,-34deg) goal_dist=3.66
[navigator-7] [INFO] [1790530607.196850353] [navigator]: FOLLOW -> LEAVE  pose=(-0.17,0.00,-31deg) goal_dist=3.66
[navigator-7] [INFO] [1790530607.250669835] [navigator]: LEAVE -> GO_GOAL  pose=(-0.17,0.00,-28deg) goal_dist=3.66
[navigator-7] [INFO] [1790530610.495194573] [navigator]: GO_GOAL -> FOLLOW_ARC  pose=(0.19,0.19,34deg) goal_dist=3.26
[navigator-7] [INFO] [1790530610.650676509] [navigator]: FOLLOW_ARC -> FOLLOW_TURN  pose=(0.21,0.20,31deg) goal_dist=3.24
[navigator-7] [INFO] [1790530611.699322230] [navigator]: FOLLOW_TURN -> FOLLOW_ARC  pose=(0.21,0.20,55deg) goal_dist=3.24
[navigator-7] [INFO] [1790530611.850672867] [navigator]: FOLLOW_ARC -> FOLLOW  pose=(0.21,0.21,59deg) goal_dist=3.23
[navigator-7] [INFO] [1790530612.050681434] [navigator]: FOLLOW -> FOLLOW_TURN  pose=(0.22,0.22,59deg) goal_dist=3.22
[navigator-7] [INFO] [1790530613.494732918] [navigator]: FOLLOW_TURN -> FOLLOW  pose=(0.22,0.22,99deg) goal_dist=3.22
[navigator-7] [INFO] [1790530617.895204407] [navigator]: FOLLOW -> FOLLOW_TURN  pose=(-0.04,0.75,113deg) goal_dist=3.20
[navigator-7] [INFO] [1790530618.450846290] [navigator]: FOLLOW_TURN -> FOLLOW  pose=(-0.04,0.75,123deg) goal_dist=3.20
[navigator-7] [INFO] [1790530618.850792105] [navigator]: FOLLOW -> FOLLOW_TURN  pose=(-0.06,0.78,126deg) goal_dist=3.21
[navigator-7] [INFO] [1790530621.311088935] [navigator]: FOLLOW_TURN -> FOLLOW  pose=(-0.07,0.78,-158deg) goal_dist=3.21
[navigator-7] [INFO] [1790530631.303847895] [navigator]: FOLLOW -> FOLLOW_TURN  pose=(-0.79,0.58,60deg) goal_dist=3.95
[navigator-7] [INFO] [1790530632.260945039] [navigator]: FOLLOW_TURN -> FOLLOW  pose=(-0.79,0.58,79deg) goal_dist=3.95
[navigator-7] [INFO] [1790530632.504000636] [navigator]: FOLLOW -> FOLLOW_TURN  pose=(-0.79,0.59,83deg) goal_dist=3.95
[navigator-7] [INFO] [1790530633.260853987] [navigator]: FOLLOW_TURN -> FOLLOW  pose=(-0.79,0.59,109deg) goal_dist=3.95
[navigator-7] [INFO] [1790530643.304983391] [navigator]: FOLLOW -> FOLLOW_TURN  pose=(-1.01,1.35,-19deg) goal_dist=3.96
[navigator-7] [INFO] [1790530643.461274522] [navigator]: FOLLOW_TURN -> FOLLOW  pose=(-1.01,1.35,-22deg) goal_dist=3.96
[navigator-7] [INFO] [1790530643.860830431] [navigator]: FOLLOW -> FOLLOW_TURN  pose=(-0.98,1.34,-32deg) goal_dist=3.94
[navigator-7] [INFO] [1790530644.706626645] [navigator]: FOLLOW_TURN -> FOLLOW_ARC  pose=(-0.98,1.34,-20deg) goal_dist=3.94
[navigator-7] [INFO] [1790530644.860921273] [navigator]: FOLLOW_ARC -> FOLLOW  pose=(-0.97,1.34,-16deg) goal_dist=3.93
[navigator-7] [INFO] [1790530645.061006500] [navigator]: FOLLOW -> FOLLOW_TURN  pose=(-0.96,1.33,-17deg) goal_dist=3.92
[navigator-7] [INFO] [1790530646.503800149] [navigator]: FOLLOW_TURN -> FOLLOW  pose=(-0.96,1.33,23deg) goal_dist=3.92
[navigator-7] [INFO] [1790530656.503339716] [navigator]: FOLLOW -> FOLLOW_TURN  pose=(-0.24,1.59,-108deg) goal_dist=3.16
[navigator-7] [INFO] [1790530657.060727296] [navigator]: FOLLOW_TURN -> FOLLOW  pose=(-0.24,1.59,-102deg) goal_dist=3.17
[navigator-7] [INFO] [1790530657.461920778] [navigator]: FOLLOW -> FOLLOW_TURN  pose=(-0.24,1.56,-98deg) goal_dist=3.17
[navigator-7] [INFO] [1790530658.704416275] [navigator]: FOLLOW_TURN -> FOLLOW  pose=(-0.24,1.56,-65deg) goal_dist=3.17
[navigator-7] [INFO] [1790530668.545908628] [navigator]: FOLLOW -> FOLLOW_TURN  pose=(0.03,0.83,169deg) goal_dist=3.10
[navigator-7] [INFO] [1790530669.098004563] [navigator]: FOLLOW_TURN -> FOLLOW  pose=(0.03,0.83,175deg) goal_dist=3.10
[navigator-7] [INFO] [1790530669.298101856] [navigator]: FOLLOW -> FOLLOW_TURN  pose=(0.02,0.83,179deg) goal_dist=3.11
[navigator-7] [INFO] [1790530669.940289125] [navigator]: FOLLOW_TURN -> FOLLOW  pose=(0.02,0.83,-162deg) goal_dist=3.11
[navigator-7] [INFO] [1790530674.342267849] [navigator]: FOLLOW -> FOLLOW_ARC  pose=(-0.41,0.52,-121deg) goal_dist=3.62
[navigator-7] [INFO] [1790530674.698031676] [navigator]: FOLLOW_ARC -> FOLLOW  pose=(-0.43,0.49,-128deg) goal_dist=3.65
[navigator-7] [INFO] [1790530680.742988570] [navigator]: FOLLOW -> FOLLOW_TURN  pose=(-0.76,0.62,70deg) goal_dist=3.91
[navigator-7] [INFO] [1790530681.098169073] [navigator]: FOLLOW_TURN -> FOLLOW  pose=(-0.76,0.62,70deg) goal_dist=3.91
[navigator-7] [INFO] [1790530681.298004961] [navigator]: FOLLOW -> FOLLOW_TURN  pose=(-0.75,0.63,72deg) goal_dist=3.90
[navigator-7] [INFO] [1790530681.940216142] [navigator]: FOLLOW_TURN -> FOLLOW  pose=(-0.75,0.63,87deg) goal_dist=3.90
[navigator-7] [INFO] [1790530682.101288397] [navigator]: FOLLOW -> FOLLOW_TURN  pose=(-0.75,0.64,91deg) goal_dist=3.90
[navigator-7] [INFO] [1790530682.300225659] [navigator]: FOLLOW_TURN -> FOLLOW  pose=(-0.75,0.64,96deg) goal_dist=3.90
[navigator-7] [INFO] [1790530682.700282771] [navigator]: FOLLOW -> FOLLOW_TURN  pose=(-0.76,0.67,100deg) goal_dist=3.89
[navigator-7] [INFO] [1790530682.901753288] [navigator]: FOLLOW_TURN -> FOLLOW  pose=(-0.76,0.68,100deg) goal_dist=3.89
[navigator-7] [INFO] [1790530683.347284009] [navigator]: FOLLOW -> FOLLOW_TURN  pose=(-0.76,0.71,97deg) goal_dist=3.88
[navigator-7] [INFO] [1790530684.101886755] [navigator]: FOLLOW_TURN -> FOLLOW  pose=(-0.76,0.71,116deg) goal_dist=3.88
[navigator-7] [INFO] [1790530694.330147411] [navigator]: FOLLOW -> FOLLOW_TURN  pose=(-1.00,1.37,-27deg) goal_dist=3.95
[navigator-7] [INFO] [1790530695.085308821] [navigator]: FOLLOW_TURN -> FOLLOW  pose=(-1.00,1.37,-17deg) goal_dist=3.95
[navigator-7] [INFO] [1790530695.285368681] [navigator]: FOLLOW -> FOLLOW_ARC  pose=(-0.99,1.37,-13deg) goal_dist=3.94
[navigator-7] [INFO] [1790530695.527663268] [navigator]: FOLLOW_ARC -> FOLLOW_TURN  pose=(-0.97,1.36,-13deg) goal_dist=3.93
[navigator-7] [INFO] [1790530699.077195358] [navigator]: FOLLOW_TURN -> FOLLOW  pose=(-0.97,1.36,34deg) goal_dist=3.92
[navigator-7] [INFO] [1790530709.286005631] [navigator]: FOLLOW -> FOLLOW_ARC  pose=(-0.32,1.77,-114deg) goal_dist=3.23
[navigator-7] [INFO] [1790530709.438046551] [navigator]: FOLLOW_ARC -> FOLLOW_TURN  pose=(-0.33,1.76,-119deg) goal_dist=3.24
[navigator-7] [INFO] [1790530709.838009254] [navigator]: FOLLOW_TURN -> FOLLOW_ARC  pose=(-0.33,1.76,-115deg) goal_dist=3.24
[navigator-7] [INFO] [1790530710.037911876] [navigator]: FOLLOW_ARC -> FOLLOW_TURN  pose=(-0.33,1.75,-113deg) goal_dist=3.24
[navigator-7] [INFO] [1790530710.678557973] [navigator]: FOLLOW_TURN -> FOLLOW_ARC  pose=(-0.33,1.75,-96deg) goal_dist=3.24
[navigator-7] [INFO] [1790530711.037828785] [navigator]: FOLLOW_ARC -> FOLLOW_TURN  pose=(-0.33,1.72,-92deg) goal_dist=3.25
[navigator-7] [INFO] [1790530712.481704225] [navigator]: FOLLOW_TURN -> FOLLOW  pose=(-0.33,1.72,-52deg) goal_dist=3.25
[navigator-7] [INFO] [1790530722.482521582] [navigator]: FOLLOW -> FOLLOW_ARC  pose=(0.11,1.11,162deg) goal_dist=2.93
[navigator-7] [INFO] [1790530722.637836686] [navigator]: FOLLOW_ARC -> FOLLOW_TURN  pose=(0.09,1.12,157deg) goal_dist=2.94
[navigator-7] [INFO] [1790530723.688486446] [navigator]: FOLLOW_TURN -> FOLLOW_ARC  pose=(0.09,1.12,-179deg) goal_dist=2.94
[navigator-7] [INFO] [1790530724.037855754] [navigator]: FOLLOW_ARC -> FOLLOW_TURN  pose=(0.06,1.12,-175deg) goal_dist=2.97
[navigator-7] [INFO] [1790530725.478690144] [navigator]: FOLLOW_TURN -> FOLLOW  pose=(0.06,1.12,-135deg) goal_dist=2.97
[navigator-7] [INFO] [1790530735.483864082] [navigator]: FOLLOW -> FOLLOW_TURN  pose=(-0.52,0.63,93deg) goal_dist=3.69
[navigator-7] [INFO] [1790530736.040679197] [navigator]: FOLLOW_TURN -> FOLLOW  pose=(-0.52,0.63,99deg) goal_dist=3.69
[navigator-7] [INFO] [1790530736.440854490] [navigator]: FOLLOW -> FOLLOW_TURN  pose=(-0.53,0.65,103deg) goal_dist=3.68
[navigator-7] [INFO] [1790530737.881858707] [navigator]: FOLLOW_TURN -> FOLLOW  pose=(-0.53,0.65,143deg) goal_dist=3.68
[navigator-7] [INFO] [1790530747.544230765] [navigator]: FOLLOW -> FOLLOW_TURN  pose=(-1.08,1.21,11deg) goal_dist=4.06
[navigator-7] [INFO] [1790530748.300079687] [navigator]: FOLLOW_TURN -> FOLLOW  pose=(-1.08,1.21,24deg) goal_dist=4.05
[navigator-7] [INFO] [1790530748.740635233] [navigator]: FOLLOW -> FOLLOW_TURN  pose=(-1.05,1.22,27deg) goal_dist=4.03
[navigator-7] [INFO] [1790530749.701451413] [navigator]: FOLLOW_TURN -> FOLLOW  pose=(-1.05,1.22,53deg) goal_dist=4.03
[navigator-7] [INFO] [1790530759.777458064] [navigator]: FOLLOW -> FOLLOW_TURN  pose=(-0.52,1.79,-83deg) goal_dist=3.42
[navigator-7] [INFO] [1790530760.302199900] [navigator]: FOLLOW_TURN -> FOLLOW  pose=(-0.52,1.79,-77deg) goal_dist=3.42
[navigator-7] [INFO] [1790530760.702559275] [navigator]: FOLLOW -> FOLLOW_TURN  pose=(-0.51,1.76,-74deg) goal_dist=3.42
[navigator-7] [INFO] [1790530761.942024716] [navigator]: FOLLOW_TURN -> FOLLOW  pose=(-0.51,1.76,-41deg) goal_dist=3.42
[navigator-7] [INFO] [1790530771.946622381] [navigator]: FOLLOW -> FOLLOW_TURN  pose=(0.04,1.21,-168deg) goal_dist=2.97
[navigator-7] [INFO] [1790530772.502403287] [navigator]: FOLLOW_TURN -> FOLLOW  pose=(0.04,1.21,-163deg) goal_dist=2.97
[navigator-7] [INFO] [1790530772.902364846] [navigator]: FOLLOW -> FOLLOW_TURN  pose=(0.01,1.20,-160deg) goal_dist=3.00
[navigator-7] [INFO] [1790530773.943773718] [navigator]: FOLLOW_TURN -> FOLLOW  pose=(0.01,1.20,-134deg) goal_dist=3.00
[trial_monitor-6] [INFO] [1790530781.736853930] [trial_monitor]: RESULT TIMEOUT: success=False time=200.1s path=19.64m collisions=0 min_clear=0.081m goal_err=3.384m est_err=0.486m odom_err=0.485m rtf=0.985
[INFO] [trial_monitor-6]: process has finished cleanly [pid 51646]
[INFO] [navigator-7]: sending signal 'SIGINT' to process[navigator-7]
[INFO] [robot_state_publisher-5]: sending signal 'SIGINT' to process[robot_state_publisher-5]
[INFO] [parameter_bridge-4]: sending signal 'SIGINT' to process[parameter_bridge-4]
[INFO] [parameter_bridge-3]: sending signal 'SIGINT' to process[parameter_bridge-3]
[INFO] [gazebo-1]: sending signal 'SIGINT' to process[gazebo-1]
[robot_state_publisher-5] [INFO] [1790530781.939931289] [rclcpp]: signal_handler(SIGINT/SIGTERM)
[parameter_bridge-4] [INFO] [1790530781.942556296] [rclcpp]: signal_handler(SIGINT/SIGTERM)
[parameter_bridge-3] [INFO] [1790530781.944650510] [rclcpp]: signal_handler(SIGINT/SIGTERM)
[INFO] [parameter_bridge-4]: process has finished cleanly [pid 51644]
[INFO] [parameter_bridge-3]: process has finished cleanly [pid 51643]
[INFO] [robot_state_publisher-5]: process has finished cleanly [pid 51645]
[INFO] [navigator-7]: process has finished cleanly [pid 51825]
[ERROR] [gazebo-1]: process[gazebo-1] failed to terminate '5' seconds after receiving 'SIGINT', escalating to 'SIGTERM'
[INFO] [gazebo-1]: sending signal 'SIGTERM' to process[gazebo-1]
[ERROR] [gazebo-1]: process has died [pid 51640, exit code -15, cmd 'ruby /opt/ros/jazzy/opt/gz_tools_vendor/bin/gz sim -r -s -v1 /home/qms/ros_ws/install/tb3_nav_task/share/tb3_nav_task/worlds/cluttered.sdf --force-version 8'].
[INFO] [launch]: process[gazebo-1] was required: shutting down launched system
