ros2 launch tb3_nav_task trial.launch.py world:=cluttered strategy:=vfh gui:=false trial_id:=D_cluttered_vfh_localizationodom_s1 plan:=D variant:=1 start_x:=-2.904 start_y:=-2.054 start_yaw:=0.118 nav_params:={"localization": "odom"} results_dir:=/home/qms/vm-share/task02/results timeout:=200.0 verbose:=1
[INFO] [launch]: All log files can be found below /home/qms/.ros/log/2026-09-28-06-34-10-650449-qms-51126
[INFO] [launch]: Default logging verbosity is set to INFO
urdf_file_name : turtlebot3_burger.urdf
[INFO] [gazebo-1]: process started with pid [51129]
[INFO] [create-2]: process started with pid [51130]
[INFO] [parameter_bridge-3]: process started with pid [51132]
[INFO] [parameter_bridge-4]: process started with pid [51133]
[INFO] [robot_state_publisher-5]: process started with pid [51134]
[INFO] [trial_monitor-6]: process started with pid [51135]
[robot_state_publisher-5] [INFO] [1790530451.169257208] [robot_state_publisher]: Robot initialized
[create-2] [INFO] [1790530451.179474302] [ros_gz_sim]: Requesting list of world names.
[parameter_bridge-4] [INFO] [1790530451.208808747] [ground_truth_bridge]: Creating GZ->ROS Bridge: [/model/burger/pose (gz.msgs.Pose) -> /model/burger/pose (geometry_msgs/msg/PoseStamped)] (Lazy 0)
[create-2] [INFO] [1790530451.722605499] [ros_gz_sim]: Entity creation successful.
[INFO] [create-2]: process has finished cleanly [pid 51130]
[trial_monitor-6] [INFO] [1790530451.908527389] [trial_monitor]: monitoring trial D_cluttered_vfh_localizationodom_s1 in cluttered, timeout 200 s sim
[parameter_bridge-3] [INFO] [1790530452.198429216] [tb3_bridge]: Creating GZ->ROS Bridge: [clock (gz.msgs.Clock) -> clock (rosgraph_msgs/msg/Clock)] (Lazy 0)
[parameter_bridge-3] [INFO] [1790530452.201532427] [tb3_bridge]: Creating GZ->ROS Bridge: [joint_states (gz.msgs.Model) -> joint_states (sensor_msgs/msg/JointState)] (Lazy 0)
[parameter_bridge-3] [INFO] [1790530452.206870099] [tb3_bridge]: Creating GZ->ROS Bridge: [odom (gz.msgs.Odometry) -> odom (nav_msgs/msg/Odometry)] (Lazy 0)
[parameter_bridge-3] [INFO] [1790530452.209976810] [tb3_bridge]: Creating GZ->ROS Bridge: [tf (gz.msgs.Pose_V) -> tf (tf2_msgs/msg/TFMessage)] (Lazy 0)
[parameter_bridge-3] [INFO] [1790530452.213093855] [tb3_bridge]: Creating ROS->GZ Bridge: [cmd_vel (geometry_msgs/msg/TwistStamped) -> cmd_vel (gz.msgs.Twist)] (Lazy 0)
[parameter_bridge-3] [INFO] [1790530452.214653273] [tb3_bridge]: Creating GZ->ROS Bridge: [imu (gz.msgs.IMU) -> imu (sensor_msgs/msg/Imu)] (Lazy 0)
[parameter_bridge-3] [INFO] [1790530452.216069691] [tb3_bridge]: Creating GZ->ROS Bridge: [scan (gz.msgs.LaserScan) -> scan (sensor_msgs/msg/LaserScan)] (Lazy 0)
[gazebo-1] [1;33mWarning [Utils.cc:132][0m [/sdf/model[@name="turtlebot3_burger"]/link[@name="base_scan"]/sensor[@name="hls_lfcd_lds"]/gz_frame_id:/tmp/tb3_nav_task_burger.sdf:L126]: XML Element[gz_frame_id], child of element[sensor], not defined in SDF. Copying[gz_frame_id] as children of [sensor].
[gazebo-1] libEGL warning: Not allowed to force software rendering when API explicitly selects a hardware device.
[INFO] [navigator-7]: process started with pid [51314]
[navigator-7] [INFO] [1790530454.907331779] [navigator]: navigator: strategy=vfh localization=odom shaping=True params={'v_max': 0.18, 'w_max': 1.5, 'safety': 0.12, 'lookahead': 1.0, 'bin_deg': 5.0, 'k_w': 2.0, 'w_goal': 1.0, 'w_turn': 0.25, 'w_prev': 0.25, 'slow_dist': 0.6, 'stop_dist': 0.1, 'goal_tol': 0.2} start=(-2.904, -2.054, 0.118) goal=(2.9, 2.0)
[navigator-7] [INFO] [1790530454.951321698] [navigator]: publishing TwistStamped on /cmd_vel
[parameter_bridge-3] [INFO] [1790530454.951567907] [tb3_bridge]: Passing message from ROS geometry_msgs/msg/TwistStamped to Gazebo gz.msgs.Twist (showing msg only once per type)
[navigator-7] [INFO] [1790530455.051978091] [navigator]: WAITING -> GO_GOAL  pose=(-2.90,-2.05,7deg) goal_dist=7.08
[trial_monitor-6] [INFO] [1790530455.069679150] [trial_monitor]: trial started (first active control cycle)
[navigator-7] [INFO] [1790530467.399026377] [navigator]: GO_GOAL -> AVOID  pose=(-1.08,-0.87,36deg) goal_dist=4.91
[navigator-7] [INFO] [1790530467.451303476] [navigator]: AVOID -> GO_GOAL  pose=(-1.07,-0.86,37deg) goal_dist=4.89
[navigator-7] [INFO] [1790530473.301419209] [navigator]: GO_GOAL -> AVOID  pose=(-0.24,-0.23,38deg) goal_dist=3.85
[navigator-7] [INFO] [1790530477.599384118] [navigator]: AVOID -> GO_GOAL  pose=(0.31,0.31,43deg) goal_dist=3.09
[navigator-7] [INFO] [1790530477.851027994] [navigator]: GO_GOAL -> AVOID  pose=(0.35,0.35,40deg) goal_dist=3.04
[navigator-7] [INFO] [1790530479.093772952] [navigator]: AVOID -> GO_GOAL  pose=(0.52,0.49,40deg) goal_dist=2.82
[navigator-7] [INFO] [1790530479.651310152] [navigator]: GO_GOAL -> AVOID  pose=(0.60,0.55,35deg) goal_dist=2.72
[navigator-7] [INFO] [1790530479.850975346] [navigator]: AVOID -> GO_GOAL  pose=(0.63,0.57,36deg) goal_dist=2.68
[navigator-7] [INFO] [1790530493.900600779] [navigator]: GO_GOAL -> REACHED  pose=(2.72,1.92,28deg) goal_dist=0.20
[trial_monitor-6] [INFO] [1790530494.036840662] [trial_monitor]: RESULT REACHED: success=False time=38.9s path=6.88m collisions=0 min_clear=0.134m goal_err=0.645m est_err=0.632m odom_err=0.632m rtf=1.0
[INFO] [trial_monitor-6]: process has finished cleanly [pid 51135]
[INFO] [navigator-7]: sending signal 'SIGINT' to process[navigator-7]
[INFO] [robot_state_publisher-5]: sending signal 'SIGINT' to process[robot_state_publisher-5]
[INFO] [parameter_bridge-4]: sending signal 'SIGINT' to process[parameter_bridge-4]
[INFO] [parameter_bridge-3]: sending signal 'SIGINT' to process[parameter_bridge-3]
[INFO] [gazebo-1]: sending signal 'SIGINT' to process[gazebo-1]
[robot_state_publisher-5] [INFO] [1790530494.198333994] [rclcpp]: signal_handler(SIGINT/SIGTERM)
[parameter_bridge-4] [INFO] [1790530494.202209457] [rclcpp]: signal_handler(SIGINT/SIGTERM)
[parameter_bridge-3] [INFO] [1790530494.206219879] [rclcpp]: signal_handler(SIGINT/SIGTERM)
[INFO] [robot_state_publisher-5]: process has finished cleanly [pid 51134]
[INFO] [parameter_bridge-3]: process has finished cleanly [pid 51132]
[INFO] [parameter_bridge-4]: process has finished cleanly [pid 51133]
[INFO] [navigator-7]: process has finished cleanly [pid 51314]
[ERROR] [gazebo-1]: process[gazebo-1] failed to terminate '5' seconds after receiving 'SIGINT', escalating to 'SIGTERM'
[INFO] [gazebo-1]: sending signal 'SIGTERM' to process[gazebo-1]
[ERROR] [gazebo-1]: process has died [pid 51129, exit code -15, cmd 'ruby /opt/ros/jazzy/opt/gz_tools_vendor/bin/gz sim -r -s -v1 /home/qms/ros_ws/install/tb3_nav_task/share/tb3_nav_task/worlds/cluttered.sdf --force-version 8'].
[INFO] [launch]: process[gazebo-1] was required: shutting down launched system
