ros2 launch tb3_nav_task trial.launch.py world:=cluttered strategy:=vfh gui:=false trial_id:=D_cluttered_vfh_localizationodom_s0 plan:=D variant:=0 start_x:=-2.9 start_y:=-2.0 start_yaw:=0.0 nav_params:={"localization": "odom"} results_dir:=/home/qms/vm-share/task02/results timeout:=200.0 verbose:=1
[INFO] [launch]: All log files can be found below /home/qms/.ros/log/2026-09-28-06-33-09-220123-qms-50873
[INFO] [launch]: Default logging verbosity is set to INFO
urdf_file_name : turtlebot3_burger.urdf
[INFO] [gazebo-1]: process started with pid [50876]
[INFO] [create-2]: process started with pid [50877]
[INFO] [parameter_bridge-3]: process started with pid [50879]
[INFO] [parameter_bridge-4]: process started with pid [50880]
[INFO] [robot_state_publisher-5]: process started with pid [50881]
[INFO] [trial_monitor-6]: process started with pid [50882]
[robot_state_publisher-5] [INFO] [1790530389.700891208] [robot_state_publisher]: Robot initialized
[create-2] [INFO] [1790530389.714407090] [ros_gz_sim]: Requesting list of world names.
[parameter_bridge-4] [INFO] [1790530389.755427027] [ground_truth_bridge]: Creating GZ->ROS Bridge: [/model/burger/pose (gz.msgs.Pose) -> /model/burger/pose (geometry_msgs/msg/PoseStamped)] (Lazy 0)
[create-2] [INFO] [1790530390.270855654] [ros_gz_sim]: Entity creation successful.
[INFO] [create-2]: process has finished cleanly [pid 50877]
[trial_monitor-6] [INFO] [1790530390.442512531] [trial_monitor]: monitoring trial D_cluttered_vfh_localizationodom_s0 in cluttered, timeout 200 s sim
[parameter_bridge-3] [INFO] [1790530390.778563405] [tb3_bridge]: Creating GZ->ROS Bridge: [clock (gz.msgs.Clock) -> clock (rosgraph_msgs/msg/Clock)] (Lazy 0)
[parameter_bridge-3] [INFO] [1790530390.784095950] [tb3_bridge]: Creating GZ->ROS Bridge: [joint_states (gz.msgs.Model) -> joint_states (sensor_msgs/msg/JointState)] (Lazy 0)
[parameter_bridge-3] [INFO] [1790530390.791285203] [tb3_bridge]: Creating GZ->ROS Bridge: [odom (gz.msgs.Odometry) -> odom (nav_msgs/msg/Odometry)] (Lazy 0)
[parameter_bridge-3] [INFO] [1790530390.795537080] [tb3_bridge]: Creating GZ->ROS Bridge: [tf (gz.msgs.Pose_V) -> tf (tf2_msgs/msg/TFMessage)] (Lazy 0)
[parameter_bridge-3] [INFO] [1790530390.798660999] [tb3_bridge]: Creating ROS->GZ Bridge: [cmd_vel (geometry_msgs/msg/TwistStamped) -> cmd_vel (gz.msgs.Twist)] (Lazy 0)
[parameter_bridge-3] [INFO] [1790530390.800395999] [tb3_bridge]: Creating GZ->ROS Bridge: [imu (gz.msgs.IMU) -> imu (sensor_msgs/msg/Imu)] (Lazy 0)
[parameter_bridge-3] [INFO] [1790530390.801968750] [tb3_bridge]: Creating GZ->ROS Bridge: [scan (gz.msgs.LaserScan) -> scan (sensor_msgs/msg/LaserScan)] (Lazy 0)
[gazebo-1] [1;33mWarning [Utils.cc:132][0m [/sdf/model[@name="turtlebot3_burger"]/link[@name="base_scan"]/sensor[@name="hls_lfcd_lds"]/gz_frame_id:/tmp/tb3_nav_task_burger.sdf:L126]: XML Element[gz_frame_id], child of element[sensor], not defined in SDF. Copying[gz_frame_id] as children of [sensor].
[gazebo-1] libEGL warning: Not allowed to force software rendering when API explicitly selects a hardware device.
[INFO] [navigator-7]: process started with pid [51061]
[navigator-7] [INFO] [1790530393.454635307] [navigator]: navigator: strategy=vfh localization=odom shaping=True params={'v_max': 0.18, 'w_max': 1.5, 'safety': 0.12, 'lookahead': 1.0, 'bin_deg': 5.0, 'k_w': 2.0, 'w_goal': 1.0, 'w_turn': 0.25, 'w_prev': 0.25, 'slow_dist': 0.6, 'stop_dist': 0.1, 'goal_tol': 0.2} start=(-2.9, -2.0, 0.0) goal=(2.9, 2.0)
[navigator-7] [INFO] [1790530396.497001550] [navigator]: publishing TwistStamped on /cmd_vel
[parameter_bridge-3] [INFO] [1790530396.498351342] [tb3_bridge]: Passing message from ROS geometry_msgs/msg/TwistStamped to Gazebo gz.msgs.Twist (showing msg only once per type)
[navigator-7] [INFO] [1790530396.545237576] [navigator]: WAITING -> GO_GOAL  pose=(-2.90,-2.00,-0deg) goal_dist=7.05
[trial_monitor-6] [INFO] [1790530396.559341250] [trial_monitor]: trial started (first active control cycle)
[navigator-7] [INFO] [1790530407.796698853] [navigator]: GO_GOAL -> AVOID  pose=(-1.24,-0.95,35deg) goal_dist=5.08
[navigator-7] [INFO] [1790530413.988969954] [navigator]: AVOID -> GO_GOAL  pose=(-0.48,-0.14,50deg) goal_dist=4.00
[navigator-7] [INFO] [1790530414.546793048] [navigator]: GO_GOAL -> AVOID  pose=(-0.41,-0.07,37deg) goal_dist=3.90
[navigator-7] [INFO] [1790530421.395853805] [navigator]: AVOID -> GO_GOAL  pose=(0.38,0.86,41deg) goal_dist=2.77
[navigator-7] [INFO] [1790530422.796283608] [navigator]: GO_GOAL -> AVOID  pose=(0.59,0.98,25deg) goal_dist=2.53
[navigator-7] [INFO] [1790530429.196332490] [navigator]: AVOID -> GO_GOAL  pose=(1.48,1.69,35deg) goal_dist=1.46
[navigator-7] [INFO] [1790530431.994455612] [navigator]: GO_GOAL -> AVOID  pose=(1.95,1.82,13deg) goal_dist=0.97
[navigator-7] [INFO] [1790530439.995869785] [navigator]: AVOID -> GO_GOAL  pose=(2.47,1.96,-27deg) goal_dist=0.43
[navigator-7] [INFO] [1790530441.601275309] [navigator]: GO_GOAL -> REACHED  pose=(2.71,1.96,11deg) goal_dist=0.19
[trial_monitor-6] [INFO] [1790530441.751933153] [trial_monitor]: RESULT REACHED: success=False time=45.1s path=7.32m collisions=0 min_clear=0.138m goal_err=1.115m est_err=1.132m odom_err=1.131m rtf=1.0
[INFO] [trial_monitor-6]: process has finished cleanly [pid 50882]
[INFO] [navigator-7]: sending signal 'SIGINT' to process[navigator-7]
[INFO] [robot_state_publisher-5]: sending signal 'SIGINT' to process[robot_state_publisher-5]
[INFO] [parameter_bridge-4]: sending signal 'SIGINT' to process[parameter_bridge-4]
[INFO] [parameter_bridge-3]: sending signal 'SIGINT' to process[parameter_bridge-3]
[INFO] [gazebo-1]: sending signal 'SIGINT' to process[gazebo-1]
[robot_state_publisher-5] [INFO] [1790530441.964387678] [rclcpp]: signal_handler(SIGINT/SIGTERM)
[parameter_bridge-4] [INFO] [1790530441.966107804] [rclcpp]: signal_handler(SIGINT/SIGTERM)
[parameter_bridge-3] [INFO] [1790530441.970973392] [rclcpp]: signal_handler(SIGINT/SIGTERM)
[INFO] [parameter_bridge-4]: process has finished cleanly [pid 50880]
[INFO] [parameter_bridge-3]: process has finished cleanly [pid 50879]
[INFO] [robot_state_publisher-5]: process has finished cleanly [pid 50881]
[INFO] [navigator-7]: process has finished cleanly [pid 51061]
[ERROR] [gazebo-1]: process[gazebo-1] failed to terminate '5' seconds after receiving 'SIGINT', escalating to 'SIGTERM'
[INFO] [gazebo-1]: sending signal 'SIGTERM' to process[gazebo-1]
[ERROR] [gazebo-1]: process has died [pid 50876, exit code -15, cmd 'ruby /opt/ros/jazzy/opt/gz_tools_vendor/bin/gz sim -r -s -v1 /home/qms/ros_ws/install/tb3_nav_task/share/tb3_nav_task/worlds/cluttered.sdf --force-version 8'].
[INFO] [launch]: process[gazebo-1] was required: shutting down launched system
