ros2 launch tb3_nav_task trial.launch.py world:=open_field strategy:=bug2 gui:=false trial_id:=E_open_field_bug2_shaping0_s2 plan:=E variant:=2 start_x:=-2.902 start_y:=-1.817 start_yaw:=-0.284 nav_params:={"shaping": 0} results_dir:=/home/qms/vm-share/task02/results timeout:=200.0 verbose:=1
[INFO] [launch]: All log files can be found below /home/qms/.ros/log/2026-09-28-06-50-06-374559-qms-52904
[INFO] [launch]: Default logging verbosity is set to INFO
urdf_file_name : turtlebot3_burger.urdf
[INFO] [gazebo-1]: process started with pid [52907]
[INFO] [create-2]: process started with pid [52908]
[INFO] [parameter_bridge-3]: process started with pid [52910]
[INFO] [parameter_bridge-4]: process started with pid [52911]
[INFO] [robot_state_publisher-5]: process started with pid [52912]
[INFO] [trial_monitor-6]: process started with pid [52913]
[robot_state_publisher-5] [INFO] [1790531406.869042759] [robot_state_publisher]: Robot initialized
[create-2] [INFO] [1790531406.883458672] [ros_gz_sim]: Requesting list of world names.
[parameter_bridge-4] [INFO] [1790531406.892565196] [ground_truth_bridge]: Creating GZ->ROS Bridge: [/model/burger/pose (gz.msgs.Pose) -> /model/burger/pose (geometry_msgs/msg/PoseStamped)] (Lazy 0)
[create-2] [INFO] [1790531407.423784051] [ros_gz_sim]: Entity creation successful.
[INFO] [create-2]: process has finished cleanly [pid 52908]
[trial_monitor-6] [INFO] [1790531407.677085351] [trial_monitor]: monitoring trial E_open_field_bug2_shaping0_s2 in open_field, timeout 200 s sim
[parameter_bridge-3] [INFO] [1790531407.906664788] [tb3_bridge]: Creating GZ->ROS Bridge: [clock (gz.msgs.Clock) -> clock (rosgraph_msgs/msg/Clock)] (Lazy 0)
[parameter_bridge-3] [INFO] [1790531407.908951336] [tb3_bridge]: Creating GZ->ROS Bridge: [joint_states (gz.msgs.Model) -> joint_states (sensor_msgs/msg/JointState)] (Lazy 0)
[parameter_bridge-3] [INFO] [1790531407.911935007] [tb3_bridge]: Creating GZ->ROS Bridge: [odom (gz.msgs.Odometry) -> odom (nav_msgs/msg/Odometry)] (Lazy 0)
[parameter_bridge-3] [INFO] [1790531407.914360397] [tb3_bridge]: Creating GZ->ROS Bridge: [tf (gz.msgs.Pose_V) -> tf (tf2_msgs/msg/TFMessage)] (Lazy 0)
[parameter_bridge-3] [INFO] [1790531407.916336510] [tb3_bridge]: Creating ROS->GZ Bridge: [cmd_vel (geometry_msgs/msg/TwistStamped) -> cmd_vel (gz.msgs.Twist)] (Lazy 0)
[parameter_bridge-3] [INFO] [1790531407.917449157] [tb3_bridge]: Creating GZ->ROS Bridge: [imu (gz.msgs.IMU) -> imu (sensor_msgs/msg/Imu)] (Lazy 0)
[parameter_bridge-3] [INFO] [1790531407.918309582] [tb3_bridge]: Creating GZ->ROS Bridge: [scan (gz.msgs.LaserScan) -> scan (sensor_msgs/msg/LaserScan)] (Lazy 0)
[gazebo-1] [1;33mWarning [Utils.cc:132][0m [/sdf/model[@name="turtlebot3_burger"]/link[@name="base_scan"]/sensor[@name="hls_lfcd_lds"]/gz_frame_id:/tmp/tb3_nav_task_burger.sdf:L126]: XML Element[gz_frame_id], child of element[sensor], not defined in SDF. Copying[gz_frame_id] as children of [sensor].
[gazebo-1] libEGL warning: Not allowed to force software rendering when API explicitly selects a hardware device.
[INFO] [navigator-7]: process started with pid [53092]
[navigator-7] [INFO] [1790531410.666605111] [navigator]: navigator: strategy=bug2 localization=odom_imu shaping=False params={'v_max': 0.18, 'w_max': 1.5, 'hit_dist': 0.3, 'd_follow': 0.3, 'k_head': 2.0, 'k_wall': 3.0, 'mline_tol': 0.1, 'leave_progress': 0.15, 'min_follow': 0.5, 'goal_tol': 0.2} start=(-2.902, -1.817, -0.284) goal=(2.8, 1.8)
[navigator-7] [INFO] [1790531410.700556220] [navigator]: publishing TwistStamped on /cmd_vel
[parameter_bridge-3] [INFO] [1790531410.700869238] [tb3_bridge]: Passing message from ROS geometry_msgs/msg/TwistStamped to Gazebo gz.msgs.Twist (showing msg only once per type)
[navigator-7] [INFO] [1790531410.967939893] [navigator]: WAITING -> GO_GOAL  pose=(-2.90,-1.82,-16deg) goal_dist=6.75
[trial_monitor-6] [INFO] [1790531410.985318513] [trial_monitor]: trial started (first active control cycle)
[navigator-7] [INFO] [1790531418.388499340] [navigator]: GO_GOAL -> FOLLOW  pose=(-1.89,-1.22,33deg) goal_dist=5.58
[navigator-7] [INFO] [1790531418.541856856] [navigator]: FOLLOW -> FOLLOW_TURN  pose=(-1.87,-1.22,31deg) goal_dist=5.56
[navigator-7] [INFO] [1790531419.341764120] [navigator]: FOLLOW_TURN -> FOLLOW  pose=(-1.87,-1.21,37deg) goal_dist=5.56
[navigator-7] [INFO] [1790531419.806312762] [navigator]: FOLLOW -> FOLLOW_TURN  pose=(-1.85,-1.19,45deg) goal_dist=5.53
[navigator-7] [INFO] [1790531420.341579170] [navigator]: FOLLOW_TURN -> FOLLOW  pose=(-1.85,-1.19,62deg) goal_dist=5.53
[navigator-7] [INFO] [1790531429.587885449] [navigator]: FOLLOW -> FOLLOW_TURN  pose=(-1.58,-0.46,-49deg) goal_dist=4.93
[navigator-7] [INFO] [1790531429.941667111] [navigator]: FOLLOW_TURN -> FOLLOW  pose=(-1.58,-0.46,-55deg) goal_dist=4.93
[navigator-7] [INFO] [1790531430.541682519] [navigator]: FOLLOW -> FOLLOW_TURN  pose=(-1.56,-0.49,-66deg) goal_dist=4.93
[navigator-7] [INFO] [1790531431.185081285] [navigator]: FOLLOW_TURN -> FOLLOW_ARC  pose=(-1.56,-0.49,-73deg) goal_dist=4.93
[navigator-7] [INFO] [1790531431.741905199] [navigator]: FOLLOW_ARC -> FOLLOW_TURN  pose=(-1.55,-0.54,-78deg) goal_dist=4.94
[navigator-7] [INFO] [1790531432.584808246] [navigator]: FOLLOW_TURN -> FOLLOW_ARC  pose=(-1.55,-0.54,-74deg) goal_dist=4.94
[navigator-7] [INFO] [1790531432.942026564] [navigator]: FOLLOW_ARC -> FOLLOW  pose=(-1.54,-0.57,-67deg) goal_dist=4.94
[navigator-7] [INFO] [1790531433.141701029] [navigator]: FOLLOW -> FOLLOW_TURN  pose=(-1.53,-0.58,-68deg) goal_dist=4.94
[navigator-7] [INFO] [1790531434.583764264] [navigator]: FOLLOW_TURN -> FOLLOW  pose=(-1.53,-0.58,-19deg) goal_dist=4.94
[navigator-7] [INFO] [1790531438.884970508] [navigator]: FOLLOW -> LEAVE  pose=(-0.98,-0.48,-24deg) goal_dist=4.42
[navigator-7] [INFO] [1790531438.941586631] [navigator]: LEAVE -> GO_GOAL  pose=(-0.98,-0.48,-26deg) goal_dist=4.42
[navigator-7] [INFO] [1790531443.826626866] [navigator]: GO_GOAL -> FOLLOW  pose=(-0.45,-0.19,31deg) goal_dist=3.81
[navigator-7] [INFO] [1790531443.984127249] [navigator]: FOLLOW -> FOLLOW_TURN  pose=(-0.44,-0.18,30deg) goal_dist=3.79
[navigator-7] [INFO] [1790531444.584431528] [navigator]: FOLLOW_TURN -> FOLLOW  pose=(-0.44,-0.18,34deg) goal_dist=3.79
[navigator-7] [INFO] [1790531444.784189880] [navigator]: FOLLOW -> FOLLOW_TURN  pose=(-0.43,-0.17,38deg) goal_dist=3.78
[navigator-7] [INFO] [1790531445.024284105] [navigator]: FOLLOW_TURN -> FOLLOW  pose=(-0.43,-0.17,42deg) goal_dist=3.78
[navigator-7] [INFO] [1790531445.184388233] [navigator]: FOLLOW -> FOLLOW_TURN  pose=(-0.42,-0.16,46deg) goal_dist=3.77
[navigator-7] [INFO] [1790531445.387352746] [navigator]: FOLLOW_TURN -> FOLLOW  pose=(-0.42,-0.16,50deg) goal_dist=3.76
[navigator-7] [INFO] [1790531445.584393393] [navigator]: FOLLOW -> FOLLOW_TURN  pose=(-0.41,-0.15,54deg) goal_dist=3.75
[navigator-7] [INFO] [1790531445.784350242] [navigator]: FOLLOW_TURN -> FOLLOW  pose=(-0.41,-0.15,58deg) goal_dist=3.75
[navigator-7] [INFO] [1790531456.430641953] [navigator]: FOLLOW -> FOLLOW_TURN  pose=(-0.07,0.63,-48deg) goal_dist=3.10
[navigator-7] [INFO] [1790531456.984495976] [navigator]: FOLLOW_TURN -> FOLLOW  pose=(-0.07,0.63,-52deg) goal_dist=3.10
[navigator-7] [INFO] [1790531457.622722880] [navigator]: FOLLOW -> FOLLOW_TURN  pose=(-0.05,0.60,-55deg) goal_dist=3.09
[navigator-7] [INFO] [1790531458.184326478] [navigator]: FOLLOW_TURN -> FOLLOW  pose=(-0.05,0.60,-59deg) goal_dist=3.09
[navigator-7] [INFO] [1790531458.830096076] [navigator]: FOLLOW -> FOLLOW_TURN  pose=(-0.03,0.57,-62deg) goal_dist=3.09
[navigator-7] [INFO] [1790531459.384282015] [navigator]: FOLLOW_TURN -> FOLLOW  pose=(-0.03,0.57,-66deg) goal_dist=3.09
[navigator-7] [INFO] [1790531460.058947074] [navigator]: FOLLOW -> FOLLOW_TURN  pose=(-0.02,0.54,-69deg) goal_dist=3.09
[navigator-7] [INFO] [1790531460.612563267] [navigator]: FOLLOW_TURN -> FOLLOW_ARC  pose=(-0.02,0.54,-74deg) goal_dist=3.09
[navigator-7] [INFO] [1790531461.032886766] [navigator]: FOLLOW_ARC -> FOLLOW_TURN  pose=(-0.01,0.51,-74deg) goal_dist=3.09
[navigator-7] [INFO] [1790531461.642331827] [navigator]: FOLLOW_TURN -> FOLLOW_ARC  pose=(-0.01,0.51,-72deg) goal_dist=3.09
[navigator-7] [INFO] [1790531462.012373398] [navigator]: FOLLOW_ARC -> FOLLOW  pose=(0.00,0.48,-67deg) goal_dist=3.09
[navigator-7] [INFO] [1790531462.232951781] [navigator]: FOLLOW -> FOLLOW_TURN  pose=(0.01,0.47,-69deg) goal_dist=3.09
[navigator-7] [INFO] [1790531463.257832133] [navigator]: FOLLOW_TURN -> FOLLOW  pose=(0.01,0.47,-53deg) goal_dist=3.09
[navigator-7] [INFO] [1790531463.612380702] [navigator]: FOLLOW -> FOLLOW_TURN  pose=(0.03,0.45,-38deg) goal_dist=3.08
[navigator-7] [INFO] [1790531464.212097313] [navigator]: FOLLOW_TURN -> FOLLOW  pose=(0.03,0.45,-14deg) goal_dist=3.08
[navigator-7] [INFO] [1790531468.758361673] [navigator]: FOLLOW -> LEAVE  pose=(0.62,0.54,-28deg) goal_dist=2.52
[navigator-7] [INFO] [1790531468.812511881] [navigator]: LEAVE -> GO_GOAL  pose=(0.63,0.53,-30deg) goal_dist=2.52
[navigator-7] [INFO] [1790531483.133880361] [navigator]: GO_GOAL -> REACHED  pose=(2.63,1.70,31deg) goal_dist=0.19
[trial_monitor-6] [INFO] [1790531483.326773703] [trial_monitor]: RESULT REACHED: success=False time=72.1s path=9.03m collisions=0 min_clear=0.065m goal_err=0.568m est_err=0.505m odom_err=6.685m rtf=0.998
[INFO] [trial_monitor-6]: process has finished cleanly [pid 52913]
[INFO] [navigator-7]: sending signal 'SIGINT' to process[navigator-7]
[INFO] [robot_state_publisher-5]: sending signal 'SIGINT' to process[robot_state_publisher-5]
[INFO] [parameter_bridge-4]: sending signal 'SIGINT' to process[parameter_bridge-4]
[INFO] [parameter_bridge-3]: sending signal 'SIGINT' to process[parameter_bridge-3]
[INFO] [gazebo-1]: sending signal 'SIGINT' to process[gazebo-1]
[robot_state_publisher-5] [INFO] [1790531483.563647252] [rclcpp]: signal_handler(SIGINT/SIGTERM)
[parameter_bridge-4] [INFO] [1790531483.566080920] [rclcpp]: signal_handler(SIGINT/SIGTERM)
[parameter_bridge-3] [INFO] [1790531483.569418594] [rclcpp]: signal_handler(SIGINT/SIGTERM)
[INFO] [parameter_bridge-3]: process has finished cleanly [pid 52910]
[INFO] [parameter_bridge-4]: process has finished cleanly [pid 52911]
[INFO] [robot_state_publisher-5]: process has finished cleanly [pid 52912]
[INFO] [navigator-7]: process has finished cleanly [pid 53092]
[ERROR] [gazebo-1]: process[gazebo-1] failed to terminate '5' seconds after receiving 'SIGINT', escalating to 'SIGTERM'
[INFO] [gazebo-1]: sending signal 'SIGTERM' to process[gazebo-1]
[ERROR] [gazebo-1]: process has died [pid 52907, exit code -15, cmd 'ruby /opt/ros/jazzy/opt/gz_tools_vendor/bin/gz sim -r -s -v1 /home/qms/ros_ws/install/tb3_nav_task/share/tb3_nav_task/worlds/open_field.sdf --force-version 8'].
[INFO] [launch]: process[gazebo-1] was required: shutting down launched system
