ros2 launch tb3_nav_task trial.launch.py world:=cluttered strategy:=vfh gui:=false trial_id:=A_cluttered_vfh_default_s0 plan:=A variant:=0 start_x:=-2.9 start_y:=-2.0 start_yaw:=0.0 nav_params:={} results_dir:=/home/qms/vm-share/task02/results timeout:=150.0 verbose:=1
[INFO] [launch]: All log files can be found below /home/qms/.ros/log/2026-09-28-04-45-53-215988-qms-33142
[INFO] [launch]: Default logging verbosity is set to INFO
urdf_file_name : turtlebot3_burger.urdf
[INFO] [gazebo-1]: process started with pid [33157]
[INFO] [create-2]: process started with pid [33158]
[INFO] [parameter_bridge-3]: process started with pid [33160]
[INFO] [parameter_bridge-4]: process started with pid [33161]
[INFO] [robot_state_publisher-5]: process started with pid [33162]
[INFO] [trial_monitor-6]: process started with pid [33163]
[robot_state_publisher-5] [INFO] [1790523953.917350258] [robot_state_publisher]: Robot initialized
[create-2] [INFO] [1790523953.942783232] [ros_gz_sim]: Requesting list of world names.
[parameter_bridge-4] [INFO] [1790523953.971697734] [ground_truth_bridge]: Creating GZ->ROS Bridge: [/model/burger/pose (gz.msgs.Pose) -> /model/burger/pose (geometry_msgs/msg/PoseStamped)] (Lazy 0)
[create-2] [INFO] [1790523954.562421804] [ros_gz_sim]: Entity creation successful.
[INFO] [create-2]: process has finished cleanly [pid 33158]
[trial_monitor-6] [INFO] [1790523954.763927693] [trial_monitor]: monitoring trial A_cluttered_vfh_default_s0 in cluttered, timeout 150 s sim
[parameter_bridge-3] [INFO] [1790523954.991666941] [tb3_bridge]: Creating GZ->ROS Bridge: [clock (gz.msgs.Clock) -> clock (rosgraph_msgs/msg/Clock)] (Lazy 0)
[parameter_bridge-3] [INFO] [1790523954.993578445] [tb3_bridge]: Creating GZ->ROS Bridge: [joint_states (gz.msgs.Model) -> joint_states (sensor_msgs/msg/JointState)] (Lazy 0)
[parameter_bridge-3] [INFO] [1790523954.996379926] [tb3_bridge]: Creating GZ->ROS Bridge: [odom (gz.msgs.Odometry) -> odom (nav_msgs/msg/Odometry)] (Lazy 0)
[parameter_bridge-3] [INFO] [1790523954.998033288] [tb3_bridge]: Creating GZ->ROS Bridge: [tf (gz.msgs.Pose_V) -> tf (tf2_msgs/msg/TFMessage)] (Lazy 0)
[parameter_bridge-3] [INFO] [1790523954.999583018] [tb3_bridge]: Creating ROS->GZ Bridge: [cmd_vel (geometry_msgs/msg/TwistStamped) -> cmd_vel (gz.msgs.Twist)] (Lazy 0)
[parameter_bridge-3] [INFO] [1790523955.000435576] [tb3_bridge]: Creating GZ->ROS Bridge: [imu (gz.msgs.IMU) -> imu (sensor_msgs/msg/Imu)] (Lazy 0)
[parameter_bridge-3] [INFO] [1790523955.001040950] [tb3_bridge]: Creating GZ->ROS Bridge: [scan (gz.msgs.LaserScan) -> scan (sensor_msgs/msg/LaserScan)] (Lazy 0)
[gazebo-1] [1;33mWarning [Utils.cc:132][0m [/sdf/model[@name="turtlebot3_burger"]/link[@name="base_scan"]/sensor[@name="hls_lfcd_lds"]/gz_frame_id:/tmp/tb3_nav_task_burger.sdf:L126]: XML Element[gz_frame_id], child of element[sensor], not defined in SDF. Copying[gz_frame_id] as children of [sensor].
[gazebo-1] libEGL warning: Not allowed to force software rendering when API explicitly selects a hardware device.
[INFO] [navigator-7]: process started with pid [33310]
[navigator-7] [INFO] [1790523957.764698250] [navigator]: navigator: strategy=vfh localization=odom_imu params={'v_max': 0.18, 'w_max': 1.5, 'safety': 0.12, 'lookahead': 1.0, 'bin_deg': 5.0, 'k_w': 2.0, 'w_goal': 1.0, 'w_turn': 0.25, 'w_prev': 0.25, 'slow_dist': 0.6, 'stop_dist': 0.1, 'goal_tol': 0.2} start=(-2.9, -2.0, 0.0) goal=(2.9, 2.0)
[navigator-7] [INFO] [1790523957.783511475] [navigator]: publishing TwistStamped on /cmd_vel
[parameter_bridge-3] [INFO] [1790523957.784351657] [tb3_bridge]: Passing message from ROS geometry_msgs/msg/TwistStamped to Gazebo gz.msgs.Twist (showing msg only once per type)
[navigator-7] [INFO] [1790523957.869949838] [navigator]: WAITING -> GO_GOAL  pose=(-2.90,-2.00,0deg) goal_dist=7.05
[trial_monitor-6] [INFO] [1790523957.906623683] [trial_monitor]: trial started (first active control cycle)
[navigator-7] [INFO] [1790523959.913359314] [navigator]: GO_GOAL -> AVOID  pose=(-2.63,-1.89,34deg) goal_dist=6.76
[navigator-7] [INFO] [1790523963.160496553] [navigator]: AVOID -> GO_GOAL  pose=(-2.12,-1.62,27deg) goal_dist=6.19
[navigator-7] [INFO] [1790523963.505982508] [navigator]: GO_GOAL -> AVOID  pose=(-2.06,-1.59,30deg) goal_dist=6.12
[navigator-7] [INFO] [1790523965.356421385] [navigator]: AVOID -> GO_GOAL  pose=(-1.78,-1.42,31deg) goal_dist=5.80
[navigator-7] [INFO] [1790523965.706091501] [navigator]: GO_GOAL -> AVOID  pose=(-1.72,-1.38,32deg) goal_dist=5.73
[navigator-7] [INFO] [1790523965.907493096] [navigator]: AVOID -> GO_GOAL  pose=(-1.69,-1.36,31deg) goal_dist=5.69
[navigator-7] [INFO] [1790523966.006074190] [navigator]: GO_GOAL -> AVOID  pose=(-1.67,-1.36,31deg) goal_dist=5.67
[navigator-7] [INFO] [1790523966.106740786] [navigator]: AVOID -> GO_GOAL  pose=(-1.66,-1.35,31deg) goal_dist=5.65
[navigator-7] [INFO] [1790523997.732379677] [navigator]: GO_GOAL -> REACHED  pose=(2.76,1.87,42deg) goal_dist=0.19
[trial_monitor-6] [INFO] [1790523997.886196670] [trial_monitor]: RESULT REACHED: success=True time=38.7s path=6.82m collisions=0 min_clear=0.136m goal_err=0.241m est_err=0.062m odom_err=4.129m rtf=0.97
[INFO] [trial_monitor-6]: process has finished cleanly [pid 33163]
[INFO] [navigator-7]: sending signal 'SIGINT' to process[navigator-7]
[INFO] [robot_state_publisher-5]: sending signal 'SIGINT' to process[robot_state_publisher-5]
[INFO] [parameter_bridge-4]: sending signal 'SIGINT' to process[parameter_bridge-4]
[INFO] [parameter_bridge-3]: sending signal 'SIGINT' to process[parameter_bridge-3]
[INFO] [gazebo-1]: sending signal 'SIGINT' to process[gazebo-1]
[robot_state_publisher-5] [INFO] [1790523998.142772628] [rclcpp]: signal_handler(SIGINT/SIGTERM)
[parameter_bridge-4] [INFO] [1790523998.147060232] [rclcpp]: signal_handler(SIGINT/SIGTERM)
[parameter_bridge-3] [INFO] [1790523998.155659648] [rclcpp]: signal_handler(SIGINT/SIGTERM)
[INFO] [robot_state_publisher-5]: process has finished cleanly [pid 33162]
[INFO] [parameter_bridge-3]: process has finished cleanly [pid 33160]
[INFO] [parameter_bridge-4]: process has finished cleanly [pid 33161]
[INFO] [navigator-7]: process has finished cleanly [pid 33310]
[ERROR] [gazebo-1]: process[gazebo-1] failed to terminate '5' seconds after receiving 'SIGINT', escalating to 'SIGTERM'
[INFO] [gazebo-1]: sending signal 'SIGTERM' to process[gazebo-1]
[ERROR] [gazebo-1]: process has died [pid 33157, exit code -15, cmd 'ruby /opt/ros/jazzy/opt/gz_tools_vendor/bin/gz sim -r -s -v1 /home/qms/ros_ws/install/tb3_nav_task/share/tb3_nav_task/worlds/cluttered.sdf --force-version 8'].
[INFO] [launch]: process[gazebo-1] was required: shutting down launched system
