ros2 launch tb3_nav_task trial.launch.py world:=cluttered strategy:=vfh gui:=false trial_id:=A_cluttered_vfh_default_s2 plan:=A variant:=2 start_x:=-2.882 start_y:=-2.077 start_yaw:=-0.273 nav_params:={} results_dir:=/home/qms/vm-share/task02/results timeout:=150.0 verbose:=1
[INFO] [launch]: All log files can be found below /home/qms/.ros/log/2026-09-28-04-47-39-987560-qms-33690
[INFO] [launch]: Default logging verbosity is set to INFO
urdf_file_name : turtlebot3_burger.urdf
[INFO] [gazebo-1]: process started with pid [33693]
[INFO] [create-2]: process started with pid [33694]
[INFO] [parameter_bridge-3]: process started with pid [33696]
[INFO] [parameter_bridge-4]: process started with pid [33697]
[INFO] [robot_state_publisher-5]: process started with pid [33698]
[INFO] [trial_monitor-6]: process started with pid [33699]
[robot_state_publisher-5] [INFO] [1790524060.498758571] [robot_state_publisher]: Robot initialized
[create-2] [INFO] [1790524060.505680299] [ros_gz_sim]: Requesting list of world names.
[parameter_bridge-4] [INFO] [1790524060.543603334] [ground_truth_bridge]: Creating GZ->ROS Bridge: [/model/burger/pose (gz.msgs.Pose) -> /model/burger/pose (geometry_msgs/msg/PoseStamped)] (Lazy 0)
[create-2] [INFO] [1790524061.079723784] [ros_gz_sim]: Entity creation successful.
[INFO] [create-2]: process has finished cleanly [pid 33694]
[trial_monitor-6] [INFO] [1790524061.306660524] [trial_monitor]: monitoring trial A_cluttered_vfh_default_s2 in cluttered, timeout 150 s sim
[parameter_bridge-3] [INFO] [1790524061.561796034] [tb3_bridge]: Creating GZ->ROS Bridge: [clock (gz.msgs.Clock) -> clock (rosgraph_msgs/msg/Clock)] (Lazy 0)
[parameter_bridge-3] [INFO] [1790524061.568942774] [tb3_bridge]: Creating GZ->ROS Bridge: [joint_states (gz.msgs.Model) -> joint_states (sensor_msgs/msg/JointState)] (Lazy 0)
[parameter_bridge-3] [INFO] [1790524061.574629431] [tb3_bridge]: Creating GZ->ROS Bridge: [odom (gz.msgs.Odometry) -> odom (nav_msgs/msg/Odometry)] (Lazy 0)
[parameter_bridge-3] [INFO] [1790524061.578731539] [tb3_bridge]: Creating GZ->ROS Bridge: [tf (gz.msgs.Pose_V) -> tf (tf2_msgs/msg/TFMessage)] (Lazy 0)
[parameter_bridge-3] [INFO] [1790524061.581535115] [tb3_bridge]: Creating ROS->GZ Bridge: [cmd_vel (geometry_msgs/msg/TwistStamped) -> cmd_vel (gz.msgs.Twist)] (Lazy 0)
[parameter_bridge-3] [INFO] [1790524061.583455683] [tb3_bridge]: Creating GZ->ROS Bridge: [imu (gz.msgs.IMU) -> imu (sensor_msgs/msg/Imu)] (Lazy 0)
[parameter_bridge-3] [INFO] [1790524061.584558287] [tb3_bridge]: Creating GZ->ROS Bridge: [scan (gz.msgs.LaserScan) -> scan (sensor_msgs/msg/LaserScan)] (Lazy 0)
[gazebo-1] [1;33mWarning [Utils.cc:132][0m [/sdf/model[@name="turtlebot3_burger"]/link[@name="base_scan"]/sensor[@name="hls_lfcd_lds"]/gz_frame_id:/tmp/tb3_nav_task_burger.sdf:L126]: XML Element[gz_frame_id], child of element[sensor], not defined in SDF. Copying[gz_frame_id] as children of [sensor].
[gazebo-1] libEGL warning: Not allowed to force software rendering when API explicitly selects a hardware device.
[INFO] [navigator-7]: process started with pid [33878]
[navigator-7] [INFO] [1790524064.267948934] [navigator]: navigator: strategy=vfh localization=odom_imu params={'v_max': 0.18, 'w_max': 1.5, 'safety': 0.12, 'lookahead': 1.0, 'bin_deg': 5.0, 'k_w': 2.0, 'w_goal': 1.0, 'w_turn': 0.25, 'w_prev': 0.25, 'slow_dist': 0.6, 'stop_dist': 0.1, 'goal_tol': 0.2} start=(-2.882, -2.077, -0.273) goal=(2.9, 2.0)
[navigator-7] [INFO] [1790524067.280421143] [navigator]: publishing TwistStamped on /cmd_vel
[parameter_bridge-3] [INFO] [1790524067.280856710] [tb3_bridge]: Passing message from ROS geometry_msgs/msg/TwistStamped to Gazebo gz.msgs.Twist (showing msg only once per type)
[navigator-7] [INFO] [1790524067.478272414] [navigator]: WAITING -> GO_GOAL  pose=(-2.88,-2.08,-16deg) goal_dist=7.07
[trial_monitor-6] [INFO] [1790524067.492313288] [trial_monitor]: trial started (first active control cycle)
[navigator-7] [INFO] [1790524069.925766323] [navigator]: GO_GOAL -> AVOID  pose=(-2.60,-1.96,39deg) goal_dist=6.78
[navigator-7] [INFO] [1790524070.078053826] [navigator]: AVOID -> GO_GOAL  pose=(-2.57,-1.94,36deg) goal_dist=6.74
[navigator-7] [INFO] [1790524070.178036140] [navigator]: GO_GOAL -> AVOID  pose=(-2.56,-1.93,34deg) goal_dist=6.72
[navigator-7] [INFO] [1790524070.478051752] [navigator]: AVOID -> GO_GOAL  pose=(-2.51,-1.90,31deg) goal_dist=6.67
[navigator-7] [INFO] [1790524070.578049858] [navigator]: GO_GOAL -> AVOID  pose=(-2.50,-1.89,30deg) goal_dist=6.65
[navigator-7] [INFO] [1790524072.721659111] [navigator]: AVOID -> GO_GOAL  pose=(-2.17,-1.70,29deg) goal_dist=6.28
[navigator-7] [INFO] [1790524072.877795087] [navigator]: GO_GOAL -> AVOID  pose=(-2.14,-1.68,30deg) goal_dist=6.24
[navigator-7] [INFO] [1790524073.927566964] [navigator]: AVOID -> GO_GOAL  pose=(-1.98,-1.59,31deg) goal_dist=6.06
[navigator-7] [INFO] [1790524075.522552278] [navigator]: GO_GOAL -> AVOID  pose=(-1.74,-1.43,34deg) goal_dist=5.77
[navigator-7] [INFO] [1790524075.677601527] [navigator]: AVOID -> GO_GOAL  pose=(-1.72,-1.42,33deg) goal_dist=5.74
[navigator-7] [INFO] [1790524075.777582629] [navigator]: GO_GOAL -> AVOID  pose=(-1.70,-1.41,31deg) goal_dist=5.72
[navigator-7] [INFO] [1790524075.878280647] [navigator]: AVOID -> GO_GOAL  pose=(-1.68,-1.39,31deg) goal_dist=5.70
[navigator-7] [INFO] [1790524107.214563986] [navigator]: GO_GOAL -> REACHED  pose=(2.76,1.87,41deg) goal_dist=0.19
[trial_monitor-6] [INFO] [1790524107.453763801] [trial_monitor]: RESULT REACHED: success=True time=39.3s path=6.88m collisions=0 min_clear=0.140m goal_err=0.230m est_err=0.075m odom_err=4.782m rtf=0.985
[INFO] [trial_monitor-6]: process has finished cleanly [pid 33699]
[INFO] [navigator-7]: sending signal 'SIGINT' to process[navigator-7]
[INFO] [robot_state_publisher-5]: sending signal 'SIGINT' to process[robot_state_publisher-5]
[INFO] [parameter_bridge-4]: sending signal 'SIGINT' to process[parameter_bridge-4]
[INFO] [parameter_bridge-3]: sending signal 'SIGINT' to process[parameter_bridge-3]
[INFO] [gazebo-1]: sending signal 'SIGINT' to process[gazebo-1]
[robot_state_publisher-5] [INFO] [1790524107.614482175] [rclcpp]: signal_handler(SIGINT/SIGTERM)
[parameter_bridge-4] [INFO] [1790524107.617430248] [rclcpp]: signal_handler(SIGINT/SIGTERM)
[parameter_bridge-3] [INFO] [1790524107.621499713] [rclcpp]: signal_handler(SIGINT/SIGTERM)
[parameter_bridge-3] Failed to delete datawriter, at ./src/publisher.cpp:45 during '__function__'
[INFO] [parameter_bridge-4]: process has finished cleanly [pid 33697]
[INFO] [parameter_bridge-3]: process has finished cleanly [pid 33696]
[INFO] [robot_state_publisher-5]: process has finished cleanly [pid 33698]
[INFO] [navigator-7]: process has finished cleanly [pid 33878]
[ERROR] [gazebo-1]: process[gazebo-1] failed to terminate '5' seconds after receiving 'SIGINT', escalating to 'SIGTERM'
[INFO] [gazebo-1]: sending signal 'SIGTERM' to process[gazebo-1]
[ERROR] [gazebo-1]: process has died [pid 33693, exit code -15, cmd 'ruby /opt/ros/jazzy/opt/gz_tools_vendor/bin/gz sim -r -s -v1 /home/qms/ros_ws/install/tb3_nav_task/share/tb3_nav_task/worlds/cluttered.sdf --force-version 8'].
[INFO] [launch]: process[gazebo-1] was required: shutting down launched system
