ros2 launch tb3_nav_task trial.launch.py world:=cluttered strategy:=vfh gui:=false trial_id:=A_cluttered_vfh_default_s3 plan:=A variant:=3 start_x:=-2.946 start_y:=-1.871 start_yaw:=0.351 nav_params:={} results_dir:=/home/qms/vm-share/task02/results timeout:=150.0 verbose:=1
[INFO] [launch]: All log files can be found below /home/qms/.ros/log/2026-09-28-04-48-36-238372-qms-33943
[INFO] [launch]: Default logging verbosity is set to INFO
urdf_file_name : turtlebot3_burger.urdf
[INFO] [gazebo-1]: process started with pid [33946]
[INFO] [create-2]: process started with pid [33947]
[INFO] [parameter_bridge-3]: process started with pid [33949]
[INFO] [parameter_bridge-4]: process started with pid [33950]
[INFO] [robot_state_publisher-5]: process started with pid [33951]
[INFO] [trial_monitor-6]: process started with pid [33952]
[robot_state_publisher-5] [INFO] [1790524116.717480315] [robot_state_publisher]: Robot initialized
[create-2] [INFO] [1790524116.730040011] [ros_gz_sim]: Requesting list of world names.
[parameter_bridge-4] [INFO] [1790524116.779934529] [ground_truth_bridge]: Creating GZ->ROS Bridge: [/model/burger/pose (gz.msgs.Pose) -> /model/burger/pose (geometry_msgs/msg/PoseStamped)] (Lazy 0)
[create-2] [INFO] [1790524117.272949045] [ros_gz_sim]: Entity creation successful.
[INFO] [create-2]: process has finished cleanly [pid 33947]
[trial_monitor-6] [INFO] [1790524117.480453638] [trial_monitor]: monitoring trial A_cluttered_vfh_default_s3 in cluttered, timeout 150 s sim
[parameter_bridge-3] [INFO] [1790524117.761669486] [tb3_bridge]: Creating GZ->ROS Bridge: [clock (gz.msgs.Clock) -> clock (rosgraph_msgs/msg/Clock)] (Lazy 0)
[parameter_bridge-3] [INFO] [1790524117.765023744] [tb3_bridge]: Creating GZ->ROS Bridge: [joint_states (gz.msgs.Model) -> joint_states (sensor_msgs/msg/JointState)] (Lazy 0)
[parameter_bridge-3] [INFO] [1790524117.770066673] [tb3_bridge]: Creating GZ->ROS Bridge: [odom (gz.msgs.Odometry) -> odom (nav_msgs/msg/Odometry)] (Lazy 0)
[parameter_bridge-3] [INFO] [1790524117.773682486] [tb3_bridge]: Creating GZ->ROS Bridge: [tf (gz.msgs.Pose_V) -> tf (tf2_msgs/msg/TFMessage)] (Lazy 0)
[parameter_bridge-3] [INFO] [1790524117.776058943] [tb3_bridge]: Creating ROS->GZ Bridge: [cmd_vel (geometry_msgs/msg/TwistStamped) -> cmd_vel (gz.msgs.Twist)] (Lazy 0)
[parameter_bridge-3] [INFO] [1790524117.778392356] [tb3_bridge]: Creating GZ->ROS Bridge: [imu (gz.msgs.IMU) -> imu (sensor_msgs/msg/Imu)] (Lazy 0)
[parameter_bridge-3] [INFO] [1790524117.779658964] [tb3_bridge]: Creating GZ->ROS Bridge: [scan (gz.msgs.LaserScan) -> scan (sensor_msgs/msg/LaserScan)] (Lazy 0)
[gazebo-1] [1;33mWarning [Utils.cc:132][0m [/sdf/model[@name="turtlebot3_burger"]/link[@name="base_scan"]/sensor[@name="hls_lfcd_lds"]/gz_frame_id:/tmp/tb3_nav_task_burger.sdf:L126]: XML Element[gz_frame_id], child of element[sensor], not defined in SDF. Copying[gz_frame_id] as children of [sensor].
[gazebo-1] libEGL warning: Not allowed to force software rendering when API explicitly selects a hardware device.
[INFO] [navigator-7]: process started with pid [34131]
[navigator-7] [INFO] [1790524120.464119225] [navigator]: navigator: strategy=vfh localization=odom_imu params={'v_max': 0.18, 'w_max': 1.5, 'safety': 0.12, 'lookahead': 1.0, 'bin_deg': 5.0, 'k_w': 2.0, 'w_goal': 1.0, 'w_turn': 0.25, 'w_prev': 0.25, 'slow_dist': 0.6, 'stop_dist': 0.1, 'goal_tol': 0.2} start=(-2.946, -1.871, 0.351) goal=(2.9, 2.0)
[navigator-7] [INFO] [1790524120.863561796] [navigator]: publishing TwistStamped on /cmd_vel
[parameter_bridge-3] [INFO] [1790524120.864020862] [tb3_bridge]: Passing message from ROS geometry_msgs/msg/TwistStamped to Gazebo gz.msgs.Twist (showing msg only once per type)
[navigator-7] [INFO] [1790524120.867831309] [navigator]: WAITING -> GO_GOAL  pose=(-2.95,-1.87,20deg) goal_dist=7.01
[trial_monitor-6] [INFO] [1790524121.084280851] [trial_monitor]: trial started (first active control cycle)
[navigator-7] [INFO] [1790524121.787503855] [navigator]: GO_GOAL -> AVOID  pose=(-2.82,-1.81,31deg) goal_dist=6.87
[navigator-7] [INFO] [1790524128.210930551] [navigator]: AVOID -> GO_GOAL  pose=(-1.76,-1.39,20deg) goal_dist=5.76
[navigator-7] [INFO] [1790524159.268873526] [navigator]: GO_GOAL -> REACHED  pose=(2.76,1.87,42deg) goal_dist=0.19
[trial_monitor-6] [INFO] [1790524159.420002189] [trial_monitor]: RESULT REACHED: success=True time=38.2s path=6.82m collisions=0 min_clear=0.140m goal_err=0.212m est_err=0.022m odom_err=0.551m rtf=0.999
[INFO] [trial_monitor-6]: process has finished cleanly [pid 33952]
[INFO] [navigator-7]: sending signal 'SIGINT' to process[navigator-7]
[INFO] [robot_state_publisher-5]: sending signal 'SIGINT' to process[robot_state_publisher-5]
[INFO] [parameter_bridge-4]: sending signal 'SIGINT' to process[parameter_bridge-4]
[INFO] [parameter_bridge-3]: sending signal 'SIGINT' to process[parameter_bridge-3]
[INFO] [gazebo-1]: sending signal 'SIGINT' to process[gazebo-1]
[robot_state_publisher-5] [INFO] [1790524159.568414594] [rclcpp]: signal_handler(SIGINT/SIGTERM)
[parameter_bridge-4] [INFO] [1790524159.571037055] [rclcpp]: signal_handler(SIGINT/SIGTERM)
[parameter_bridge-3] [INFO] [1790524159.574059119] [rclcpp]: signal_handler(SIGINT/SIGTERM)
[INFO] [parameter_bridge-4]: process has finished cleanly [pid 33950]
[INFO] [robot_state_publisher-5]: process has finished cleanly [pid 33951]
[INFO] [parameter_bridge-3]: process has finished cleanly [pid 33949]
[INFO] [navigator-7]: process has finished cleanly [pid 34131]
[ERROR] [gazebo-1]: process[gazebo-1] failed to terminate '5' seconds after receiving 'SIGINT', escalating to 'SIGTERM'
[INFO] [gazebo-1]: sending signal 'SIGTERM' to process[gazebo-1]
[ERROR] [gazebo-1]: process has died [pid 33946, exit code -15, cmd 'ruby /opt/ros/jazzy/opt/gz_tools_vendor/bin/gz sim -r -s -v1 /home/qms/ros_ws/install/tb3_nav_task/share/tb3_nav_task/worlds/cluttered.sdf --force-version 8'].
[INFO] [launch]: process[gazebo-1] was required: shutting down launched system
