ros2 launch tb3_nav_task trial.launch.py world:=open_field strategy:=bug2 gui:=false trial_id:=A_open_field_bug2_default_s3 plan:=A variant:=3 start_x:=-2.92 start_y:=-1.819 start_yaw:=0.266 nav_params:={} results_dir:=/home/qms/vm-share/task02/results timeout:=150.0 verbose:=1
[INFO] [launch]: All log files can be found below /home/qms/.ros/log/2026-09-28-04-44-15-769365-qms-32896
[INFO] [launch]: Default logging verbosity is set to INFO
urdf_file_name : turtlebot3_burger.urdf
[INFO] [gazebo-1]: process started with pid [32911]
[INFO] [create-2]: process started with pid [32912]
[INFO] [parameter_bridge-3]: process started with pid [32914]
[INFO] [parameter_bridge-4]: process started with pid [32915]
[INFO] [robot_state_publisher-5]: process started with pid [32916]
[INFO] [trial_monitor-6]: process started with pid [32917]
[robot_state_publisher-5] [INFO] [1790523856.530337710] [robot_state_publisher]: Robot initialized
[create-2] [INFO] [1790523856.541707226] [ros_gz_sim]: Requesting list of world names.
[parameter_bridge-4] [INFO] [1790523856.562847291] [ground_truth_bridge]: Creating GZ->ROS Bridge: [/model/burger/pose (gz.msgs.Pose) -> /model/burger/pose (geometry_msgs/msg/PoseStamped)] (Lazy 0)
[create-2] [INFO] [1790523857.135352818] [ros_gz_sim]: Entity creation successful.
[INFO] [create-2]: process has finished cleanly [pid 32912]
[trial_monitor-6] [INFO] [1790523857.407636154] [trial_monitor]: monitoring trial A_open_field_bug2_default_s3 in open_field, timeout 150 s sim
[parameter_bridge-3] [INFO] [1790523857.576262091] [tb3_bridge]: Creating GZ->ROS Bridge: [clock (gz.msgs.Clock) -> clock (rosgraph_msgs/msg/Clock)] (Lazy 0)
[parameter_bridge-3] [INFO] [1790523857.577893016] [tb3_bridge]: Creating GZ->ROS Bridge: [joint_states (gz.msgs.Model) -> joint_states (sensor_msgs/msg/JointState)] (Lazy 0)
[parameter_bridge-3] [INFO] [1790523857.579942984] [tb3_bridge]: Creating GZ->ROS Bridge: [odom (gz.msgs.Odometry) -> odom (nav_msgs/msg/Odometry)] (Lazy 0)
[parameter_bridge-3] [INFO] [1790523857.581934619] [tb3_bridge]: Creating GZ->ROS Bridge: [tf (gz.msgs.Pose_V) -> tf (tf2_msgs/msg/TFMessage)] (Lazy 0)
[parameter_bridge-3] [INFO] [1790523857.583759712] [tb3_bridge]: Creating ROS->GZ Bridge: [cmd_vel (geometry_msgs/msg/TwistStamped) -> cmd_vel (gz.msgs.Twist)] (Lazy 0)
[parameter_bridge-3] [INFO] [1790523857.584874301] [tb3_bridge]: Creating GZ->ROS Bridge: [imu (gz.msgs.IMU) -> imu (sensor_msgs/msg/Imu)] (Lazy 0)
[parameter_bridge-3] [INFO] [1790523857.585503262] [tb3_bridge]: Creating GZ->ROS Bridge: [scan (gz.msgs.LaserScan) -> scan (sensor_msgs/msg/LaserScan)] (Lazy 0)
[gazebo-1] [1;33mWarning [Utils.cc:132][0m [/sdf/model[@name="turtlebot3_burger"]/link[@name="base_scan"]/sensor[@name="hls_lfcd_lds"]/gz_frame_id:/tmp/tb3_nav_task_burger.sdf:L126]: XML Element[gz_frame_id], child of element[sensor], not defined in SDF. Copying[gz_frame_id] as children of [sensor].
[gazebo-1] libEGL warning: Not allowed to force software rendering when API explicitly selects a hardware device.
[INFO] [navigator-7]: process started with pid [33064]
[navigator-7] [INFO] [1790523860.393529347] [navigator]: navigator: strategy=bug2 localization=odom_imu params={'v_max': 0.18, 'w_max': 1.5, 'hit_dist': 0.3, 'd_follow': 0.3, 'k_head': 2.0, 'k_wall': 3.0, 'mline_tol': 0.1, 'leave_progress': 0.15, 'min_follow': 0.5, 'goal_tol': 0.2} start=(-2.92, -1.819, 0.266) goal=(2.8, 1.8)
[navigator-7] [INFO] [1790523863.288059868] [navigator]: publishing TwistStamped on /cmd_vel
[parameter_bridge-3] [INFO] [1790523863.288557329] [tb3_bridge]: Passing message from ROS geometry_msgs/msg/TwistStamped to Gazebo gz.msgs.Twist (showing msg only once per type)
[navigator-7] [INFO] [1790523863.458086135] [navigator]: WAITING -> GO_GOAL  pose=(-2.92,-1.82,15deg) goal_dist=6.77
[trial_monitor-6] [INFO] [1790523863.476508436] [trial_monitor]: trial started (first active control cycle)
[navigator-7] [INFO] [1790523870.314876529] [navigator]: GO_GOAL -> FOLLOW  pose=(-1.92,-1.22,33deg) goal_dist=5.60
[navigator-7] [INFO] [1790523870.458467113] [navigator]: FOLLOW -> FOLLOW_TURN  pose=(-1.91,-1.21,32deg) goal_dist=5.59
[navigator-7] [INFO] [1790523871.258023054] [navigator]: FOLLOW_TURN -> FOLLOW  pose=(-1.91,-1.21,47deg) goal_dist=5.59
[navigator-7] [INFO] [1790523881.705896623] [navigator]: FOLLOW -> FOLLOW_TURN  pose=(-1.58,-0.44,-54deg) goal_dist=4.92
[navigator-7] [INFO] [1790523882.058077865] [navigator]: FOLLOW_TURN -> FOLLOW  pose=(-1.58,-0.44,-60deg) goal_dist=4.92
[navigator-7] [INFO] [1790523882.458535254] [navigator]: FOLLOW -> FOLLOW_TURN  pose=(-1.56,-0.46,-64deg) goal_dist=4.92
[navigator-7] [INFO] [1790523882.901069928] [navigator]: FOLLOW_TURN -> FOLLOW  pose=(-1.56,-0.47,-69deg) goal_dist=4.92
[navigator-7] [INFO] [1790523883.457954317] [navigator]: FOLLOW -> FOLLOW_TURN  pose=(-1.55,-0.49,-79deg) goal_dist=4.92
[navigator-7] [INFO] [1790523884.303968426] [navigator]: FOLLOW_TURN -> FOLLOW_ARC  pose=(-1.55,-0.49,-91deg) goal_dist=4.92
[navigator-7] [INFO] [1790523884.658711421] [navigator]: FOLLOW_ARC -> FOLLOW_TURN  pose=(-1.55,-0.53,-92deg) goal_dist=4.94
[navigator-7] [INFO] [1790523885.258576966] [navigator]: FOLLOW_TURN -> FOLLOW_ARC  pose=(-1.55,-0.53,-91deg) goal_dist=4.94
[navigator-7] [INFO] [1790523885.569756374] [navigator]: FOLLOW_ARC -> FOLLOW_TURN  pose=(-1.55,-0.54,-88deg) goal_dist=4.94
[navigator-7] [INFO] [1790523885.889960450] [navigator]: FOLLOW_TURN -> FOLLOW_ARC  pose=(-1.55,-0.54,-81deg) goal_dist=4.94
[navigator-7] [INFO] [1790523886.494640094] [navigator]: FOLLOW_ARC -> FOLLOW_TURN  pose=(-1.54,-0.59,-73deg) goal_dist=4.95
[navigator-7] [INFO] [1790523887.332511766] [navigator]: FOLLOW_TURN -> FOLLOW  pose=(-1.54,-0.59,-59deg) goal_dist=4.95
[navigator-7] [INFO] [1790523887.490013185] [navigator]: FOLLOW -> FOLLOW_TURN  pose=(-1.53,-0.60,-52deg) goal_dist=4.95
[navigator-7] [INFO] [1790523888.094052110] [navigator]: FOLLOW_TURN -> FOLLOW  pose=(-1.53,-0.60,-21deg) goal_dist=4.95
[navigator-7] [INFO] [1790523891.736447173] [navigator]: FOLLOW -> LEAVE  pose=(-1.04,-0.52,-13deg) goal_dist=4.49
[navigator-7] [INFO] [1790523891.789853884] [navigator]: LEAVE -> GO_GOAL  pose=(-1.04,-0.52,-15deg) goal_dist=4.49
[navigator-7] [INFO] [1790523896.842447956] [navigator]: GO_GOAL -> FOLLOW_TURN  pose=(-0.46,-0.22,32deg) goal_dist=3.83
[navigator-7] [INFO] [1790523897.588686788] [navigator]: FOLLOW_TURN -> FOLLOW  pose=(-0.46,-0.21,53deg) goal_dist=3.83
[navigator-7] [INFO] [1790523907.516410874] [navigator]: FOLLOW -> FOLLOW_TURN  pose=(-0.18,0.58,-45deg) goal_dist=3.22
[navigator-7] [INFO] [1790523908.072514612] [navigator]: FOLLOW_TURN -> FOLLOW  pose=(-0.18,0.57,-47deg) goal_dist=3.22
[navigator-7] [INFO] [1790523908.479366759] [navigator]: FOLLOW -> FOLLOW_TURN  pose=(-0.16,0.56,-45deg) goal_dist=3.21
[navigator-7] [INFO] [1790523909.124548723] [navigator]: FOLLOW_TURN -> FOLLOW  pose=(-0.16,0.56,-39deg) goal_dist=3.21
[navigator-7] [INFO] [1790523909.686567890] [navigator]: FOLLOW -> FOLLOW_TURN  pose=(-0.12,0.53,-32deg) goal_dist=3.19
[navigator-7] [INFO] [1790523910.552475992] [navigator]: FOLLOW_TURN -> FOLLOW  pose=(-0.12,0.53,-19deg) goal_dist=3.19
[navigator-7] [INFO] [1790523916.271437688] [navigator]: FOLLOW -> LEAVE  pose=(0.66,0.56,-27deg) goal_dist=2.47
[navigator-7] [INFO] [1790523916.310414082] [navigator]: LEAVE -> GO_GOAL  pose=(0.66,0.56,-29deg) goal_dist=2.47
[navigator-7] [INFO] [1790523919.758397177] [navigator]: GO_GOAL -> FOLLOW  pose=(0.97,0.73,31deg) goal_dist=2.13
[navigator-7] [INFO] [1790523919.909815414] [navigator]: FOLLOW -> FOLLOW_TURN  pose=(0.98,0.74,30deg) goal_dist=2.10
[navigator-7] [INFO] [1790523920.710475603] [navigator]: FOLLOW_TURN -> FOLLOW  pose=(0.99,0.74,38deg) goal_dist=2.10
[navigator-7] [INFO] [1790523930.689490559] [navigator]: FOLLOW -> FOLLOW_TURN  pose=(1.59,1.31,-74deg) goal_dist=1.30
[navigator-7] [INFO] [1790523931.045040347] [navigator]: FOLLOW_TURN -> FOLLOW  pose=(1.59,1.31,-82deg) goal_dist=1.30
[navigator-7] [INFO] [1790523931.986876909] [navigator]: FOLLOW -> FOLLOW_TURN  pose=(1.59,1.26,-102deg) goal_dist=1.32
[navigator-7] [INFO] [1790523932.757261410] [navigator]: FOLLOW_TURN -> FOLLOW_ARC  pose=(1.59,1.26,-112deg) goal_dist=1.32
[navigator-7] [INFO] [1790523933.401931787] [navigator]: FOLLOW_ARC -> FOLLOW_TURN  pose=(1.58,1.22,-115deg) goal_dist=1.36
[navigator-7] [INFO] [1790523934.157319335] [navigator]: FOLLOW_TURN -> FOLLOW_ARC  pose=(1.58,1.22,-108deg) goal_dist=1.36
[navigator-7] [INFO] [1790523934.801111671] [navigator]: FOLLOW_ARC -> FOLLOW_TURN  pose=(1.57,1.17,-97deg) goal_dist=1.39
[navigator-7] [INFO] [1790523935.757392826] [navigator]: FOLLOW_TURN -> FOLLOW  pose=(1.57,1.17,-71deg) goal_dist=1.39
[navigator-7] [INFO] [1790523936.205021570] [navigator]: FOLLOW -> LEAVE  pose=(1.58,1.14,-54deg) goal_dist=1.39
[navigator-7] [INFO] [1790523936.257488937] [navigator]: LEAVE -> GO_GOAL  pose=(1.58,1.14,-51deg) goal_dist=1.38
[navigator-7] [INFO] [1790523944.007327351] [navigator]: GO_GOAL -> REACHED  pose=(2.62,1.72,26deg) goal_dist=0.19
[trial_monitor-6] [INFO] [1790523944.218818405] [trial_monitor]: RESULT REACHED: success=False time=80.1s path=9.72m collisions=0 min_clear=0.107m goal_err=0.528m est_err=0.515m odom_err=5.226m rtf=0.994
[INFO] [trial_monitor-6]: process has finished cleanly [pid 32917]
[INFO] [navigator-7]: sending signal 'SIGINT' to process[navigator-7]
[INFO] [robot_state_publisher-5]: sending signal 'SIGINT' to process[robot_state_publisher-5]
[INFO] [parameter_bridge-4]: sending signal 'SIGINT' to process[parameter_bridge-4]
[INFO] [parameter_bridge-3]: sending signal 'SIGINT' to process[parameter_bridge-3]
[INFO] [gazebo-1]: sending signal 'SIGINT' to process[gazebo-1]
[robot_state_publisher-5] [INFO] [1790523944.452381978] [rclcpp]: signal_handler(SIGINT/SIGTERM)
[parameter_bridge-4] [INFO] [1790523944.454628133] [rclcpp]: signal_handler(SIGINT/SIGTERM)
[parameter_bridge-3] [INFO] [1790523944.458499774] [rclcpp]: signal_handler(SIGINT/SIGTERM)
[INFO] [parameter_bridge-4]: process has finished cleanly [pid 32915]
[INFO] [robot_state_publisher-5]: process has finished cleanly [pid 32916]
[INFO] [parameter_bridge-3]: process has finished cleanly [pid 32914]
[INFO] [navigator-7]: process has finished cleanly [pid 33064]
[ERROR] [gazebo-1]: process[gazebo-1] failed to terminate '5' seconds after receiving 'SIGINT', escalating to 'SIGTERM'
[INFO] [gazebo-1]: sending signal 'SIGTERM' to process[gazebo-1]
[ERROR] [gazebo-1]: process has died [pid 32911, exit code -15, cmd 'ruby /opt/ros/jazzy/opt/gz_tools_vendor/bin/gz sim -r -s -v1 /home/qms/ros_ws/install/tb3_nav_task/share/tb3_nav_task/worlds/open_field.sdf --force-version 8'].
[INFO] [launch]: process[gazebo-1] was required: shutting down launched system
