ros2 launch tb3_nav_task trial.launch.py world:=open_field strategy:=bug2 gui:=false trial_id:=A_open_field_bug2_default_s1 plan:=A variant:=1 start_x:=-2.797 start_y:=-1.748 start_yaw:=0.302 nav_params:={} results_dir:=/home/qms/vm-share/task02/results timeout:=150.0 verbose:=1
[INFO] [launch]: All log files can be found below /home/qms/.ros/log/2026-09-28-04-39-54-166420-qms-32426
[INFO] [launch]: Default logging verbosity is set to INFO
urdf_file_name : turtlebot3_burger.urdf
[INFO] [gazebo-1]: process started with pid [32441]
[INFO] [create-2]: process started with pid [32442]
[INFO] [parameter_bridge-3]: process started with pid [32444]
[INFO] [parameter_bridge-4]: process started with pid [32445]
[INFO] [robot_state_publisher-5]: process started with pid [32446]
[INFO] [trial_monitor-6]: process started with pid [32447]
[robot_state_publisher-5] [INFO] [1790523595.082632601] [robot_state_publisher]: Robot initialized
[create-2] [INFO] [1790523595.092452529] [ros_gz_sim]: Requesting list of world names.
[parameter_bridge-4] [INFO] [1790523595.143907026] [ground_truth_bridge]: Creating GZ->ROS Bridge: [/model/burger/pose (gz.msgs.Pose) -> /model/burger/pose (geometry_msgs/msg/PoseStamped)] (Lazy 0)
[create-2] [INFO] [1790523595.746713104] [ros_gz_sim]: Entity creation successful.
[INFO] [create-2]: process has finished cleanly [pid 32442]
[parameter_bridge-3] [INFO] [1790523596.131038107] [tb3_bridge]: Creating GZ->ROS Bridge: [clock (gz.msgs.Clock) -> clock (rosgraph_msgs/msg/Clock)] (Lazy 0)
[parameter_bridge-3] [INFO] [1790523596.133302253] [tb3_bridge]: Creating GZ->ROS Bridge: [joint_states (gz.msgs.Model) -> joint_states (sensor_msgs/msg/JointState)] (Lazy 0)
[parameter_bridge-3] [INFO] [1790523596.135462191] [tb3_bridge]: Creating GZ->ROS Bridge: [odom (gz.msgs.Odometry) -> odom (nav_msgs/msg/Odometry)] (Lazy 0)
[parameter_bridge-3] [INFO] [1790523596.137045415] [tb3_bridge]: Creating GZ->ROS Bridge: [tf (gz.msgs.Pose_V) -> tf (tf2_msgs/msg/TFMessage)] (Lazy 0)
[parameter_bridge-3] [INFO] [1790523596.140263112] [tb3_bridge]: Creating ROS->GZ Bridge: [cmd_vel (geometry_msgs/msg/TwistStamped) -> cmd_vel (gz.msgs.Twist)] (Lazy 0)
[parameter_bridge-3] [INFO] [1790523596.141370290] [tb3_bridge]: Creating GZ->ROS Bridge: [imu (gz.msgs.IMU) -> imu (sensor_msgs/msg/Imu)] (Lazy 0)
[parameter_bridge-3] [INFO] [1790523596.142520967] [tb3_bridge]: Creating GZ->ROS Bridge: [scan (gz.msgs.LaserScan) -> scan (sensor_msgs/msg/LaserScan)] (Lazy 0)
[trial_monitor-6] [INFO] [1790523596.274704741] [trial_monitor]: monitoring trial A_open_field_bug2_default_s1 in open_field, timeout 150 s sim
[gazebo-1] [1;33mWarning [Utils.cc:132][0m [/sdf/model[@name="turtlebot3_burger"]/link[@name="base_scan"]/sensor[@name="hls_lfcd_lds"]/gz_frame_id:/tmp/tb3_nav_task_burger.sdf:L126]: XML Element[gz_frame_id], child of element[sensor], not defined in SDF. Copying[gz_frame_id] as children of [sensor].
[gazebo-1] libEGL warning: Not allowed to force software rendering when API explicitly selects a hardware device.
[INFO] [navigator-7]: process started with pid [32594]
[navigator-7] [INFO] [1790523599.094448453] [navigator]: navigator: strategy=bug2 localization=odom_imu params={'v_max': 0.18, 'w_max': 1.5, 'hit_dist': 0.3, 'd_follow': 0.3, 'k_head': 2.0, 'k_wall': 3.0, 'mline_tol': 0.1, 'leave_progress': 0.15, 'min_follow': 0.5, 'goal_tol': 0.2} start=(-2.797, -1.748, 0.302) goal=(2.8, 1.8)
[navigator-7] [INFO] [1790523601.857664531] [navigator]: publishing TwistStamped on /cmd_vel
[parameter_bridge-3] [INFO] [1790523601.860344182] [tb3_bridge]: Passing message from ROS geometry_msgs/msg/TwistStamped to Gazebo gz.msgs.Twist (showing msg only once per type)
[navigator-7] [INFO] [1790523602.020884039] [navigator]: WAITING -> GO_GOAL  pose=(-2.80,-1.75,17deg) goal_dist=6.63
[trial_monitor-6] [INFO] [1790523602.037326029] [trial_monitor]: trial started (first active control cycle)
[navigator-7] [INFO] [1790523608.095932496] [navigator]: GO_GOAL -> FOLLOW  pose=(-1.92,-1.22,33deg) goal_dist=5.60
[navigator-7] [INFO] [1790523608.251228775] [navigator]: FOLLOW -> FOLLOW_TURN  pose=(-1.91,-1.21,32deg) goal_dist=5.59
[navigator-7] [INFO] [1790523609.296019328] [navigator]: FOLLOW_TURN -> FOLLOW  pose=(-1.91,-1.21,61deg) goal_dist=5.59
[navigator-7] [INFO] [1790523624.088881342] [navigator]: FOLLOW -> LEAVE  pose=(-0.90,-0.43,-36deg) goal_dist=4.32
[navigator-7] [INFO] [1790523624.142550778] [navigator]: LEAVE -> GO_GOAL  pose=(-0.90,-0.43,-39deg) goal_dist=4.32
[navigator-7] [INFO] [1790523628.592525739] [navigator]: GO_GOAL -> FOLLOW  pose=(-0.49,-0.18,31deg) goal_dist=3.84
[navigator-7] [INFO] [1790523628.745923047] [navigator]: FOLLOW -> FOLLOW_TURN  pose=(-0.48,-0.17,30deg) goal_dist=3.82
[navigator-7] [INFO] [1790523629.146035021] [navigator]: FOLLOW_TURN -> FOLLOW  pose=(-0.48,-0.17,30deg) goal_dist=3.82
[navigator-7] [INFO] [1790523629.546051280] [navigator]: FOLLOW -> FOLLOW_TURN  pose=(-0.46,-0.16,30deg) goal_dist=3.80
[navigator-7] [INFO] [1790523630.188631620] [navigator]: FOLLOW_TURN -> FOLLOW  pose=(-0.45,-0.16,34deg) goal_dist=3.80
[navigator-7] [INFO] [1790523630.545790994] [navigator]: FOLLOW -> FOLLOW_TURN  pose=(-0.43,-0.14,39deg) goal_dist=3.77
[navigator-7] [INFO] [1790523631.396583760] [navigator]: FOLLOW_TURN -> FOLLOW  pose=(-0.43,-0.14,60deg) goal_dist=3.77
[navigator-7] [INFO] [1790523640.808673232] [navigator]: FOLLOW -> FOLLOW_TURN  pose=(-0.24,0.66,-35deg) goal_dist=3.25
[navigator-7] [INFO] [1790523641.159914883] [navigator]: FOLLOW_TURN -> FOLLOW  pose=(-0.24,0.66,-42deg) goal_dist=3.25
[navigator-7] [INFO] [1790523642.027939704] [navigator]: FOLLOW -> FOLLOW_TURN  pose=(-0.21,0.62,-60deg) goal_dist=3.23
[navigator-7] [INFO] [1790523642.767836880] [navigator]: FOLLOW_TURN -> FOLLOW_ARC  pose=(-0.21,0.62,-65deg) goal_dist=3.23
[navigator-7] [INFO] [1790523643.610436827] [navigator]: FOLLOW_ARC -> FOLLOW_TURN  pose=(-0.18,0.56,-68deg) goal_dist=3.23
[navigator-7] [INFO] [1790523644.367721749] [navigator]: FOLLOW_TURN -> FOLLOW_ARC  pose=(-0.18,0.56,-63deg) goal_dist=3.23
[navigator-7] [INFO] [1790523644.816686193] [navigator]: FOLLOW_ARC -> FOLLOW  pose=(-0.16,0.54,-54deg) goal_dist=3.22
[navigator-7] [INFO] [1790523644.967535879] [navigator]: FOLLOW -> FOLLOW_TURN  pose=(-0.15,0.52,-54deg) goal_dist=3.22
[navigator-7] [INFO] [1790523646.210043842] [navigator]: FOLLOW_TURN -> FOLLOW  pose=(-0.15,0.52,-15deg) goal_dist=3.22
[navigator-7] [INFO] [1790523653.213952055] [navigator]: FOLLOW -> LEAVE  pose=(0.59,0.51,-72deg) goal_dist=2.56
[navigator-7] [INFO] [1790523653.269669679] [navigator]: LEAVE -> GO_GOAL  pose=(0.59,0.51,-73deg) goal_dist=2.56
[navigator-7] [INFO] [1790523657.614520903] [navigator]: GO_GOAL -> FOLLOW  pose=(0.91,0.77,31deg) goal_dist=2.15
[navigator-7] [INFO] [1790523657.769529870] [navigator]: FOLLOW -> FOLLOW_TURN  pose=(0.93,0.78,29deg) goal_dist=2.13
[navigator-7] [INFO] [1790523658.369621484] [navigator]: FOLLOW_TURN -> FOLLOW  pose=(0.93,0.78,36deg) goal_dist=2.13
[navigator-7] [INFO] [1790523668.030941272] [navigator]: FOLLOW -> FOLLOW_TURN  pose=(1.52,1.25,-86deg) goal_dist=1.40
[navigator-7] [INFO] [1790523668.376721831] [navigator]: FOLLOW_TURN -> FOLLOW  pose=(1.52,1.25,-93deg) goal_dist=1.40
[navigator-7] [INFO] [1790523668.976913978] [navigator]: FOLLOW -> FOLLOW_TURN  pose=(1.51,1.22,-106deg) goal_dist=1.41
[navigator-7] [INFO] [1790523669.827196287] [navigator]: FOLLOW_TURN -> FOLLOW_ARC  pose=(1.51,1.22,-118deg) goal_dist=1.41
[navigator-7] [INFO] [1790523670.176887949] [navigator]: FOLLOW_ARC -> FOLLOW_TURN  pose=(1.50,1.19,-118deg) goal_dist=1.44
[navigator-7] [INFO] [1790523670.776851319] [navigator]: FOLLOW_TURN -> FOLLOW_ARC  pose=(1.50,1.19,-114deg) goal_dist=1.44
[navigator-7] [INFO] [1790523671.423314462] [navigator]: FOLLOW_ARC -> FOLLOW_TURN  pose=(1.48,1.15,-109deg) goal_dist=1.47
[navigator-7] [INFO] [1790523672.176885933] [navigator]: FOLLOW_TURN -> FOLLOW_ARC  pose=(1.48,1.14,-99deg) goal_dist=1.47
[navigator-7] [INFO] [1790523672.376761200] [navigator]: FOLLOW_ARC -> FOLLOW  pose=(1.48,1.13,-92deg) goal_dist=1.48
[navigator-7] [INFO] [1790523672.634757379] [navigator]: FOLLOW -> FOLLOW_TURN  pose=(1.48,1.12,-88deg) goal_dist=1.48
[navigator-7] [INFO] [1790523673.376976825] [navigator]: FOLLOW_TURN -> FOLLOW  pose=(1.48,1.12,-57deg) goal_dist=1.49
[navigator-7] [INFO] [1790523673.827314619] [navigator]: FOLLOW -> LEAVE  pose=(1.51,1.09,-37deg) goal_dist=1.47
[navigator-7] [INFO] [1790523673.877326675] [navigator]: LEAVE -> GO_GOAL  pose=(1.51,1.09,-33deg) goal_dist=1.47
[navigator-7] [INFO] [1790523681.732550739] [navigator]: GO_GOAL -> REACHED  pose=(2.64,1.71,28deg) goal_dist=0.19
[trial_monitor-6] [INFO] [1790523682.041310255] [trial_monitor]: RESULT REACHED: success=False time=79.7s path=9.67m collisions=0 min_clear=0.082m goal_err=0.463m est_err=0.492m odom_err=5.138m rtf=0.998
[INFO] [trial_monitor-6]: process has finished cleanly [pid 32447]
[INFO] [navigator-7]: sending signal 'SIGINT' to process[navigator-7]
[INFO] [robot_state_publisher-5]: sending signal 'SIGINT' to process[robot_state_publisher-5]
[INFO] [parameter_bridge-4]: sending signal 'SIGINT' to process[parameter_bridge-4]
[INFO] [parameter_bridge-3]: sending signal 'SIGINT' to process[parameter_bridge-3]
[INFO] [gazebo-1]: sending signal 'SIGINT' to process[gazebo-1]
[robot_state_publisher-5] [INFO] [1790523682.258533238] [rclcpp]: signal_handler(SIGINT/SIGTERM)
[parameter_bridge-4] [INFO] [1790523682.261834513] [rclcpp]: signal_handler(SIGINT/SIGTERM)
[parameter_bridge-3] [INFO] [1790523682.264102781] [rclcpp]: signal_handler(SIGINT/SIGTERM)
[INFO] [parameter_bridge-4]: process has finished cleanly [pid 32445]
[INFO] [parameter_bridge-3]: process has finished cleanly [pid 32444]
[INFO] [robot_state_publisher-5]: process has finished cleanly [pid 32446]
[INFO] [navigator-7]: process has finished cleanly [pid 32594]
[ERROR] [gazebo-1]: process[gazebo-1] failed to terminate '5' seconds after receiving 'SIGINT', escalating to 'SIGTERM'
[INFO] [gazebo-1]: sending signal 'SIGTERM' to process[gazebo-1]
[ERROR] [gazebo-1]: process has died [pid 32441, exit code -15, cmd 'ruby /opt/ros/jazzy/opt/gz_tools_vendor/bin/gz sim -r -s -v1 /home/qms/ros_ws/install/tb3_nav_task/share/tb3_nav_task/worlds/open_field.sdf --force-version 8'].
[INFO] [launch]: process[gazebo-1] was required: shutting down launched system
