ros2 launch tb3_nav_task trial.launch.py world:=open_field strategy:=vfh gui:=false trial_id:=A_open_field_vfh_default_s3 plan:=A variant:=3 start_x:=-2.92 start_y:=-1.819 start_yaw:=0.266 nav_params:={} results_dir:=/home/qms/vm-share/task02/results timeout:=150.0 verbose:=1
[INFO] [launch]: All log files can be found below /home/qms/.ros/log/2026-09-28-04-37-29-156300-qms-31956
[INFO] [launch]: Default logging verbosity is set to INFO
urdf_file_name : turtlebot3_burger.urdf
[INFO] [gazebo-1]: process started with pid [31971]
[INFO] [create-2]: process started with pid [31972]
[INFO] [parameter_bridge-3]: process started with pid [31974]
[INFO] [parameter_bridge-4]: process started with pid [31975]
[INFO] [robot_state_publisher-5]: process started with pid [31976]
[INFO] [trial_monitor-6]: process started with pid [31977]
[create-2] [INFO] [1790523449.927054243] [ros_gz_sim]: Requesting list of world names.
[parameter_bridge-4] [INFO] [1790523449.950443224] [ground_truth_bridge]: Creating GZ->ROS Bridge: [/model/burger/pose (gz.msgs.Pose) -> /model/burger/pose (geometry_msgs/msg/PoseStamped)] (Lazy 0)
[robot_state_publisher-5] [INFO] [1790523449.972873690] [robot_state_publisher]: Robot initialized
[create-2] [INFO] [1790523450.521249125] [ros_gz_sim]: Entity creation successful.
[INFO] [create-2]: process has finished cleanly [pid 31972]
[trial_monitor-6] [INFO] [1790523450.758688890] [trial_monitor]: monitoring trial A_open_field_vfh_default_s3 in open_field, timeout 150 s sim
[parameter_bridge-3] [INFO] [1790523450.987330521] [tb3_bridge]: Creating GZ->ROS Bridge: [clock (gz.msgs.Clock) -> clock (rosgraph_msgs/msg/Clock)] (Lazy 0)
[parameter_bridge-3] [INFO] [1790523450.988849211] [tb3_bridge]: Creating GZ->ROS Bridge: [joint_states (gz.msgs.Model) -> joint_states (sensor_msgs/msg/JointState)] (Lazy 0)
[parameter_bridge-3] [INFO] [1790523450.991600544] [tb3_bridge]: Creating GZ->ROS Bridge: [odom (gz.msgs.Odometry) -> odom (nav_msgs/msg/Odometry)] (Lazy 0)
[parameter_bridge-3] [INFO] [1790523450.993037399] [tb3_bridge]: Creating GZ->ROS Bridge: [tf (gz.msgs.Pose_V) -> tf (tf2_msgs/msg/TFMessage)] (Lazy 0)
[parameter_bridge-3] [INFO] [1790523450.994114416] [tb3_bridge]: Creating ROS->GZ Bridge: [cmd_vel (geometry_msgs/msg/TwistStamped) -> cmd_vel (gz.msgs.Twist)] (Lazy 0)
[parameter_bridge-3] [INFO] [1790523450.995047596] [tb3_bridge]: Creating GZ->ROS Bridge: [imu (gz.msgs.IMU) -> imu (sensor_msgs/msg/Imu)] (Lazy 0)
[parameter_bridge-3] [INFO] [1790523450.995898734] [tb3_bridge]: Creating GZ->ROS Bridge: [scan (gz.msgs.LaserScan) -> scan (sensor_msgs/msg/LaserScan)] (Lazy 0)
[gazebo-1] [1;33mWarning [Utils.cc:132][0m [/sdf/model[@name="turtlebot3_burger"]/link[@name="base_scan"]/sensor[@name="hls_lfcd_lds"]/gz_frame_id:/tmp/tb3_nav_task_burger.sdf:L126]: XML Element[gz_frame_id], child of element[sensor], not defined in SDF. Copying[gz_frame_id] as children of [sensor].
[gazebo-1] libEGL warning: Not allowed to force software rendering when API explicitly selects a hardware device.
[INFO] [navigator-7]: process started with pid [32124]
[navigator-7] [INFO] [1790523453.830714544] [navigator]: navigator: strategy=vfh localization=odom_imu params={'v_max': 0.18, 'w_max': 1.5, 'safety': 0.12, 'lookahead': 1.0, 'bin_deg': 5.0, 'k_w': 2.0, 'w_goal': 1.0, 'w_turn': 0.25, 'w_prev': 0.25, 'slow_dist': 0.6, 'stop_dist': 0.1, 'goal_tol': 0.2} start=(-2.92, -1.819, 0.266) goal=(2.8, 1.8)
[navigator-7] [INFO] [1790523453.851430313] [navigator]: publishing TwistStamped on /cmd_vel
[parameter_bridge-3] [INFO] [1790523453.852412453] [tb3_bridge]: Passing message from ROS geometry_msgs/msg/TwistStamped to Gazebo gz.msgs.Twist (showing msg only once per type)
[navigator-7] [INFO] [1790523453.993979369] [navigator]: WAITING -> GO_GOAL  pose=(-2.92,-1.82,15deg) goal_dist=6.77
[trial_monitor-6] [INFO] [1790523454.010846496] [trial_monitor]: trial started (first active control cycle)
[navigator-7] [INFO] [1790523457.021733586] [navigator]: GO_GOAL -> AVOID  pose=(-2.47,-1.57,32deg) goal_dist=6.26
[navigator-7] [INFO] [1790523464.251361698] [navigator]: AVOID -> GO_GOAL  pose=(-1.68,-0.58,41deg) goal_dist=5.07
[navigator-7] [INFO] [1790523467.659229260] [navigator]: GO_GOAL -> AVOID  pose=(-1.15,-0.27,29deg) goal_dist=4.46
[navigator-7] [INFO] [1790523474.838633335] [navigator]: AVOID -> GO_GOAL  pose=(-0.31,0.66,49deg) goal_dist=3.31
[navigator-7] [INFO] [1790523477.525672502] [navigator]: GO_GOAL -> AVOID  pose=(0.12,0.86,21deg) goal_dist=2.84
[navigator-7] [INFO] [1790523484.326031920] [navigator]: AVOID -> GO_GOAL  pose=(1.16,1.49,26deg) goal_dist=1.67
[navigator-7] [INFO] [1790523493.463679069] [navigator]: GO_GOAL -> REACHED  pose=(2.62,1.78,11deg) goal_dist=0.19
[trial_monitor-6] [INFO] [1790523493.723902543] [trial_monitor]: RESULT REACHED: success=True time=38.7s path=6.83m collisions=0 min_clear=0.136m goal_err=0.203m est_err=0.021m odom_err=1.149m rtf=0.976
[INFO] [trial_monitor-6]: process has finished cleanly [pid 31977]
[INFO] [navigator-7]: sending signal 'SIGINT' to process[navigator-7]
[INFO] [robot_state_publisher-5]: sending signal 'SIGINT' to process[robot_state_publisher-5]
[INFO] [parameter_bridge-4]: sending signal 'SIGINT' to process[parameter_bridge-4]
[INFO] [parameter_bridge-3]: sending signal 'SIGINT' to process[parameter_bridge-3]
[INFO] [gazebo-1]: sending signal 'SIGINT' to process[gazebo-1]
[robot_state_publisher-5] [INFO] [1790523493.951928801] [rclcpp]: signal_handler(SIGINT/SIGTERM)
[parameter_bridge-4] [INFO] [1790523493.955405847] [rclcpp]: signal_handler(SIGINT/SIGTERM)
[parameter_bridge-3] [INFO] [1790523493.959539234] [rclcpp]: signal_handler(SIGINT/SIGTERM)
[INFO] [robot_state_publisher-5]: process has finished cleanly [pid 31976]
[INFO] [parameter_bridge-4]: process has finished cleanly [pid 31975]
[INFO] [parameter_bridge-3]: process has finished cleanly [pid 31974]
[INFO] [navigator-7]: process has finished cleanly [pid 32124]
[ERROR] [gazebo-1]: process[gazebo-1] failed to terminate '5' seconds after receiving 'SIGINT', escalating to 'SIGTERM'
[INFO] [gazebo-1]: sending signal 'SIGTERM' to process[gazebo-1]
[ERROR] [gazebo-1]: process has died [pid 31971, exit code -15, cmd 'ruby /opt/ros/jazzy/opt/gz_tools_vendor/bin/gz sim -r -s -v1 /home/qms/ros_ws/install/tb3_nav_task/share/tb3_nav_task/worlds/open_field.sdf --force-version 8'].
[INFO] [launch]: process[gazebo-1] was required: shutting down launched system
